09-30 09:40:54.532  1105  1120 W BroadcastQueue: Background execution not allowed: receiving Intent { act=android.intent.action.PACKAGE_ADDED dat=package:com.pcl.lpr flg=0x4000010 (has extras) } to com.lbe.parallel/com.virgo.ads.internal.track.business.AdInstallReceiver
09-30 09:40:54.532  1105  1120 W BroadcastQueue: Background execution not allowed: receiving Intent { act=android.intent.action.PACKAGE_ADDED dat=package:com.pcl.lpr flg=0x4000010 (has extras) } to com.lbe.parallel/com.virgo.ads.cpd.receiver.AppInstallReceiver
09-30 09:40:54.532  1105  1120 W BroadcastQueue: Background execution not allowed: receiving Intent { act=android.intent.action.PACKAGE_ADDED dat=package:com.pcl.lpr flg=0x4000010 (has extras) } to com.tencent.qqlive/com.huawei.android.pushagent.PushEventReceiver
09-30 09:40:54.533  1105  1120 W BroadcastQueue: Background execution not allowed: receiving Intent { act=android.intent.action.PACKAGE_ADDED dat=package:com.pcl.lpr flg=0x4000010 (has extras) } to com.tencent.qqlive/.module.push.PushKeepAliveReceiver
09-30 09:40:54.533  1105  1120 W BroadcastQueue: Background execution not allowed: receiving Intent { act=android.intent.action.PACKAGE_REPLACED dat=package:com.pcl.lpr flg=0x4000010 (has extras) } to com.cleanmaster.mguard_cn/com.cm.softmgrplugin.market.AndroidDaemon.boardcast.CAppEventReceiver
09-30 09:40:54.533  1105  1120 W BroadcastQueue: Background execution not allowed: receiving Intent { act=android.intent.action.PACKAGE_REPLACED dat=package:com.pcl.lpr flg=0x4000010 (has extras) } to com.miui.audioeffect/com.android.musicfx.Compatibility$Receiver
09-30 09:40:54.570  1105  1122 D Boost   : hostingType=broadcast, hostingName=com.miui.cloudservice/.finddevice.FindDeviceGuideNotificationReceiver, callerPackage=com.xiaomi.finddevice, isSystem=true, isBoostNeeded=false.
09-30 09:40:54.579  1105  1122 I ActivityManager: Start proc 9768:com.miui.cloudservice/u0a46 for broadcast com.miui.cloudservice/.finddevice.FindDeviceGuideNotificationReceiver caller=com.xiaomi.finddevice
09-30 09:40:54.800  1105  1428 W WakePathChecker: MIUILOG-WAKEPATH: call was rejected by wakepath. userId= 0 caller= com.android.email callee= cn.wps.moffice_eng classname=cn.wps.moffice.service.MOfficeSyncService action=cn.wps.moffice.service.schedule wakeType=8
09-30 09:40:54.956  1105  1428 I ActivityManager: Killing 8732:com.android.providers.calendar/u0a27 (adj 906): empty #17
09-30 09:40:55.098  1105  1122 D Boost   : hostingType=service, hostingName=com.xiaomi.simactivate.service/com.xiaomi.activate.ActivateService, callerPackage=com.miui.cloudservice, isSystem=true, isBoostNeeded=false.
09-30 09:40:55.100  1105  1122 I ActivityManager: Start proc 9799:com.xiaomi.simactivate.service/u0a63 for service com.xiaomi.simactivate.service/com.xiaomi.activate.ActivateService caller=com.miui.cloudservice
09-30 09:40:55.124  1278  1669 D FlashlightController: TorchCallback: onTorchModeChanged: enabled: false
09-30 09:40:55.222  1105  1122 D Boost   : hostingType=broadcast, hostingName=com.miui.miservice/com.xiaomi.push.service.receivers.NetworkStatusReceiver, callerPackage=com.miui.powerkeeper, isSystem=true, isBoostNeeded=false.
09-30 09:40:55.224  1105  1122 I ActivityManager: Start proc 9823:com.miui.miservice/u0a167 for broadcast com.miui.miservice/com.xiaomi.push.service.receivers.NetworkStatusReceiver caller=com.miui.powerkeeper
09-30 09:40:55.463  1105  3033 I ActivityManager: Killing 8700:com.miui.video/u0a15 (adj 906): empty #17
09-30 09:40:55.484  1105  1122 D Boost   : hostingType=broadcast, hostingName=com.mi.health/com.xiaomi.push.service.receivers.NetworkStatusReceiver, callerPackage=com.miui.powerkeeper, isSystem=true, isBoostNeeded=false.
09-30 09:40:55.486  1105  1122 I ActivityManager: Start proc 9852:com.mi.health/u0a178 for broadcast com.mi.health/com.xiaomi.push.service.receivers.NetworkStatusReceiver caller=com.miui.powerkeeper
09-30 09:40:55.626  1105  1121 V WindowOrientationListener: Proposed rotation changed!  proposedRotation=0, oldProposedRotation=-1
09-30 09:40:55.664  1105  3720 D MtkConnectivityService: Returning UNBLOCKED NetworkInfo to uid=10167
09-30 09:40:55.678  1105  2264 W ActivityManager: Background start not allowed: service Intent { cmp=com.miui.miservice/com.xiaomi.mipush.sdk.PushMessageHandler } to com.miui.miservice/com.xiaomi.mipush.sdk.PushMessageHandler from pid=9823 uid=10167 pkg=com.miui.miservice startFg?=false
09-30 09:40:55.773  1105  2264 W ActivityManager: Background start not allowed: service Intent { cmp=com.miui.miservice/com.xiaomi.mipush.sdk.MessageHandleService } to com.miui.miservice/com.xiaomi.mipush.sdk.MessageHandleService from pid=9823 uid=10167 pkg=com.miui.miservice startFg?=false
09-30 09:40:55.897  1105  3721 W BroadcastQueueInjector: Unable to launch app com.baidu.homework/10281 for broadcast Intent { act=android.net.conn.CONNECTIVITY_CHANGE flg=0x10 pkg=com.baidu.homework (has extras) }: process is not permitted to  auto start
09-30 09:40:55.902  1105  3721 I ActivityManager: Killing 8950:com.miui.personalassistant/u0a20 (adj 906): empty #17
09-30 09:40:55.906  1105  1120 W BroadcastQueueInjector: Unable to launch app com.baidu.homework/10281 for broadcast Intent { act=android.net.conn.CONNECTIVITY_CHANGE flg=0x10 pkg=com.baidu.homework (has extras) }: process is not permitted to  auto start
09-30 09:40:55.907  1105  1120 W BroadcastQueueInjector: Unable to launch app com.baidu.homework/10281 for broadcast Intent { act=android.net.conn.CONNECTIVITY_CHANGE flg=0x10 pkg=com.baidu.homework (has extras) }: process is not permitted to  auto start
09-30 09:40:55.930  1105  1122 D Boost   : hostingType=broadcast, hostingName=com.android.providers.calendar/.CalendarProviderBroadcastReceiver, callerPackage=com.android.providers.calendar, isSystem=true, isBoostNeeded=false.
09-30 09:40:55.933  1105  1122 I ActivityManager: Start proc 9916:com.android.providers.calendar/u0a27 for broadcast com.android.providers.calendar/.CalendarProviderBroadcastReceiver caller=com.android.providers.calendar
09-30 09:40:55.963  1105  3721 I ActivityManager: Killing 9024:com.xiaomi.gamecenter.sdk.service/u0a25 (adj 906): empty #17
09-30 09:40:56.091  1105  1105 I NotificationService: Cannot find enqueued record for key: 0|com.xiaomi.simactivate.service|1001|null|10063
09-30 09:40:56.294  1105  3723 W ActivityManager: Background start not allowed: service Intent { cmp=com.mi.health/com.xiaomi.mipush.sdk.PushMessageHandler } to com.mi.health/com.xiaomi.mipush.sdk.PushMessageHandler from pid=9852 uid=10178 pkg=com.mi.health startFg?=false
09-30 09:40:56.319  1105  3726 I ActivityManager: Killing 9086:com.android.camera/u0a0 (adj 906): empty #17
09-30 09:40:56.422  1105  1606 W ActivityManager: Background start not allowed: service Intent { cmp=com.mi.health/com.xiaomi.mipush.sdk.PushMessageHandler } to com.mi.health/com.xiaomi.mipush.sdk.PushMessageHandler from pid=9852 uid=10178 pkg=com.mi.health startFg?=false
09-30 09:40:56.447  1105  3726 W ActivityManager: Background start not allowed: service Intent { cmp=com.mi.health/com.xiaomi.mipush.sdk.MessageHandleService } to com.mi.health/com.xiaomi.mipush.sdk.MessageHandleService from pid=9852 uid=10178 pkg=com.mi.health startFg?=false
09-30 09:40:56.451  1105  1606 W ActivityManager: Background start not allowed: service Intent { cmp=com.mi.health/com.xiaomi.mipush.sdk.MessageHandleService } to com.mi.health/com.xiaomi.mipush.sdk.MessageHandleService from pid=9852 uid=10178 pkg=com.mi.health startFg?=false
09-30 09:40:56.497  1105  1122 D Boost   : hostingType=broadcast, hostingName=com.android.mms/.update.MmsPushMessageReceiver, callerPackage=com.xiaomi.xmsf, isSystem=true, isBoostNeeded=false.
09-30 09:40:56.499  1105  1122 I ActivityManager: Start proc 9984:com.android.mms/u0a6 for broadcast com.android.mms/.update.MmsPushMessageReceiver caller=com.xiaomi.xmsf
09-30 09:40:56.682  1105  1105 V SettingsProvider: Notifying for 0: content://settings/system/next_alarm_formatted
09-30 09:40:56.705  1105  2265 I ActivityManager: Killing 9054:com.xiaomi.account:accountservice/u0a44 (adj 906): empty #17
09-30 09:40:57.260  1105  1120 V ActivityManager: Attempted to start a foreground service (ComponentInfo{com.android.mms/com.xiaomi.mms.transaction.MxActivateService}) with a broken notification (no icon: Notification(channel=Mms_Default pri=0 contentView=null vibrate=null sound=null defaults=0x0 flags=0x40 color=0x00000000 vis=PRIVATE))
09-30 09:40:57.373  1105  1105 I NotificationService: Cannot find enqueued record for key: 0|com.android.mms|114|null|10006
09-30 09:40:57.567  1105  2265 W BroadcastQueue: Background execution not allowed: receiving Intent { act=android.intent.action.PACKAGE_REMOVED dat=package:com.pcl.lpr flg=0x4000010 (has extras) } to com.lbe.security.miui/com.lbe.security.service.BootReceiver
09-30 09:40:57.570  1105  1120 W BroadcastQueue: Background execution not allowed: receiving Intent { act=android.intent.action.PACKAGE_REMOVED dat=package:com.pcl.lpr flg=0x4000010 (has extras) } to com.cleanmaster.mguard_cn/com.cm.softmgrplugin.market.AndroidDaemon.boardcast.CAppEventReceiver
09-30 09:40:57.575  1105  1120 W BroadcastQueue: Background execution not allowed: receiving Intent { act=android.intent.action.PACKAGE_REMOVED dat=package:com.pcl.lpr flg=0x4000010 (has extras) } to com.android.providers.downloads/.receiver.ApplicationInstallReceiver
09-30 09:40:57.575  1105  1120 W BroadcastQueue: Background execution not allowed: receiving Intent { act=android.intent.action.PACKAGE_REMOVED dat=package:com.pcl.lpr flg=0x4000010 (has extras) } to com.android.settings/.search.provider.UpdateReceiver
09-30 09:40:57.576  1105  1120 W BroadcastQueue: Background execution not allowed: receiving Intent { act=android.intent.action.PACKAGE_REMOVED dat=package:com.pcl.lpr flg=0x4000010 (has extras) } to com.miui.audioeffect/com.android.musicfx.Compatibility$Receiver
09-30 09:40:57.576  1105  1120 W BroadcastQueue: Background execution not allowed: receiving Intent { act=android.intent.action.PACKAGE_REMOVED dat=package:com.pcl.lpr flg=0x4000010 (has extras) } to com.xiaomi.market/.data.MyPackageMonitor
09-30 09:40:57.577  1105  1120 W BroadcastQueue: Background execution not allowed: receiving Intent { act=android.intent.action.PACKAGE_REMOVED dat=package:com.pcl.lpr flg=0x4000010 (has extras) } to com.xiaomi.misettings/.usagestats.AppTimerReceiver
09-30 09:40:57.577  1105  1120 W BroadcastQueue: Background execution not allowed: receiving Intent { act=android.intent.action.PACKAGE_REMOVED dat=package:com.pcl.lpr flg=0x4000010 (has extras) } to com.xiaomi.providers.appindex/.PackageChangeReceiver
09-30 09:40:57.578  1105  1120 W BroadcastQueue: Background execution not allowed: receiving Intent { act=android.intent.action.PACKAGE_REMOVED dat=package:com.pcl.lpr flg=0x4000010 (has extras) } to com.xiaomi.xmsf/com.xiaomi.push.service.receivers.PkgUninstallReceiver
09-30 09:40:57.582  1105  1120 W BroadcastQueue: Background execution not allowed: receiving Intent { act=android.intent.action.PACKAGE_REMOVED dat=package:com.pcl.lpr flg=0x4000010 (has extras) } to com.cleanmaster.mguard_cn/com.cleanmaster.ui.game.leftstone.sdk_evasion.InstallMonitorReceiver
09-30 09:40:57.582  1105  1120 W BroadcastQueue: Background execution not allowed: receiving Intent { act=android.intent.action.PACKAGE_REMOVED dat=package:com.pcl.lpr flg=0x4000010 (has extras) } to com.cleanmaster.mguard_cn/com.ijinshan.cleaner.receiver.UninstallBroadcastReceiver
09-30 09:40:57.582  1105  1120 W BroadcastQueue: Background execution not allowed: receiving Intent { act=android.intent.action.PACKAGE_REMOVED dat=package:com.pcl.lpr flg=0x4000010 (has extras) } to com.cleanmaster.mguard_cn/com.cmcm.security.security.scan.InstallMonitorReceiver
09-30 09:40:57.583  1105  1120 W BroadcastQueue: Background execution not allowed: receiving Intent { act=android.intent.action.PACKAGE_REMOVED dat=package:com.pcl.lpr flg=0x4000010 (has extras) } to com.cleanmaster.mguard_cn/cn.jpush.android.service.PushReceiver
09-30 09:40:57.584  1105  1120 W BroadcastQueue: Background execution not allowed: receiving Intent { act=android.intent.action.PACKAGE_REMOVED dat=package:com.pcl.lpr flg=0x4000010 (has extras) } to com.lbe.parallel/.receiver.PackageInstallReceiver
09-30 09:40:57.584  1105  1120 W BroadcastQueue: Background execution not allowed: receiving Intent { act=android.intent.action.PACKAGE_REMOVED dat=package:com.pcl.lpr flg=0x4000010 (has extras) } to com.tencent.qqlive/com.huawei.android.pushagent.PushEventReceiver
09-30 09:40:57.585  1105  1120 W BroadcastQueue: Background execution not allowed: receiving Intent { act=android.intent.action.PACKAGE_REMOVED dat=package:com.pcl.lpr flg=0x4000010 (has extras) } to com.tencent.qqlive/.module.push.PushKeepAliveReceiver
09-30 09:40:57.591  1105  1120 W BroadcastQueue: Background execution not allowed: receiving Intent { act=android.intent.action.PACKAGE_ADDED dat=package:com.pcl.lpr flg=0x4000010 (has extras) } to com.lbe.security.miui/com.lbe.security.service.BootReceiver
09-30 09:40:57.592  1105  1120 W BroadcastQueue: Background execution not allowed: receiving Intent { act=android.intent.action.PACKAGE_ADDED dat=package:com.pcl.lpr flg=0x4000010 (has extras) } to com.cleanmaster.mguard_cn/com.cm.softmgrplugin.market.AndroidDaemon.boardcast.CAppEventReceiver
09-30 09:40:57.592  1105  1120 W BroadcastQueue: Background execution not allowed: receiving Intent { act=android.intent.action.PACKAGE_ADDED dat=package:com.pcl.lpr flg=0x4000010 (has extras) } to com.android.providers.downloads/.receiver.ApplicationInstallReceiver
09-30 09:40:57.592  1105  1120 W BroadcastQueue: Background execution not allowed: receiving Intent { act=android.intent.action.PACKAGE_ADDED dat=package:com.pcl.lpr flg=0x4000010 (has extras) } to com.android.settings/.search.provider.UpdateReceiver
09-30 09:40:57.593  1105  1120 W BroadcastQueue: Background execution not allowed: receiving Intent { act=android.intent.action.PACKAGE_ADDED dat=package:com.pcl.lpr flg=0x4000010 (has extras) } to com.miui.audioeffect/com.android.musicfx.Compatibility$Receiver
09-30 09:40:57.594  1105  1120 W BroadcastQueue: Background execution not allowed: receiving Intent { act=android.intent.action.PACKAGE_ADDED dat=package:com.pcl.lpr flg=0x4000010 (has extras) } to com.sohu.inputmethod.sogou.xiaomi/com.sohu.inputmethod.flx.dynamic.tools.download.InstallFinishReceiver
09-30 09:40:57.594  1105  1120 W BroadcastQueue: Background execution not allowed: receiving Intent { act=android.intent.action.PACKAGE_ADDED dat=package:com.pcl.lpr flg=0x4000010 (has extras) } to com.xiaomi.market/.data.MyPackageMonitor
09-30 09:40:57.595  1105  1120 W BroadcastQueue: Background execution not allowed: receiving Intent { act=android.intent.action.PACKAGE_ADDED dat=package:com.pcl.lpr flg=0x4000010 (has extras) } to com.xiaomi.misettings/.usagestats.AppTimerReceiver
09-30 09:40:57.600  1105  1120 W BroadcastQueue: Background execution not allowed: receiving Intent { act=android.intent.action.PACKAGE_ADDED dat=package:com.pcl.lpr flg=0x4000010 (has extras) } to com.xiaomi.providers.appindex/.PackageChangeReceiver
09-30 09:40:57.603  1105  1120 W BroadcastQueue: Background execution not allowed: receiving Intent { act=android.intent.action.PACKAGE_ADDED dat=package:com.pcl.lpr flg=0x4000010 (has extras) } to com.baidu.homework/com.baidu.aiupdatesdk.receiver.BDBroadcastReceiver
09-30 09:40:57.603  1105  1120 W BroadcastQueue: Background execution not allowed: receiving Intent { act=android.intent.action.PACKAGE_ADDED dat=package:com.pcl.lpr flg=0x4000010 (has extras) } to com.cleanmaster.mguard_cn/com.cleanmaster.ui.game.leftstone.sdk_evasion.InstallMonitorReceiver
09-30 09:40:57.603  1105  1120 W BroadcastQueue: Background execution not allowed: receiving Intent { act=android.intent.action.PACKAGE_ADDED dat=package:com.pcl.lpr flg=0x4000010 (has extras) } to com.cleanmaster.mguard_cn/com.ijinshan.cleaner.receiver.UninstallBroadcastReceiver
09-30 09:40:57.604  1105  1120 W BroadcastQueue: Background execution not allowed: receiving Intent { act=android.intent.action.PACKAGE_ADDED dat=package:com.pcl.lpr flg=0x4000010 (has extras) } to com.cleanmaster.mguard_cn/com.cmcm.security.security.scan.InstallMonitorReceiver
09-30 09:40:57.604  1105  1120 W BroadcastQueue: Background execution not allowed: receiving Intent { act=android.intent.action.PACKAGE_ADDED dat=package:com.pcl.lpr flg=0x4000010 (has extras) } to com.cleanmaster.mguard_cn/cn.jpush.android.service.PushReceiver
09-30 09:40:57.604  1105  1120 W BroadcastQueue: Background execution not allowed: receiving Intent { act=android.intent.action.PACKAGE_ADDED dat=package:com.pcl.lpr flg=0x4000010 (has extras) } to com.lbe.parallel/.receiver.PackageInstallReceiver
09-30 09:40:57.605  1105  1120 W BroadcastQueue: Background execution not allowed: receiving Intent { act=android.intent.action.PACKAGE_ADDED dat=package:com.pcl.lpr flg=0x4000010 (has extras) } to com.lbe.parallel/com.virgo.ads.internal.track.business.AdInstallReceiver
09-30 09:40:57.605  1105  1120 W BroadcastQueue: Background execution not allowed: receiving Intent { act=android.intent.action.PACKAGE_ADDED dat=package:com.pcl.lpr flg=0x4000010 (has extras) } to com.lbe.parallel/com.virgo.ads.cpd.receiver.AppInstallReceiver
09-30 09:40:57.606  1105  1120 W BroadcastQueue: Background execution not allowed: receiving Intent { act=android.intent.action.PACKAGE_ADDED dat=package:com.pcl.lpr flg=0x4000010 (has extras) } to com.tencent.qqlive/com.huawei.android.pushagent.PushEventReceiver
09-30 09:40:57.606  1105  1120 W BroadcastQueue: Background execution not allowed: receiving Intent { act=android.intent.action.PACKAGE_ADDED dat=package:com.pcl.lpr flg=0x4000010 (has extras) } to com.tencent.qqlive/.module.push.PushKeepAliveReceiver
09-30 09:40:57.606  1105  1120 W BroadcastQueue: Background execution not allowed: receiving Intent { act=android.intent.action.PACKAGE_REPLACED dat=package:com.pcl.lpr flg=0x4000010 (has extras) } to com.cleanmaster.mguard_cn/com.cm.softmgrplugin.market.AndroidDaemon.boardcast.CAppEventReceiver
09-30 09:40:57.606  1105  1120 W BroadcastQueue: Background execution not allowed: receiving Intent { act=android.intent.action.PACKAGE_REPLACED dat=package:com.pcl.lpr flg=0x4000010 (has extras) } to com.miui.audioeffect/com.android.musicfx.Compatibility$Receiver
09-30 09:40:57.672  1105  1122 D Boost   : hostingType=broadcast, hostingName=com.miui.micloudsync/.push.PushServiceStartedReceiver, callerPackage=com.xiaomi.xmsf, isSystem=true, isBoostNeeded=false.
09-30 09:40:57.691  1105  1122 I ActivityManager: Start proc 10041:com.miui.micloudsync/u0a46 for broadcast com.miui.micloudsync/.push.PushServiceStartedReceiver caller=com.xiaomi.xmsf
09-30 09:40:57.723  1105  1105 I NotificationService: Cannot find enqueued record for key: 0|com.xiaomi.simactivate.service|1001|null|10063
09-30 09:40:57.825  1105  1105 I NotificationService: Cannot find enqueued record for key: 0|com.xiaomi.simactivate.service|1001|null|10063
09-30 09:40:58.063  1105  3033 W BroadcastQueue: Permission Denial: broadcasting Intent { act=com.xiaomi.push.service_started flg=0x10 } from com.xiaomi.xmsf (pid=2606, uid=10087) is not exported from uid 10142 due to receiver com.cleanmaster.mguard_cn/com.cleanmaster.daemon.foreServiceforlive.receiver.WakeReceiver
09-30 09:40:58.079  1105  3033 W BroadcastQueueInjector: Unable to launch app com.xiaomi.account/10044 for broadcast Intent { act=com.xiaomi.action.MICLOUD_SIM_STATE_CHANGED flg=0x10 (has extras) }: process is not permitted to  auto start
09-30 09:40:58.114  1105  1606 W BroadcastQueueInjector: Unable to launch app com.xiaomi.account/10044 for broadcast Intent { act=com.xiaomi.action.MICLOUD_SIM_STATE_CHANGED flg=0x10 (has extras) }: process is not permitted to  auto start
09-30 09:40:58.159  1105  2265 W BroadcastQueue: Background execution not allowed: receiving Intent { act=android.intent.action.PACKAGE_REMOVED dat=package:com.pcl.lpr flg=0x4000010 (has extras) } to com.lbe.security.miui/com.lbe.security.service.BootReceiver
09-30 09:40:58.162  1105  1120 W BroadcastQueue: Background execution not allowed: receiving Intent { act=android.intent.action.PACKAGE_REMOVED dat=package:com.pcl.lpr flg=0x4000010 (has extras) } to com.cleanmaster.mguard_cn/com.cm.softmgrplugin.market.AndroidDaemon.boardcast.CAppEventReceiver
09-30 09:40:58.163  1105  1120 W BroadcastQueue: Background execution not allowed: receiving Intent { act=android.intent.action.PACKAGE_REMOVED dat=package:com.pcl.lpr flg=0x4000010 (has extras) } to com.android.providers.downloads/.receiver.ApplicationInstallReceiver
09-30 09:40:58.163  1105  1120 W BroadcastQueue: Background execution not allowed: receiving Intent { act=android.intent.action.PACKAGE_REMOVED dat=package:com.pcl.lpr flg=0x4000010 (has extras) } to com.android.settings/.search.provider.UpdateReceiver
09-30 09:40:58.163  1105  1120 W BroadcastQueue: Background execution not allowed: receiving Intent { act=android.intent.action.PACKAGE_REMOVED dat=package:com.pcl.lpr flg=0x4000010 (has extras) } to com.miui.audioeffect/com.android.musicfx.Compatibility$Receiver
09-30 09:40:58.163  1105  1120 W BroadcastQueue: Background execution not allowed: receiving Intent { act=android.intent.action.PACKAGE_REMOVED dat=package:com.pcl.lpr flg=0x4000010 (has extras) } to com.xiaomi.market/.data.MyPackageMonitor
09-30 09:40:58.164  1105  1120 W BroadcastQueue: Background execution not allowed: receiving Intent { act=android.intent.action.PACKAGE_REMOVED dat=package:com.pcl.lpr flg=0x4000010 (has extras) } to com.xiaomi.misettings/.usagestats.AppTimerReceiver
09-30 09:40:58.164  1105  1120 W BroadcastQueue: Background execution not allowed: receiving Intent { act=android.intent.action.PACKAGE_REMOVED dat=package:com.pcl.lpr flg=0x4000010 (has extras) } to com.xiaomi.providers.appindex/.PackageChangeReceiver
09-30 09:40:58.165  1105  1120 W BroadcastQueue: Background execution not allowed: receiving Intent { act=android.intent.action.PACKAGE_REMOVED dat=package:com.pcl.lpr flg=0x4000010 (has extras) } to com.xiaomi.xmsf/com.xiaomi.push.service.receivers.PkgUninstallReceiver
09-30 09:40:58.165  1105  1120 W BroadcastQueue: Background execution not allowed: receiving Intent { act=android.intent.action.PACKAGE_REMOVED dat=package:com.pcl.lpr flg=0x4000010 (has extras) } to com.cleanmaster.mguard_cn/com.cleanmaster.ui.game.leftstone.sdk_evasion.InstallMonitorReceiver
09-30 09:40:58.165  1105  1120 W BroadcastQueue: Background execution not allowed: receiving Intent { act=android.intent.action.PACKAGE_REMOVED dat=package:com.pcl.lpr flg=0x4000010 (has extras) } to com.cleanmaster.mguard_cn/com.ijinshan.cleaner.receiver.UninstallBroadcastReceiver
09-30 09:40:58.175  1105  1120 W BroadcastQueue: Background execution not allowed: receiving Intent { act=android.intent.action.PACKAGE_REMOVED dat=package:com.pcl.lpr flg=0x4000010 (has extras) } to com.cleanmaster.mguard_cn/com.cmcm.security.security.scan.InstallMonitorReceiver
09-30 09:40:58.180  1105  1120 W BroadcastQueue: Background execution not allowed: receiving Intent { act=android.intent.action.PACKAGE_REMOVED dat=package:com.pcl.lpr flg=0x4000010 (has extras) } to com.cleanmaster.mguard_cn/cn.jpush.android.service.PushReceiver
09-30 09:40:58.187  1105  1120 W BroadcastQueue: Background execution not allowed: receiving Intent { act=android.intent.action.PACKAGE_REMOVED dat=package:com.pcl.lpr flg=0x4000010 (has extras) } to com.lbe.parallel/.receiver.PackageInstallReceiver
09-30 09:40:58.188  1105  1120 W BroadcastQueue: Background execution not allowed: receiving Intent { act=android.intent.action.PACKAGE_REMOVED dat=package:com.pcl.lpr flg=0x4000010 (has extras) } to com.tencent.qqlive/com.huawei.android.pushagent.PushEventReceiver
09-30 09:40:58.188  1105  1120 W BroadcastQueue: Background execution not allowed: receiving Intent { act=android.intent.action.PACKAGE_REMOVED dat=package:com.pcl.lpr flg=0x4000010 (has extras) } to com.tencent.qqlive/.module.push.PushKeepAliveReceiver
09-30 09:40:58.189  1105  1120 W BroadcastQueue: Background execution not allowed: receiving Intent { act=android.intent.action.PACKAGE_ADDED dat=package:com.pcl.lpr flg=0x4000010 (has extras) } to com.lbe.security.miui/com.lbe.security.service.BootReceiver
09-30 09:40:58.189  1105  1120 W BroadcastQueue: Background execution not allowed: receiving Intent { act=android.intent.action.PACKAGE_ADDED dat=package:com.pcl.lpr flg=0x4000010 (has extras) } to com.cleanmaster.mguard_cn/com.cm.softmgrplugin.market.AndroidDaemon.boardcast.CAppEventReceiver
09-30 09:40:58.189  1105  1120 W BroadcastQueue: Background execution not allowed: receiving Intent { act=android.intent.action.PACKAGE_ADDED dat=package:com.pcl.lpr flg=0x4000010 (has extras) } to com.android.providers.downloads/.receiver.ApplicationInstallReceiver
09-30 09:40:58.189  1105  1120 W BroadcastQueue: Background execution not allowed: receiving Intent { act=android.intent.action.PACKAGE_ADDED dat=package:com.pcl.lpr flg=0x4000010 (has extras) } to com.android.settings/.search.provider.UpdateReceiver
09-30 09:40:58.190  1105  1120 W BroadcastQueue: Background execution not allowed: receiving Intent { act=android.intent.action.PACKAGE_ADDED dat=package:com.pcl.lpr flg=0x4000010 (has extras) } to com.miui.audioeffect/com.android.musicfx.Compatibility$Receiver
09-30 09:40:58.190  1105  1120 W BroadcastQueue: Background execution not allowed: receiving Intent { act=android.intent.action.PACKAGE_ADDED dat=package:com.pcl.lpr flg=0x4000010 (has extras) } to com.sohu.inputmethod.sogou.xiaomi/com.sohu.inputmethod.flx.dynamic.tools.download.InstallFinishReceiver
09-30 09:40:58.191  1105  1120 W BroadcastQueue: Background execution not allowed: receiving Intent { act=android.intent.action.PACKAGE_ADDED dat=package:com.pcl.lpr flg=0x4000010 (has extras) } to com.xiaomi.market/.data.MyPackageMonitor
09-30 09:40:58.192  1105  1120 W BroadcastQueue: Background execution not allowed: receiving Intent { act=android.intent.action.PACKAGE_ADDED dat=package:com.pcl.lpr flg=0x4000010 (has extras) } to com.xiaomi.misettings/.usagestats.AppTimerReceiver
09-30 09:40:58.192  1105  1120 W BroadcastQueue: Background execution not allowed: receiving Intent { act=android.intent.action.PACKAGE_ADDED dat=package:com.pcl.lpr flg=0x4000010 (has extras) } to com.xiaomi.providers.appindex/.PackageChangeReceiver
09-30 09:40:58.192  1105  1120 W BroadcastQueue: Background execution not allowed: receiving Intent { act=android.intent.action.PACKAGE_ADDED dat=package:com.pcl.lpr flg=0x4000010 (has extras) } to com.baidu.homework/com.baidu.aiupdatesdk.receiver.BDBroadcastReceiver
09-30 09:40:58.193  1105  1120 W BroadcastQueue: Background execution not allowed: receiving Intent { act=android.intent.action.PACKAGE_ADDED dat=package:com.pcl.lpr flg=0x4000010 (has extras) } to com.cleanmaster.mguard_cn/com.cleanmaster.ui.game.leftstone.sdk_evasion.InstallMonitorReceiver
09-30 09:40:58.193  1105  1120 W BroadcastQueue: Background execution not allowed: receiving Intent { act=android.intent.action.PACKAGE_ADDED dat=package:com.pcl.lpr flg=0x4000010 (has extras) } to com.cleanmaster.mguard_cn/com.ijinshan.cleaner.receiver.UninstallBroadcastReceiver
09-30 09:40:58.193  1105  1120 W BroadcastQueue: Background execution not allowed: receiving Intent { act=android.intent.action.PACKAGE_ADDED dat=package:com.pcl.lpr flg=0x4000010 (has extras) } to com.cleanmaster.mguard_cn/com.cmcm.security.security.scan.InstallMonitorReceiver
09-30 09:40:58.199  1105  1120 W BroadcastQueue: Background execution not allowed: receiving Intent { act=android.intent.action.PACKAGE_ADDED dat=package:com.pcl.lpr flg=0x4000010 (has extras) } to com.cleanmaster.mguard_cn/cn.jpush.android.service.PushReceiver
09-30 09:40:58.210  1105  1120 W BroadcastQueue: Background execution not allowed: receiving Intent { act=android.intent.action.PACKAGE_ADDED dat=package:com.pcl.lpr flg=0x4000010 (has extras) } to com.lbe.parallel/.receiver.PackageInstallReceiver
09-30 09:40:58.210  1105  1120 W BroadcastQueue: Background execution not allowed: receiving Intent { act=android.intent.action.PACKAGE_ADDED dat=package:com.pcl.lpr flg=0x4000010 (has extras) } to com.lbe.parallel/com.virgo.ads.internal.track.business.AdInstallReceiver
09-30 09:40:58.220  1105  1120 W BroadcastQueue: Background execution not allowed: receiving Intent { act=android.intent.action.PACKAGE_ADDED dat=package:com.pcl.lpr flg=0x4000010 (has extras) } to com.lbe.parallel/com.virgo.ads.cpd.receiver.AppInstallReceiver
09-30 09:40:58.220  1105  1120 W BroadcastQueue: Background execution not allowed: receiving Intent { act=android.intent.action.PACKAGE_ADDED dat=package:com.pcl.lpr flg=0x4000010 (has extras) } to com.tencent.qqlive/com.huawei.android.pushagent.PushEventReceiver
09-30 09:40:58.221  1105  1120 W BroadcastQueue: Background execution not allowed: receiving Intent { act=android.intent.action.PACKAGE_ADDED dat=package:com.pcl.lpr flg=0x4000010 (has extras) } to com.tencent.qqlive/.module.push.PushKeepAliveReceiver
09-30 09:40:58.231  1105  2265 W BroadcastQueue: Background execution not allowed: receiving Intent { act=android.intent.action.PACKAGE_REPLACED dat=package:com.pcl.lpr flg=0x4000010 (has extras) } to com.cleanmaster.mguard_cn/com.cm.softmgrplugin.market.AndroidDaemon.boardcast.CAppEventReceiver
09-30 09:40:58.235  1105  1120 W BroadcastQueue: Background execution not allowed: receiving Intent { act=android.intent.action.PACKAGE_REPLACED dat=package:com.pcl.lpr flg=0x4000010 (has extras) } to com.miui.audioeffect/com.android.musicfx.Compatibility$Receiver
09-30 09:40:58.306  1105  1105 I NotificationService: Cannot find enqueued record for key: 0|com.xiaomi.simactivate.service|1001|null|10063
09-30 09:40:58.341  1105  1120 V ActivityManager: Attempted to start a foreground service (ComponentInfo{com.android.mms/com.xiaomi.mms.transaction.MxActivateService}) with a broken notification (no icon: Notification(channel=Mms_Default pri=0 contentView=null vibrate=null sound=null defaults=0x0 flags=0x40 color=0x00000000 vis=PRIVATE))
09-30 09:40:58.383  1105  1122 D Boost   : hostingType=FastRestart, hostingName=null, callerPackage=system, isSystem=true, isBoostNeeded=false.
09-30 09:40:58.391  1105  1122 I ActivityManager: Start proc 10072:com.android.camera/u0a0 for FastRestart caller=system
09-30 09:40:58.510  1105  2265 W BroadcastQueue: Background execution not allowed: receiving Intent { act=android.intent.action.MEDIA_SCANNER_STARTED dat=file:///system/media flg=0x10 } to com.tencent.mm/.booter.MountReceiver
09-30 09:40:58.514  1105  1120 W BroadcastQueue: Permission Denial: broadcasting Intent { act=android.intent.action.MEDIA_SCANNER_STARTED dat=file:///system/media flg=0x10 } from com.android.providers.media (pid=2398, uid=10017) is not exported from uid 10224 due to receiver com.tencent.mobileqq/.msf.core.NetConnInfoCenter
09-30 09:40:58.574  1105  1122 D Boost   : hostingType=broadcast, hostingName=com.miui.video/.push.MediaPushMessageReceiver, callerPackage=com.xiaomi.xmsf, isSystem=true, isBoostNeeded=false.
09-30 09:40:58.578  1105  1122 I ActivityManager: Start proc 10087:com.miui.video/u0a15 for broadcast com.miui.video/.push.MediaPushMessageReceiver caller=com.xiaomi.xmsf
09-30 09:40:58.617   619   619 I sn      : Retry 13
09-30 09:40:58.618   619   619 I sn      : Fail to access err=2
09-30 09:40:58.618   619   619 I chatty  : uid=1000(system) identical 1 line
09-30 09:40:58.618   619   619 I sn      : Fail to access err=2
09-30 09:40:58.618   619   619 I sn      : Check all possible paths
09-30 09:40:59.043   604   713 E storaged: getDiskStats failed with result NOT_SUPPORTED and size 0
09-30 09:40:59.181  1105  2265 I ActivityManager: Killing 8533:com.xiaomi.market/u0a65 (adj 906): empty #17
09-30 09:40:59.360  1105  1606 I ActivityManager: Killing 9216:com.miui.hybrid/u0a48 (adj 906): empty #17
09-30 09:40:59.466  1105  3037 W BroadcastQueue: Background execution not allowed: receiving Intent { act=android.intent.action.MEDIA_SCANNER_FINISHED dat=file:///system/media flg=0x10 } to com.tencent.mm/.booter.MountReceiver
09-30 09:40:59.468  1105  1120 W BroadcastQueue: Permission Denial: broadcasting Intent { act=android.intent.action.MEDIA_SCANNER_FINISHED dat=file:///system/media flg=0x10 } from com.android.providers.media (pid=2398, uid=10017) is not exported from uid 10224 due to receiver com.tencent.mobileqq/.msf.core.NetConnInfoCenter
09-30 09:40:59.587  1105  2264 W BroadcastQueue: Skipping deliver [background] BroadcastRecord{59a7fd6 u0 com.miui.wmsvc.action.LAUNCH_RESULT} to ReceiverList{a73f88b 9216 com.miui.hybrid/10048/u0 remote:7d34e5a}: process gone or crashing
09-30 09:40:59.589  1105  1120 W BroadcastQueue: Background execution not allowed: receiving Intent { act=android.intent.action.MEDIA_SCANNER_STARTED dat=file:///storage/emulated/0 flg=0x10 } to com.tencent.mm/.booter.MountReceiver
09-30 09:40:59.590  1105  1120 W BroadcastQueue: Permission Denial: broadcasting Intent { act=android.intent.action.MEDIA_SCANNER_STARTED dat=file:///storage/emulated/0 flg=0x10 } from com.android.providers.media (pid=2398, uid=10017) is not exported from uid 10224 due to receiver com.tencent.mobileqq/.msf.core.NetConnInfoCenter
09-30 09:40:59.634  1105  2264 I BroadcastQueue: Delay finish: com.miui.cloudservice/.securitypush.SecurityPushReceiver
09-30 09:40:59.677  1105  2264 I ActivityManager: Delaying start of: ServiceRecord{fc1f9e5 u0 com.android.mms/com.xiaomi.mipush.sdk.PushMessageHandler}
09-30 09:40:59.703  1105  1120 V ActivityManager: Attempted to start a foreground service (ComponentInfo{com.android.mms/com.xiaomi.mms.transaction.MxActivateService}) with a broken notification (no icon: Notification(channel=Mms_Default pri=0 contentView=null vibrate=null sound=null defaults=0x0 flags=0x40 color=0x00000000 vis=PRIVATE))
09-30 09:40:59.721  1105  1120 V ActivityManager: Attempted to start a foreground service (ComponentInfo{com.android.mms/com.xiaomi.mms.transaction.MxMessageTrackService}) with a broken notification (no icon: Notification(channel=Mms_Default pri=0 contentView=null vibrate=null sound=null defaults=0x0 flags=0x40 color=0x00000000 vis=PRIVATE))
09-30 09:40:59.808  1105  1105 I NotificationService: Cannot find enqueued record for key: 0|com.android.mms|114|null|10006
09-30 09:40:59.825  1105  1105 I NotificationService: Cannot find enqueued record for key: 0|com.android.mms|114|null|10006
09-30 09:41:00.507  1105  3033 I BroadcastQueue: Resuming delayed broadcast
09-30 09:41:00.616  1105  1120 V ActivityManager: Attempted to start a foreground service (ComponentInfo{com.android.mms/com.xiaomi.mms.transaction.MxTaskService}) with a broken notification (no icon: Notification(channel=Mms_Default pri=0 contentView=null vibrate=null sound=null defaults=0x0 flags=0x40 color=0x00000000 vis=PRIVATE))
09-30 09:41:00.727  1105  1105 I NotificationService: Cannot find enqueued record for key: 0|com.android.mms|114|null|10006
09-30 09:41:01.640  1105  2264 I ActivityManager: Killing 9360:com.miui.hybrid.accessory/u0a90 (adj 906): empty #17
09-30 09:41:01.700  1105  1606 I ActivityManager: Killing 9603:com.tencent.mm:sandbox/u0a146 (adj 906): empty #17
09-30 09:41:01.733  1105  2264 W ActivityManager: Scheduling restart of crashed service com.tencent.mm/.service.ProcessService$SandBoxProcessService in 16000ms
09-30 09:41:03.925  1105  2253 V LocationPolicy: writePolicyLocked()
09-30 09:41:03.973  1105  1621 V LocationPolicy: writePolicyLocked()
09-30 09:41:03.983  1105  2253 V LocationPolicy: writePolicyLocked()
09-30 09:41:03.992  1105  1621 V LocationPolicy: writePolicyLocked()
09-30 09:41:04.005  1105  1621 I chatty  : uid=1000(system) Binder:1105_7 identical 1 line
09-30 09:41:04.014  1105  1621 V LocationPolicy: writePolicyLocked()
09-30 09:41:04.026  1105  2253 V LocationPolicy: writePolicyLocked()
09-30 09:41:04.037  1105  1621 V LocationPolicy: writePolicyLocked()
09-30 09:41:04.046  1105  2264 V LocationPolicy: writePolicyLocked()
09-30 09:41:04.070  1105  2264 V LocationPolicy: writePolicyLocked()
09-30 09:41:04.079  1105  1621 V LocationPolicy: writePolicyLocked()
09-30 09:41:04.088  1105  2264 V LocationPolicy: writePolicyLocked()
09-30 09:41:04.100  1105  2253 V LocationPolicy: writePolicyLocked()
09-30 09:41:04.109  1105  2253 V LocationPolicy: writePolicyLocked()
09-30 09:41:04.156  1105  2264 V LocationPolicy: writePolicyLocked()
09-30 09:41:04.166  1105  2264 V LocationPolicy: writePolicyLocked()
09-30 09:41:04.176  1105  2253 V LocationPolicy: writePolicyLocked()
09-30 09:41:04.191  1105  2264 V LocationPolicy: writePolicyLocked()
09-30 09:41:04.202  1105  2253 V LocationPolicy: writePolicyLocked()
09-30 09:41:04.239  1105  2253 I chatty  : uid=1000(system) Binder:1105_B identical 1 line
09-30 09:41:04.247  1105  2253 V LocationPolicy: writePolicyLocked()
09-30 09:41:04.262  1105  1621 V LocationPolicy: writePolicyLocked()
09-30 09:41:04.277  1105  1621 I chatty  : uid=1000(system) Binder:1105_7 identical 1 line
09-30 09:41:04.285  1105  1621 V LocationPolicy: writePolicyLocked()
09-30 09:41:04.296  1105  2264 V LocationPolicy: writePolicyLocked()
09-30 09:41:04.310  1105  2264 I chatty  : uid=1000(system) Binder:1105_F identical 1 line
09-30 09:41:04.318  1105  2264 V LocationPolicy: writePolicyLocked()
09-30 09:41:04.327  1105  1621 V LocationPolicy: writePolicyLocked()
09-30 09:41:04.339  1105  2264 V LocationPolicy: writePolicyLocked()
09-30 09:41:04.358  1105  1621 V LocationPolicy: writePolicyLocked()
09-30 09:41:04.423  1105  1621 I chatty  : uid=1000(system) Binder:1105_7 identical 4 lines
09-30 09:41:04.431  1105  1621 V LocationPolicy: writePolicyLocked()
09-30 09:41:04.447  1105  2264 V LocationPolicy: writePolicyLocked()
09-30 09:41:04.468  1105  2264 V LocationPolicy: writePolicyLocked()
09-30 09:41:04.481  1105  2253 V LocationPolicy: writePolicyLocked()
09-30 09:41:04.490  1105  2253 I chatty  : uid=1000(system) Binder:1105_B identical 1 line
09-30 09:41:04.498  1105  2253 V LocationPolicy: writePolicyLocked()
09-30 09:41:04.506  1105  1621 V LocationPolicy: writePolicyLocked()
09-30 09:41:04.516  1105  2253 V LocationPolicy: writePolicyLocked()
09-30 09:41:04.528  1105  3033 V LocationPolicy: writePolicyLocked()
09-30 09:41:04.551  1105  2253 V LocationPolicy: writePolicyLocked()
09-30 09:41:04.822  1105  3033 I ActivityManager: Killing 9823:com.miui.miservice/u0a167 (adj 906): empty #17
09-30 09:41:08.619   619   619 I sn      : Retry 14
09-30 09:41:08.620   619   619 I sn      : Fail to access err=2
09-30 09:41:08.620   619   619 I chatty  : uid=1000(system) identical 1 line
09-30 09:41:08.620   619   619 I sn      : Fail to access err=2
09-30 09:41:08.620   619   619 I sn      : Check all possible paths
09-30 09:41:14.101  1105  1621 W BaseMiuiPhoneWindowManager: keyCode:82 down:true eventTime:152735 downTime:152735 policyFlags:2b000002 flags:48 deviceId:-1 isScreenOn:true keyguardActive:false repeatCount:0
09-30 09:41:14.190  1105  1621 W BaseMiuiPhoneWindowManager: keyCode:82 down:false eventTime:152825 downTime:152735 policyFlags:2b000002 flags:48 deviceId:-1 isScreenOn:true keyguardActive:false repeatCount:0
09-30 09:41:14.273  1105  1606 I ActivityManager: START u0 {flg=0x10884000 cmp=com.android.systemui/.recents.RecentsActivity} from uid 1000
09-30 09:41:14.283  1105  1606 I ActivityManager: Ignoring FLAG_ACTIVITY_NEW_DOCUMENT, launchMode is "singleInstance" or "singleTask"
09-30 09:41:14.298  1105  1606 W MiuiGesturePointerEventListener: setRecentsAppWindowToken token = AppWindowToken{b538528 token=Token{98ee74b ActivityRecord{a964ec5 u0 com.android.systemui/.recents.RecentsActivity t313}}}
09-30 09:41:14.314  1105  1237 D ActivityManagerServiceInjector: Begin to report package foreground events...
09-30 09:41:14.323  1105  1621 I Timeline: Timeline: App_transition_ready time:152959
09-30 09:41:14.587  1105  1176 I Timeline: Timeline: App_transition_ready time:153223
09-30 09:41:14.589  1105  1204 V UiModeManager: switch night mode to 1
09-30 09:41:14.855  1105  3033 I WindowManager: Relayout Window{498c16c u0 com.android.systemui/com.android.systemui.recents.RecentsActivity}: oldVis=4 newVis=0 focusMayChange = true
09-30 09:41:14.866  1105  3033 I Timeline: Timeline: App_transition_ready time:153502
09-30 09:41:14.869  1105  3033 I Timeline: Timeline: App_transition_ready time:153505
09-30 09:41:14.886  1105  1176 I Timeline: Timeline: App_transition_ready time:153522
09-30 09:41:14.899  1105  3033 I Timeline: Timeline: App_transition_ready time:153535
09-30 09:41:14.956  1105  1176 I Timeline: Timeline: App_transition_ready time:153592
09-30 09:41:15.285  1105  1128 I Timeline: Timeline: Activity_windows_visible id: ActivityRecord{a964ec5 u0 com.android.systemui/.recents.RecentsActivity t313} time:153921
09-30 09:41:15.291  1105  1176 I Timeline: Timeline: App_transition_stopped time:153927
09-30 09:41:15.905  1105  3033 I ProcessManager: Kill reason OneKeyClean from pid=1278
09-30 09:41:15.906  1278  1278 D RecentsActivity: removeTask: [id=312 stackId=-1 windowingMode=1 user=0 lastActiveTime=131764] LPRActivity
09-30 09:41:15.906  1278  1278 D TaskStackView: removeAllTask, cleanByRecents=true
09-30 09:41:15.912  1105  3033 I ProcessManager: mLruProcesses size=62
09-30 09:41:15.915  1105  3033 I ProcessManager: OneKeyClean: force-stop com.pcl.lpr Adj=900 State=17
09-30 09:41:15.916  1105  3033 I ActivityManager: Force stopping com.pcl.lpr appid=10287 user=0: OneKeyClean
09-30 09:41:15.917  1105  3033 I AutoStartManagerService: MIUILOG- Reject RestartService packageName :com.pcl.lpr uid : 10287
09-30 09:41:15.918  1105  3033 D AutoStartManagerService: prepare force stop p:8027 s: 19
09-30 09:41:15.919  1105  3033 I ActivityManager: Killing 8027:com.pcl.lpr/u0a287 (adj 900): stop com.pcl.lpr: OneKeyClean
09-30 09:41:15.929  1105  3033 I ProcessManager: OneKeyClean: kill com.android.settings:remote Adj=500 State=9
09-30 09:41:15.937  1105  1120 W BroadcastQueue: Background execution not allowed: receiving Intent { act=android.intent.action.PACKAGE_RESTARTED dat=package:com.pcl.lpr flg=0x10 (has extras) } to com.cleanmaster.mguard_cn/com.cm.softmgrplugin.market.AndroidDaemon.boardcast.CAppEventReceiver
09-30 09:41:15.942  1105  3033 I ActivityManager: Killing 1429:com.android.settings:remote/1000 (adj 500): OneKeyClean
09-30 09:41:15.946  1105  3033 I ProcessManager: OneKeyClean: kill com.android.mms Adj=900 State=18
09-30 09:41:15.946  1105  3033 I ActivityManager: Killing 9984:com.android.mms/u0a6 (adj 900): OneKeyClean
09-30 09:41:15.948  1105  3033 I ProcessManager: OneKeyClean: kill com.tencent.soter.soterserver Adj=800 State=9
09-30 09:41:15.951  1105  3033 I ActivityManager: Killing 4214:com.tencent.soter.soterserver/1000 (adj 800): OneKeyClean
09-30 09:41:15.954  1105  3033 I ProcessManager: OneKeyClean: kill com.miui.video Adj=900 State=18
09-30 09:41:15.955  1105  3033 I ActivityManager: Killing 10087:com.miui.video/u0a15 (adj 900): OneKeyClean
09-30 09:41:15.957  1105  3033 I ProcessManager: OneKeyClean: kill com.miui.analytics Adj=100 State=4
09-30 09:41:15.957  1105  3033 I ActivityManager: Killing 2560:com.miui.analytics/u0a101 (adj 100): OneKeyClean
09-30 09:41:15.959  1105  1128 W ActivityManager: setHasOverlayUi called on unknown pid: 8027
09-30 09:41:15.961  1105  3033 I ProcessManager: OneKeyClean: kill com.miui.cloudservice Adj=900 State=18
09-30 09:41:15.962  1105  3033 I ActivityManager: Killing 9768:com.miui.cloudservice/u0a46 (adj 900): OneKeyClean
09-30 09:41:15.963  1105  3033 I ProcessManager: OneKeyClean: kill com.miui.newhome Adj=900 State=18
09-30 09:41:15.963  1105  3033 I ActivityManager: Killing 9643:com.miui.newhome/u0a157 (adj 900): OneKeyClean
09-30 09:41:15.964  1105  3033 I ProcessManager: OneKeyClean: force-stop com.xiaomi.pass Adj=902 State=18
09-30 09:41:15.965  1105  3033 I ActivityManager: Force stopping com.xiaomi.pass appid=10138 user=0: OneKeyClean
09-30 09:41:15.965  1105  3033 I AutoStartManagerService: MIUILOG- Reject RestartService packageName :com.xiaomi.pass uid : 10138
09-30 09:41:15.966  1105  3033 D AutoStartManagerService: prepare force stop p:9578 s: 19
09-30 09:41:15.967  1105  3033 I ActivityManager: Killing 9578:com.xiaomi.pass/u0a138 (adj 902): stop com.xiaomi.pass: OneKeyClean
09-30 09:41:15.976  1105  3033 I ActivityManager:   Force stopping service ServiceRecord{361c521 u0 com.xiaomi.pass/com.xiaomi.mipush.sdk.PushMessageHandler}
09-30 09:41:15.986  1105  2264 W ActivityManager: Scheduling restart of crashed service com.tencent.soter.soterserver/.SoterService in 11747ms
09-30 09:41:16.000  1105  1120 W BroadcastQueue: Skipping deliver [background] BroadcastRecord{86dcb07 u0 android.intent.action.PACKAGE_RESTARTED} to ReceiverList{88f072f 9984 com.android.mms/10006/u0 remote:b74a10e}: process gone or crashing
09-30 09:41:16.002  1105  1120 W BroadcastQueue: Background execution not allowed: receiving Intent { act=android.intent.action.PACKAGE_RESTARTED dat=package:com.xiaomi.pass flg=0x10 (has extras) } to com.cleanmaster.mguard_cn/com.cm.softmgrplugin.market.AndroidDaemon.boardcast.CAppEventReceiver
09-30 09:41:16.003  1105  3033 I ProcessManager: OneKeyClean: force-stop com.android.email Adj=900 State=18
09-30 09:41:16.005  1105  1621 W ActivityManager: Scheduling restart of crashed service com.android.settings/.wifi.MiuiWifiService in 21729ms
09-30 09:41:16.020  1105  3033 I ActivityManager: Force stopping com.android.email appid=10113 user=0: OneKeyClean
09-30 09:41:16.020  1105  3033 I AutoStartManagerService: MIUILOG- Reject RestartService packageName :com.android.email uid : 10113
09-30 09:41:16.021  1105  3033 D AutoStartManagerService: prepare force stop p:9401 s: 19
09-30 09:41:16.022  1105  3033 I ActivityManager: Killing 9401:com.android.email/u0a113 (adj 900): stop com.android.email: OneKeyClean
09-30 09:41:16.038  1105  1120 W BroadcastQueue: Skipping deliver [background] BroadcastRecord{905c434 u0 android.intent.action.PACKAGE_RESTARTED} to ReceiverList{88f072f 9984 com.android.mms/10006/u0 remote:b74a10e}: process gone or crashing
09-30 09:41:16.039  1105  1120 W BroadcastQueue: Background execution not allowed: receiving Intent { act=android.intent.action.PACKAGE_RESTARTED dat=package:com.android.email flg=0x10 (has extras) } to com.cleanmaster.mguard_cn/com.cm.softmgrplugin.market.AndroidDaemon.boardcast.CAppEventReceiver
09-30 09:41:16.037  1105  3033 I ProcessManager: OneKeyClean: kill com.mipay.wallet Adj=900 State=18
09-30 09:41:16.042  1105  1428 D ProcessRecordInjector: Begin to report kill process events...
09-30 09:41:16.042  1105  1428 W ActivityManager: Scheduling restart of crashed service com.miui.analytics/.onetrack.OneTrackService in 21691ms
09-30 09:41:16.043  1105  1428 W ActivityManager: Scheduling restart of crashed service com.miui.analytics/.AnalyticsService in 31690ms
09-30 09:41:16.043  1105  1428 W ActivityManager: Scheduling restart of crashed service com.miui.analytics/.internal.WakeupService in 41690ms
09-30 09:41:16.043  1105  1428 W Activit