09-30 09:39:22.810  1105  1120 I SystemServiceManager: Calling onUnlockUser u0
09-30 09:39:22.832  1105  1126 W Looper  : Drained
09-30 09:39:22.833  1105  1120 W TextServicesManagerService: no available spell checker services found
09-30 09:39:22.847  1105  2186 E BackupPasswordManager: Unable to read backup pw version
09-30 09:39:22.847  1105  2186 E BackupPasswordManager: Unable to read saved backup pw hash
09-30 09:39:22.890  1105  2186 I BackupManagerService: Package org.zlgopen.batterydemo not installed; dropping from full backup
09-30 09:39:22.891  1105  2186 I BackupManagerService: Package org.zlgopen.qrcodedemo not installed; dropping from full backup
09-30 09:39:22.892  1105  2186 I BackupManagerService: Package pr.platerecognization not installed; dropping from full backup
09-30 09:39:22.898  1105  1122 I ActivityManager: Start proc 2190:com.miui.voiceassist/u0a82 for service com.miui.voiceassist/com.xiaomi.voiceassistant.AssistInteractionService caller=android
09-30 09:39:22.904  1105  1120 I ActivityManager: User 0 state changed from RUNNING_UNLOCKING to RUNNING_UNLOCKED
09-30 09:39:22.936  1105  2186 I BackupManagerService: Unlocking system user; mService=com.android.server.backup.BackupManagerService@e6dc142
09-30 09:39:22.937  1105  2186 I BackupManagerService: Backup enabled => false
09-30 09:39:22.989  1105  1120 W XSpaceManagerService: Reset XSpace enable, active:false
09-30 09:39:23.001  1105  1105 W Looper  : Slow dispatch took 191ms main h=android.os.Handler c=null m=5000
09-30 09:39:23.012  1105  1122 I ActivityManager: Start proc 2204:com.factory.mmigroup/1000 for added application com.factory.mmigroup caller=android
09-30 09:39:23.017  1105  1120 W XSpaceManagerService: XSpace init, active:false
09-30 09:39:23.033  1105  1122 I ActivityManager: Start proc 2211:com.goodix.fingerprint/1000 for added application com.goodix.fingerprint caller=android
09-30 09:39:23.037  1105  1120 W ContextImpl: Calling a method in the system process without a qualified user: android.app.ContextImpl.startService:1542 com.miui.server.XSpaceManagerService.startXSpaceService:567 com.miui.server.XSpaceManagerService.init:438 com.android.server.am.ExtraActivityManagerService.finishBooting:467 com.android.server.am.ActivityManagerServiceInjector.finishBooting:398 
09-30 09:39:23.075  1105  1120 I ActivityManager: Sending BOOT_COMPLETE user #0
09-30 09:39:23.079  1105  1122 I ActivityManager: Start proc 2231:com.miui.contentcatcher/1000 for added application com.miui.contentcatcher caller=android
09-30 09:39:23.150  1105  1122 I ActivityManager: Start proc 2256:com.wingtech.standard/1000 for added application com.wingtech.standard caller=android
09-30 09:39:23.243  1105  1105 I AutoStartManagerService: MIUILOG- Reject service :Intent { act=android.service.notification.NotificationListenerService cmp=com.cleanmaster.mguard_cn/com.cleanmaster.screensave.notification.NotificationListener (has extras) } userId : 0 uid : 10142
09-30 09:39:23.244  1105  1105 W NotificationListeners: AutStart Unable to bind notification listener service: Intent { act=android.service.notification.NotificationListenerService cmp=com.cleanmaster.mguard_cn/com.cleanmaster.screensave.notification.NotificationListener (has extras) }
09-30 09:39:23.249  1105  1122 I ActivityManager: Start proc 2275:com.miui.daemon/1000 for added application com.miui.daemon caller=android
09-30 09:39:23.250  1105  1105 I AutoStartManagerService: MIUILOG- Reject service :Intent { act=android.service.notification.NotificationListenerService cmp=com.baidu.searchbox/.lockscreen.notification.NotificationMonitorService (has extras) } userId : 0 uid : 10115
09-30 09:39:23.250  1105  1105 W NotificationListeners: AutStart Unable to bind notification listener service: Intent { act=android.service.notification.NotificationListenerService cmp=com.baidu.searchbox/.lockscreen.notification.NotificationMonitorService (has extras) }
09-30 09:39:23.250  1105  1105 W NotificationListeners: Not binding notification listener service ComponentInfo{com.miui.systemAdSolution/com.xiaomi.ad.internal.trigger.device.MusicPlayListener}: service not found
09-30 09:39:23.293  1105  1105 W NotificationListeners: Not binding notification listener service ComponentInfo{com.yidian.xiaomi/com.yidian.news.util.fetchnews.NotifyListenerService}: service not found
09-30 09:39:23.304  1105  1105 W NotificationListeners: Not binding notification listener service ComponentInfo{com.miui.securitycenter/com.miui.luckymoney.service.LuckyMoneyMonitorService}: it does not require the permission android.permission.BIND_NOTIFICATION_LISTENER_SERVICE
09-30 09:39:23.304  1105  1105 W NotificationListeners: Not binding notification listener service ComponentInfo{com.miui.voiceassist/com.miui.voicesdk.NotificationListener}: service not found
09-30 09:39:23.307  1105  1122 I ActivityManager: Start proc 2289:com.android.se/1068 for added application com.android.se caller=android
09-30 09:39:23.308  1105  1105 W ActivityManager: Unable to start service Intent { act=android.service.notification.NotificationListenerService cmp=com.miui.analytics/.internal.collection.MusicStateListener } U=999: not found
09-30 09:39:23.308  1105  1105 W NotificationListeners: Unable to bind notification listener service: Intent { act=android.service.notification.NotificationListenerService cmp=com.miui.analytics/.internal.collection.MusicStateListener (has extras) }
09-30 09:39:23.337  1105  1105 W Looper  : Slow dispatch took 178ms main h=android.app.ActivityThread$H c=android.app.-$$Lambda$LoadedApk$ReceiverDispatcher$Args$_BumDX2UKsnxLVrE6UJsJZkotuA@6904b8b m=0
09-30 09:39:23.338  1105  1105 W Looper  : Slow delivery took 233ms main h=android.app.ActivityThread$H c=android.app.-$$Lambda$LoadedApk$ReceiverDispatcher$Args$_BumDX2UKsnxLVrE6UJsJZkotuA@af6b468 m=0
09-30 09:39:23.351  1105  1122 I ActivityManager: Start proc 2304:com.xiaomi.mircs/u0a29 for added application com.xiaomi.mircs caller=android
09-30 09:39:23.379  1105  2254 I ActivityManager: Process com.sohu.inputmethod.sogou.xiaomi (pid 1261) has died: vis  BFGS
09-30 09:39:23.379  1105  2254 I AutoStartManagerService: MIUILOG- Reject RestartService packageName :com.sohu.inputmethod.sogou.xiaomi uid : 10053
09-30 09:39:23.404  1105  1122 I ActivityManager: Start proc 2319:com.xiaomi.xmsfkeeper/u0a175 for added application com.xiaomi.xmsfkeeper caller=android
09-30 09:39:23.445  1105  1122 I ActivityManager: Start proc 2333:com.xiaomi.finddevice/9810 for added application com.xiaomi.finddevice caller=android
09-30 09:39:23.508  1105  1122 I ActivityManager: Start proc 2353:com.miui.face/1000 for added application com.miui.face caller=android
09-30 09:39:23.562  1105  1122 I ActivityManager: Start proc 2368:com.xiaomi.misettings/1000 for broadcast com.xiaomi.misettings/.usagestats.AppTimerReceiver caller=null
09-30 09:39:23.608  1105  1122 I ActivityManager: Start proc 2382:com.sohu.inputmethod.status/u0a53 for service com.sohu.inputmethod.sogou.xiaomi/com.sohu.inputmethod.settings.status.SogouStatusService caller=com.sohu.inputmethod.sogou.xiaomi
09-30 09:39:23.677  1105  1122 I ActivityManager: Start proc 2398:android.process.media/u0a17 for broadcast com.android.providers.media/.MtpReceiver caller=android
09-30 09:39:23.758  1105  1122 I ActivityManager: Start proc 2405:com.xiaomi.metoknlp/u0a81 for service com.xiaomi.metoknlp/com.xiaomi.location.metoknlp.MetokLocationService caller=android
09-30 09:39:23.784  1105  1126 I AppWidgetServiceImpl: Async processing of onUserUnlocked u0 took 945 ms
09-30 09:39:23.784  1105  1126 W Looper  : Slow dispatch took 945ms android.fg h=android.os.Handler c=com.android.server.appwidget.-$$Lambda$AppWidgetService$HIwvoPMyKqEhLVIiysgUKH8QJg8@4c26b6b m=0
09-30 09:39:23.811  1105  1120 I ActivityManager: Starting userid:999 fg:false
09-30 09:39:23.811  1105  1122 I ActivityManager: Start proc 2421:com.android.smspush/u0a96 for service com.android.smspush/.WapPushManager caller=com.android.phone
09-30 09:39:23.813  1105  1126 I ActivityManager: Loading recents for user 0 into memory.
09-30 09:39:23.821  1105  1126 W Looper  : Slow delivery took 880ms android.fg h=android.os.Handler c=com.android.server.am.-$$Lambda$UserController$qRaFvFpU0fG-BFv-EOAM55wngno@50b3d99 m=0
09-30 09:39:23.829  1105  1126 W Looper  : Drained
09-30 09:39:23.864  1105  1122 I ActivityManager: Start proc 2442:com.mfashiongallery.emag/u0a123 for content provider com.mfashiongallery.emag/.LockscreenMagazineProvider caller=com.android.systemui
09-30 09:39:23.913  1105  1105 W Looper  : Slow dispatch took 575ms main h=android.app.ActivityThread$H c=android.app.-$$Lambda$LoadedApk$ReceiverDispatcher$Args$_BumDX2UKsnxLVrE6UJsJZkotuA@566735 m=0
09-30 09:39:23.931  1105  1105 W InputMethodManagerService: Session failed to close due to remote exception
09-30 09:39:23.931  1105  1105 W InputMethodManagerService: android.os.DeadObjectException
09-30 09:39:23.931  1105  1105 W InputMethodManagerService: 	at android.os.BinderProxy.transactNative(Native Method)
09-30 09:39:23.931  1105  1105 W InputMethodManagerService: 	at android.os.BinderProxy.transact(Binder.java:1137)
09-30 09:39:23.931  1105  1105 W InputMethodManagerService: 	at com.android.internal.view.IInputMethodSession$Stub$Proxy.finishSession(IInputMethodSession.java:309)
09-30 09:39:23.931  1105  1105 W InputMethodManagerService: 	at com.android.server.InputMethodManagerService.finishSessionLocked(InputMethodManagerService.java:2163)
09-30 09:39:23.931  1105  1105 W InputMethodManagerService: 	at com.android.server.InputMethodManagerService.clearClientSessionLocked(InputMethodManagerService.java:2154)
09-30 09:39:23.931  1105  1105 W InputMethodManagerService: 	at com.android.server.InputMethodManagerService.clearCurMethodLocked(InputMethodManagerService.java:2180)
09-30 09:39:23.931  1105  1105 W InputMethodManagerService: 	at com.android.server.InputMethodManagerService.onServiceDisconnected(InputMethodManagerService.java:2207)
09-30 09:39:23.931  1105  1105 W InputMethodManagerService: 	at android.app.LoadedApk$ServiceDispatcher.doDeath(LoadedApk.java:1757)
09-30 09:39:23.931  1105  1105 W InputMethodManagerService: 	at android.app.LoadedApk$ServiceDispatcher$RunConnection.run(LoadedApk.java:1772)
09-30 09:39:23.931  1105  1105 W InputMethodManagerService: 	at android.os.Handler.handleCallback(Handler.java:873)
09-30 09:39:23.931  1105  1105 W InputMethodManagerService: 	at android.os.Handler.dispatchMessage(Handler.java:99)
09-30 09:39:23.931  1105  1105 W InputMethodManagerService: 	at android.os.Looper.loop(Looper.java:201)
09-30 09:39:23.931  1105  1105 W InputMethodManagerService: 	at com.android.server.SystemServer.run(SystemServer.java:482)
09-30 09:39:23.931  1105  1105 W InputMethodManagerService: 	at com.android.server.SystemServer.main(SystemServer.java:310)
09-30 09:39:23.931  1105  1105 W InputMethodManagerService: 	at java.lang.reflect.Method.invoke(Native Method)
09-30 09:39:23.931  1105  1105 W InputMethodManagerService: 	at com.android.internal.os.RuntimeInit$MethodAndArgsCaller.run(RuntimeInit.java:547)
09-30 09:39:23.931  1105  1105 W InputMethodManagerService: 	at com.android.internal.os.ZygoteInit.main(ZygoteInit.java:902)
09-30 09:39:23.932  1105  1105 W Looper  : Drained
09-30 09:39:23.963  1105  1122 I ActivityManager: Start proc 2474:com.xiaomi.smarthome/u0a117 for content provider com.xiaomi.smarthome/.framework.contentprovider.SmartHomeContentProvider caller=com.android.systemui
09-30 09:39:24.097  1105  1122 I ActivityManager: Start proc 2499:com.xiaomi.location.fused/1000 for service com.xiaomi.location.fused/.FusedLocationService caller=android
09-30 09:39:24.125  1105  1120 I ActivityManager: User 999 state changed from BOOTING to RUNNING_LOCKED
09-30 09:39:24.168  1105  1120 I SystemServiceManager: Calling onStartUser u999
09-30 09:39:24.177  1105  1122 I ActivityManager: Start proc 2527:com.miui.powerkeeper/1000 for service com.miui.powerkeeper/.NotificationListener caller=android
09-30 09:39:24.178  1105  1120 W VoiceInteractionManagerService: no available voice interaction services found for user 999
09-30 09:39:24.180  1105  1120 W VoiceInteractionManagerService: no available voice recognition services found for user 999
09-30 09:39:24.203  2190  2440 E ActivityThread: Failed to find provider info for com.miui.voicetrigger.debug.butter.commandprovider
09-30 09:39:24.248  1105  1122 I ActivityManager: Start proc 2560:com.miui.analytics/u0a101 for service com.miui.analytics/.internal.collection.MusicStateListener caller=android
09-30 09:39:24.329  1105  1122 W ActivityManager: Slow operation: 1026ms so far, now at startProcess: returned from zygote!
09-30 09:39:24.332  1105  1122 W ActivityManager: Slow operation: 1029ms so far, now at startProcess: done updating battery stats
09-30 09:39:24.334  1105  1122 W ActivityManager: Slow operation: 1031ms so far, now at startProcess: building log message
09-30 09:39:24.334  1105  1122 I ActivityManager: Start proc 2606:com.xiaomi.xmsf/u0a87 for service com.xiaomi.xmsf/.push.service.notificationcollection.NotificationListener caller=android
09-30 09:39:24.334  1105  1122 W ActivityManager: Slow operation: 1031ms so far, now at startProcess: starting to update pids map
09-30 09:39:24.334  1105  1122 W ActivityManager: Slow operation: 1031ms so far, now at startProcess: done updating pids map
09-30 09:39:24.440  1105  1122 I ActivityManager: Start proc 2629:com.miui.securitycenter.remote/1000 for content provider com.miui.securitycenter/com.miui.powercenter.provider.PowerCenterProvider caller=com.android.systemui
09-30 09:39:24.472  2190  2440 E ActivityThread: Failed to find provider info for com.miui.voicetrigger.butter.commandprovider
09-30 09:39:24.486  1105  1122 I ActivityManager: Start proc 2646:com.android.printspooler/u0a47 for service com.android.printspooler/.model.PrintSpoolerService caller=android
09-30 09:39:24.585  1105  1126 I ActivityManager: User 999 state changed from RUNNING_LOCKED to RUNNING_UNLOCKING
09-30 09:39:24.585  1105  1126 W Looper  : Slow dispatch took 422ms android.fg h=android.os.Handler c=com.android.server.am.-$$Lambda$UserController$o6oQFjGYYIfx-I94cSakTLPLt6s@ac13c42 m=0
09-30 09:39:24.585  1105  1120 I SystemServiceManager: Calling onUnlockUser u999
09-30 09:39:24.585  1105  1126 W Looper  : Slow delivery took 253ms android.fg h=com.android.server.AppStateTracker$MyHandler c=null m=12
09-30 09:39:24.586  1105  1126 W Looper  : Drained
09-30 09:39:24.593  1105  1120 W VoiceInteractionManagerService: no available voice interaction services found for user 999
09-30 09:39:24.593  1105  1120 W VoiceInteractionManagerService: no available voice recognition services found for user 999
09-30 09:39:24.596  1105  1122 I ActivityManager: Start proc 2673:com.lbe.parallel:mdserver/u0a243 for service com.lbe.parallel/com.lbe.doubleagent.service.proxy.JobProxy caller=android
09-30 09:39:24.596  1105  1105 I LockSettingsService: Managed profile got unlocked, will unlock its keystore
09-30 09:39:24.598  1105  1120 E AutofillManagerServiceImpl: Bad AutofillService name: com.miui.contentcatcher/com.miui.contentcatcher.autofill.services.MiuiAutofillService
09-30 09:39:24.599  1105  1126 I AppWidgetServiceImpl: Async processing of onUserUnlocked u999 took 0 ms
09-30 09:39:24.601  1105  1120 E AutofillManagerServiceImpl: Bad AutofillService name: com.miui.contentcatcher/com.miui.contentcatcher.autofill.services.MiuiAutofillService
09-30 09:39:24.602  1105  1120 I ActivityManager: User 999 state changed from RUNNING_UNLOCKING to RUNNING_UNLOCKED
09-30 09:39:24.603  1105  1126 I ActivityManager: Loaded persisted task ids for user 999
09-30 09:39:24.603  1105  1126 I ActivityManager: Loading recents for user 999 into memory.
09-30 09:39:24.607  1105  1120 I ActivityManager: Sending BOOT_COMPLETE user #999
09-30 09:39:24.646  1105  1105 E LockSettingsService: Failed to decrypt child profile key
09-30 09:39:24.646  1105  1105 E LockSettingsService: android.security.keystore.UserNotAuthenticatedException: User not authenticated
09-30 09:39:24.646  1105  1105 E LockSettingsService: 	at android.security.KeyStore.getInvalidKeyException(KeyStore.java:884)
09-30 09:39:24.646  1105  1105 E LockSettingsService: 	at android.security.KeyStore.getInvalidKeyException(KeyStore.java:926)
09-30 09:39:24.646  1105  1105 E LockSettingsService: 	at android.security.keystore.KeyStoreCryptoOperationUtils.getInvalidKeyExceptionForInit(KeyStoreCryptoOperationUtils.java:54)
09-30 09:39:24.646  1105  1105 E LockSettingsService: 	at android.security.keystore.KeyStoreCryptoOperationUtils.getExceptionForCipherInit(KeyStoreCryptoOperationUtils.java:89)
09-30 09:39:24.646  1105  1105 E LockSettingsService: 	at android.security.keystore.AndroidKeyStoreCipherSpiBase.ensureKeystoreOperationInitialized(AndroidKeyStoreCipherSpiBase.java:265)
09-30 09:39:24.646  1105  1105 E LockSettingsService: 	at android.security.keystore.AndroidKeyStoreCipherSpiBase.engineInit(AndroidKeyStoreCipherSpiBase.java:148)
09-30 09:39:24.646  1105  1105 E LockSettingsService: 	at javax.crypto.Cipher.tryTransformWithProvider(Cipher.java:2980)
09-30 09:39:24.646  1105  1105 E LockSettingsService: 	at javax.crypto.Cipher.tryCombinations(Cipher.java:2891)
09-30 09:39:24.646  1105  1105 E LockSettingsService: 	at javax.crypto.Cipher$SpiAndProviderUpdater.updateAndGetSpiAndProvider(Cipher.java:2796)
09-30 09:39:24.646  1105  1105 E LockSettingsService: 	at javax.crypto.Cipher.chooseProvider(Cipher.java:773)
09-30 09:39:24.646  1105  1105 E LockSettingsService: 	at javax.crypto.Cipher.init(Cipher.java:1288)
09-30 09:39:24.646  1105  1105 E LockSettingsService: 	at javax.crypto.Cipher.init(Cipher.java:1223)
09-30 09:39:24.646  1105  1105 E LockSettingsService: 	at com.android.server.locksettings.LockSettingsService.getDecryptedPasswordForTiedProfile(LockSettingsService.java:1138)
09-30 09:39:24.646  1105  1105 E LockSettingsService: 	at com.android.server.locksettings.LockSettingsService.unlockChildProfile(LockSettingsService.java:1146)
09-30 09:39:24.646  1105  1105 E LockSettingsService: 	at com.android.server.locksettings.LockSettingsService.ensureProfileKeystoreUnlocked(LockSettingsService.java:557)
09-30 09:39:24.646  1105  1105 E LockSettingsService: 	at com.android.server.locksettings.LockSettingsService.access$200(LockSettingsService.java:156)
09-30 09:39:24.646  1105  1105 E LockSettingsService: 	at com.android.server.locksettings.LockSettingsService$1.run(LockSettingsService.java:570)
09-30 09:39:24.646  1105  1105 E LockSettingsService: 	at android.os.Handler.handleCallback(Handler.java:873)
09-30 09:39:24.646  1105  1105 E LockSettingsService: 	at android.os.Handler.dispatchMessage(Handler.java:99)
09-30 09:39:24.646  1105  1105 E LockSettingsService: 	at android.os.Looper.loop(Looper.java:201)
09-30 09:39:24.646  1105  1105 E LockSettingsService: 	at com.android.server.SystemServer.run(SystemServer.java:482)
09-30 09:39:24.646  1105  1105 E LockSettingsService: 	at com.android.server.SystemServer.main(SystemServer.java:310)
09-30 09:39:24.646  1105  1105 E LockSettingsService: 	at java.lang.reflect.Method.invoke(Native Method)
09-30 09:39:24.646  1105  1105 E LockSettingsService: 	at com.android.internal.os.RuntimeInit$MethodAndArgsCaller.run(RuntimeInit.java:547)
09-30 09:39:24.646  1105  1105 E LockSettingsService: 	at com.android.internal.os.ZygoteInit.main(ZygoteInit.java:902)
09-30 09:39:24.723  1105  1122 I ActivityManager: Start proc 2701:com.google.android.marvin.talkback/u0a57 for broadcast com.google.android.marvin.talkback/com.google.android.accessibility.talkback.BootReceiver caller=null
09-30 09:39:24.758  1105  1122 I ActivityManager: Start proc 2735:com.sohu.inputmethod.sogou.xiaomi/u0a53 for content provider com.sohu.inputmethod.sogou.xiaomi/com.qihoo360.replugin.component.process.ProcessPitProviderPersist caller=com.sohu.inputmethod.sogou.xiaomi
09-30 09:39:24.910  1105  1122 I ActivityManager: Start proc 2754:com.xiaomi.simactivate.service/u0a63 for service com.xiaomi.simactivate.service/com.xiaomi.activate.ActivateService caller=com.xiaomi.finddevice
09-30 09:39:24.931  1278  1278 I MiuiChargeManager: notifyBatteryStatusChanged:  status: 3 isPlugged: 2 level: 100 wireState: -1 chargeSpeed: 0 mWiredChargeType: 0 mWirelessChargeType: 0 chargeDeviceType: -1
09-30 09:39:25.041  1105  1116 W ActivityManager: Unable to start service Intent { act=miui.bluetooth.mible.MiuiNearbyApiService pkg=com.xiaomi.bluetooth } U=0: not found
09-30 09:39:25.371  2231  2231 E ContentCatcherManager: failed to get ContentCatcherService.
09-30 09:39:25.896  1105  1122 I ActivityManager: Start proc 2958:com.android.keychain/1000 for service com.android.keychain/.KeyChainService caller=android
09-30 09:39:25.907  2398  2398 E ActivityThread: Failed to find provider info for com.miui.whetstone
09-30 09:39:25.949  1105  1122 I ActivityManager: Start proc 2978:com.xiaomi.account:accountservice/u0a44 for service com.xiaomi.account/.XiaomiAccountService caller=com.android.providers.downloads
09-30 09:39:26.063  1105  1122 I ActivityManager: Start proc 2991:com.xiaomi.smarthome:acp/u0a117 for service com.xiaomi.smarthome/.acp.ACPService caller=com.xiaomi.smarthome
09-30 09:39:26.144  1105  1105 I TransportClient: LocalTransportService#0: Notifying [TransportManager.registerTransport()] transport = IBackupTransport
09-30 09:39:26.274  1105  2186 I BackupManagerService: Found stale backup journal, scheduling
09-30 09:39:26.357  1105  2186 I chatty  : uid=1000(system) backup identical 28 lines
09-30 09:39:26.357  1105  2186 I BackupManagerService: Found stale backup journal, scheduling
09-30 09:39:26.363  1105  2253 W BroadcastQueueInjector: Unable to launch app com.miui.fm/10131 for broadcast Intent { act=android.intent.action.MEDIA_MOUNTED dat=file:///storage/emulated/0 flg=0x5000010 (has extras) }: process is not permitted to  auto start
09-30 09:39:26.367  1105  1120 W BroadcastQueueInjector: Unable to launch app com.miui.player/10013 for broadcast Intent { act=android.intent.action.MEDIA_MOUNTED dat=file:///storage/emulated/0 flg=0x5000010 (has extras) }: process is not permitted to  auto start
09-30 09:39:26.376  1105  1120 W BroadcastQueueInjector: Unable to launch app com.cleanmaster.mguard_cn/10142 for broadcast Intent { act=android.intent.action.MEDIA_MOUNTED dat=file:///storage/emulated/0 flg=0x5000010 (has extras) }: process is not permitted to  auto start
09-30 09:39:26.404  1105  2186 I BackupManagerService: Found stale backup journal, scheduling
09-30 09:39:26.456  1105  2186 I chatty  : uid=1000(system) backup identical 48 lines
09-30 09:39:26.456  1105  2186 I BackupManagerService: Found stale backup journal, scheduling
09-30 09:39:26.471  1105  1122 I ActivityManager: Start proc 3082:com.tencent.mm/u0a146 for broadcast com.tencent.mm/.booter.MountReceiver caller=android enableBoost=true
09-30 09:39:26.491  1105  2186 I BackupManagerService: Found stale backup journal, scheduling
09-30 09:39:26.671  1105  2186 I chatty  : uid=1000(system) backup identical 97 lines
09-30 09:39:26.672  1105  2186 I BackupManagerService: Found stale backup journal, scheduling
09-30 09:39:26.677  1105  1122 I ActivityManager: Start proc 3121:com.android.keychain/u999s1000 for service com.android.keychain/.KeyChainService caller=android
09-30 09:39:26.691  1105  2186 I BackupManagerService: Found stale backup journal, scheduling
09-30 09:39:26.760  1105  2186 I chatty  : uid=1000(system) backup identical 28 lines
09-30 09:39:26.761  1105  2186 I BackupManagerService: Found stale backup journal, scheduling
09-30 09:39:26.796  1105  1122 I ActivityManager: Start proc 3173:com.tencent.mobileqq:MSF/u0a224 for service com.tencent.mobileqq/.msf.service.MSFAliveJobService caller=android
09-30 09:39:26.835  1105  2186 I BackupManagerService: Found stale backup journal, scheduling
09-30 09:39:26.860  1105  1122 I ActivityManager: Start proc 3206:com.eg.android.AlipayGphone/u0a140 for service com.eg.android.AlipayGphone/com.alipay.mobile.common.job.JobService caller=android
09-30 09:39:26.880  1105  2186 I BackupManagerService: Found stale backup journal, scheduling
09-30 09:39:26.935  1105  2186 I chatty  : uid=1000(system) backup identical 11 lines
09-30 09:39:26.977  1105  2186 I BackupManagerService: Found stale backup journal, scheduling
09-30 09:39:27.010  1105  1122 I ActivityManager: Start proc 3231:com.xiaomi.bluetooth/1002 for service com.xiaomi.bluetooth/com.android.bluetooth.ble.app.MiBleDeviceManagerService caller=com.xiaomi.smarthome
09-30 09:39:27.011  1105  2186 I BackupManagerService: Found stale backup journal, scheduling
09-30 09:39:27.022  1105  1105 I NotificationService: Cannot find enqueued record for key: 0|com.xiaomi.simactivate.service|1001|null|10063
09-30 09:39:27.215  1105  2186 I chatty  : uid=1000(system) backup expire 61 lines
09-30 09:39:27.225  1105  2186 I BackupManagerService: Found stale backup journal, scheduling
09-30 09:39:27.229  1105  2044 W ActivityManager: Unable to start service Intent { act=com.google.android.gms.ads.identifier.service.START pkg=com.google.android.gms } U=0: not found
09-30 09:39:27.235  1105  1649 W ActivityManager: Unable to start service Intent { act=com.google.android.gms.ads.identifier.service.START pkg=com.google.android.gms } U=0: not found
09-30 09:39:27.236  1105  2261 W ActivityManager: Unable to start service Intent { act=com.google.android.gms.ads.identifier.service.START pkg=com.google.android.gms } U=0: not found
09-30 09:39:27.247  1105  2186 I BackupManagerService: Found stale backup journal, scheduling
09-30 09:39:27.293  1105  2186 I chatty  : uid=1000(system) backup identical 8 lines
09-30 09:39:27.320  1105  2186 I BackupManagerService: Found stale backup journal, scheduling
09-30 09:39:27.331  1105  1119 W ActivityManager: Unable to start service Intent { cmp=com.android.printspooler/.model.PrintSpoolerService } U=999: not found
09-30 09:39:27.332  1105  1119 W RemotePrintSpooler: [user: 999] bindService failed
09-30 09:39:27.335  1105  1119 E RemotePrintSpooler: Error pruning approved print services.
09-30 09:39:27.335  1105  1119 E RemotePrintSpooler: java.util.concurrent.TimeoutException: bindError
09-30 09:39:27.335  1105  1119 E RemotePrintSpooler: 	at com.android.server.print.RemotePrintSpooler.bindLocked(RemotePrintSpooler.java:629)
09-30 09:39:27.335  1105  1119 E RemotePrintSpooler: 	at com.android.server.print.RemotePrintSpooler.getRemoteInstanceLazy(RemotePrintSpooler.java:594)
09-30 09:39:27.335  1105  1119 E RemotePrintSpooler: 	at com.android.server.print.RemotePrintSpooler.pruneApprovedPrintServices(RemotePrintSpooler.java:509)
09-30 09:39:27.335  1105  1119 E RemotePrintSpooler: 	at com.android.server.print.UserState.prunePrintServices(UserState.java:1038)
09-30 09:39:27.335  1105  1119 E RemotePrintSpooler: 	at com.android.server.print.UserState.<init>(UserState.java:177)
09-30 09:39:27.335  1105  1119 E RemotePrintSpooler: 	at com.android.server.print.PrintManagerService$PrintManagerImpl.getOrCreateUserStateLocked(PrintManagerService.java:971)
09-30 09:39:27.335  1105  1119 E RemotePrintSpooler: 	at com.android.server.print.PrintManagerService$PrintManagerImpl.access$600(PrintManagerService.java:112)
09-30 09:39:27.335  1105  1119 E RemotePrintSpooler: 	at com.android.server.print.PrintManagerService$PrintManagerImpl$3.run(PrintManagerService.java:992)
09-30 09:39:27.335  1105  1119 E RemotePrintSpooler: 	at android.os.Handler.handleCallback(Handler.java:873)
09-30 09:39:27.335  1105  1119 E RemotePrintSpooler: 	at android.os.Handler.dispatchMessage(Handler.java:99)
09-30 09:39:27.335  1105  1119 E RemotePrintSpooler: 	at android.os.Looper.loop(Looper.java:201)
09-30 09:39:27.335  1105  1119 E RemotePrintSpooler: 	at android.os.HandlerThread.run(HandlerThread.java:65)
09-30 09:39:27.342  1105  2186 I BackupManagerService: Found stale backup journal, scheduling
09-30 09:39:27.392  1105  2186 I BackupManagerService: Found stale backup journal, scheduling
09-30 09:39:27.424  1105  1119 W ActivityManager: Unable to start service Intent { cmp=com.android.printspooler/.model.PrintSpoolerService } U=999: not found
09-30 09:39:27.427  1105  1119 W RemotePrintSpooler: [user: 999] bindService failed
09-30 09:39:27.427  1105  1122 I ActivityManager: Start proc 3299:com.xiaomi.market/u0a65 for service com.xiaomi.market/.receiver.AutoUpdateScheduler caller=android
09-30 09:39:27.430  1105  2186 I BackupManagerService: Found stale backup journal, scheduling
09-30 09:39:27.431  1105  1119 E RemotePrintSpooler: Error removing obsolete print jobs .
09-30 09:39:27.431  1105  1119 E RemotePrintSpooler: java.util.concurrent.TimeoutException: bindError
09-30 09:39:27.431  1105  1119 E RemotePrintSpooler: 	at com.android.server.print.RemotePrintSpooler.bindLocked(RemotePrintSpooler.java:629)
09-30 09:39:27.431  1105  1119 E RemotePrintSpooler: 	at com.android.server.print.RemotePrintSpooler.getRemoteInstanceLazy(RemotePrintSpooler.java:594)
09-30 09:39:27.431  1105  1119 E RemotePrintSpooler: 	at com.android.server.print.RemotePrintSpooler.removeObsoletePrintJobs(RemotePrintSpooler.java:531)
09-30 09:39:27.431  1105  1119 E RemotePrintSpooler: 	at com.android.server.print.UserState.removeObsoletePrintJobs(UserState.java:217)
09-30 09:39:27.431  1105  1119 E RemotePrintSpooler: 	at com.android.server.print.PrintManagerService$PrintManagerImpl$3.run(PrintManagerService.java:999)
09-30 09:39:27.431  1105  1119 E RemotePrintSpooler: 	at android.os.Handler.handleCallback(Handler.java:873)
09-30 09:39:27.431  1105  1119 E RemotePrintSpooler: 	at android.os.Handler.dispatchMessage(Handler.java:99)
09-30 09:39:27.431  1105  1119 E RemotePrintSpooler: 	at android.os.Looper.loop(Looper.java:201)
09-30 09:39:27.431  1105  1119 E RemotePrintSpooler: 	at android.os.HandlerThread.run(HandlerThread.java:65)
09-30 09:39:27.486  1105  2186 I BackupManagerService: Found stale backup journal, scheduling
09-30 09:39:27.501  1105  1124 E BatteryExternalStatsWorker: no controller energy info supplied for wifi
09-30 09:39:27.501  1105  1124 E BatteryExternalStatsWorker: no controller energy info supplied for bluetooth
09-30 09:39:27.529  1105  2186 I BackupManagerService: Found stale backup journal, scheduling
09-30 09:39:27.531  1105  2186 I chatty  : uid=1000(system) backup identical 29 lines
09-30 09:39:27.531  1105  2186 I BackupManagerService: Found stale backup journal, scheduling
09-30 09:39:27.543  1105  1124 W KernelCpuProcReader: File not exist: /proc/uid_cpupower/time_in_state
09-30 09:39:27.544  1105  1124 W KernelCpuProcReader: File not exist: /proc/uid_cpupower/concurrent_active_time
09-30 09:39:27.544  1105  1124 W KernelCpuProcReader: File not exist: /proc/uid_cpupower/concurrent_policy_time
09-30 09:39:27.602  1105  1649 W ActivityManager: Background start not allowed: service Intent { cmp=com.lbe.parallel/.install.AppInstallService } to com.lbe.parallel/.install.AppInstallService from pid=2673 uid=10243 pkg=com.lbe.parallel startFg?=false
09-30 09:39:27.609  1105  1122 I ActivityManager: Start proc 3349:com.miui.hybrid/u0a48 for service com.miui.hybrid/.job.JobService caller=android
09-30 09:39:27.644  1105  1121 W Looper  : Slow dispatch took 111ms android.ui h=com.android.server.am.ActivityManagerService$UiHandler c=null m=53
09-30 09:39:27.726  1105  2186 I BackupManagerService: Found stale backup journal, scheduling
09-30 09:39:27.726  1105  2186 I chatty  : uid=1000(system) backup identical 1 line
09-30 09:39:27.727  1105  2186 I BackupManagerService: Found stale backup journal, scheduling
09-30 09:39:27.801  1105  2041 D Boost   : Process is boosted to top app, processName=com.tencent.mm.
09-30 09:39:27.807  1105  2186 I BackupManagerService: Found stale backup journal, scheduling
09-30 09:39:27.818  1105  2186 I chatty  : uid=1000(system) backup identical 7 lines
09-30 09:39:27.818  1105  2186 I BackupManagerService: Found stale backup journal, scheduling
09-30 09:39:27.823  3082  3082 E ActivityThread: Failed to find provider info for com.tencent.mm.coolassist.debugprovider
09-30 09:39:27.831  1105  2186 I BackupManagerService: Found stale backup journal, scheduling
09-30 09:39:27.832  1105  2186 I chatty  : uid=1000(system) backup identical 9 lines
09-30 09:39:27.832  1105  2186 I BackupManagerService: Found stale backup journal, scheduling
09-30 09:39:27.867  1105  2044 W ActivityManager: Background start not allowed: service Intent { cmp=com.lbe.parallel/.service.KeyguardService } to com.lbe.parallel/.service.KeyguardService from pid=2673 uid=10243 pkg=com.lbe.parallel startFg?=false
09-30 09:39:27.873  1105  2186 I BackupManagerService: Found stale backup journal, scheduling
09-30 09:39:27.873  1105  2186 I chatty  : uid=1000(system) backup identical 6 lines
09-30 09:39:27.873  1105  2186 I BackupManagerService: Found stale backup journal, scheduling
09-30 09:39:27.892  1105  2312 D Boost   : Process is boosted to top app, processName=com.tencent.mm.
09-30 09:39:27.896  1105  1649 W ActivityManager: Unable to start service Intent { act=com.google.android.gms.ads.identifier.service.START pkg=com.google.android.gms } U=0: not found
09-30 09:39:27.873  1105  2186 I BackupManagerService: Found stale backup journal, scheduling
09-30 09:39:27.897  1105  2186 I BackupManagerService: Found stale backup journal, scheduling
09-30 09:39:27.938  2527  2527 E PeSchedController: parse default config error: java.io.FileNotFoundException: default_perf_config
09-30 09:39:27.944  1105  2186 I BackupManagerService: Found stale backup journal, scheduling
09-30 09:39:27.961  1105  2186 I chatty  : uid=1000(system) backup identical 11 lines
09-30 09:39:27.962  1105  2186 I BackupManagerService: Found stale backup journal, scheduling
09-30 09:39:27.968  1105  1122 D Boost   : hostingType=content provider, hostingName=com.android.thememanager/.service.ThemeProvider, callerPackage=com.mfashiongallery.emag, isSystem=false, isBoostNeeded=false.
09-30 09:39:27.971  1105  1122 I ActivityManager: Start proc 3414:com.android.thememanager/9801 for content provider com.android.thememanager/.service.ThemeProvider caller=com.mfashiongallery.emag
09-30 09:39:27.982  1105  2186 I BackupManagerService: Found stale backup journal, scheduling
09-30 09:39:27.989  1105  1649 D Boost   : Process is boosted to top app, processName=com.tencent.mm.
09-30 09:39:28.006  1105  3033 D Boost   : Process is boosted to top app, processName=com.tencent.mm.
09-30 09:39:28.025  1105  2264 D Boost   : Process is boosted to top app, processName=com.tencent.mm.
09-30 09:39:28.021  1105  2186 I BackupManagerService: Found stale backup journal, scheduling
09-30 09:39:28.056  1105  2186 I chatty  : uid=1000(system) backup identical 14 lines
09-30 09:39:28.056  1105  2186 I BackupManagerService: Found stale backup journal, scheduling
09-30 09:39:28.144  1105  2264 D MtkConnectivityService: Returning BLOCKED NetworkInfo to uid=10243
09-30 09:39:28.146  1105  2186 I BackupManagerService: Found stale backup journal, scheduling
09-30 09:39:28.247  1105  2186 I chatty  : uid=1000(system) backup identical 22 lines
09-30 09:39:28.275  1105  2186 I BackupManagerService: Found stale backup journal, scheduling
09-30 09:39:28.286  1105  2253 D Boost   : Process is boosted to top app, processName=com.tencent.mm.
09-30 09:39:28.294  1105  2186 I BackupManagerService: Found stale backup journal, scheduling
09-30 09:39:28.375  1105  2186 I chatty  : uid=1000(system) backup identical 11 lines
09-30 09:39:28.378  1105  2186 I BackupManagerService: Found stale backup journal, scheduling
09-30 09:39:28.380  1105  2044 D Boost   : Process is boosted to top app, processName=com.tencent.mm.
09-30 09:39:28.380  2527  2527 D PowerCheckerService: enable slog the cpu usage
09-30 09:39:28.385  1105  2186 I BackupManagerService: Found stale backup journal, scheduling
09-30 09:39:28.386  1105  2186 I BackupManagerService: Found stale backup journal, scheduling
09-30 09:39:28.400  1105  1132 D DisplayPowerController: Animating brightness: target=1, rate=308
09-30 09:39:28.423  1105  2186 I BackupManagerService: Found stale backup journal, scheduling
09-30 09:39:28.429  1278  1278 I MiuiChargeManager: notifyBatteryStatusChanged:  status: 5 isPlugged: 2 level: 100 wireState: 11 chargeSpeed: 0 mWiredChargeType: 0 mWirelessChargeType: 0 chargeDeviceType: -1
09-30 09:39:28.451  1105  2186 I BackupManagerService: Found stale backup journal, scheduling
09-30 09:39:28.451  1105  2186 I BackupManagerService: Found stale backup journal, scheduling
09-30 09:39:28.459  1105  1126 D UsbDeviceManager: push notification:正在通过 USB 充电
09-30 09:39:28.460  1105  2186 I BackupManagerService: Found stale backup journal, scheduling
09-30 09:39:28.461  1105  2186 I chatty  : uid=1000(system) backup identical 3 lines
09-30 09:39:28.461  1105  2186 I BackupManagerService: Found stale backup journal, scheduling
09-30 09:39:28.473  1105  1120 D Boost   : Process is boosted to top app, processName=com.tencent.mm.
09-30 09:39:28.490  1105  2264 D Boost   : Process is boosted to top app, processName=com.tencent.mm.
09-30 09:39:28.494  1105  2186 I BackupManagerService: Found stale backup journal, scheduling
09-30 09:39:28.495  1105  2186 I chatty  : uid=1000(system) backup identical 15 lines
09-30 09:39:28.495  1105  2186 I BackupManagerService: Found stale backup journal, scheduling
09-30 09:39:28.506  1105  1122 D Boost   : hostingType=content provider, hostingName=com.tencent.mobileqq/com.tencent.mqq.shared_file_accessor.ContentProviderImpl, callerPackage=com.tencent.mobileqq, isSystem=false, isBoostNeeded=false.
09-30 09:39:28.506  1105  1621 D Boost   : Process is boosted to top app, processName=com.tencent.mm.
09-30 09:39:28.511  1105  1621 D Boost   : Process is boosted to top app, processName=com.tencent.mm.
09-30 09:39:28.520  1105  1122 I ActivityManager: Start proc 3469:com.tencent.mobileqq/u0a224 for content provider com.tencent.mobileqq/com.tencent.mqq.shared_file_accessor.ContentProviderImpl caller=com.tencent.mobileqq
09-30 09:39:28.549  1105  2186 I BackupManagerService: Found stale backup journal, scheduling
09-30 09:39:28.552  1105  2186 I chatty  : uid=1000(system) backup identical 7 lines
09-30 09:39:28.552  1105  2186 I BackupManagerService: Found stale backup journal, scheduling
09-30 09:39:28.593  1105  1649 D Boost   : Process is boosted to top app, processName=com.tencent.mm.
09-30 09:39:28.598   619   619 I sn      : Retry 4
09-30 09:39:28.599   619   619 I sn      : Fail to access err=2
09-30 09:39:28.599   619   619 I sn      : Fail to access err=2
09-30 09:39:28.599  1105  2186 I BackupManagerService: Found stale backup journal, scheduling
09-30 09:39:28.599   619   619 I sn      : Fail to access err=2
09-30 09:39:28.599   619   619 I sn      : Check all possible paths
09-30 09:39:28.606  1105  1122 D Boost   : hostingType=service, hostingName=com.google.android.webview/org.chromium.android_webview.services.VariationsSeedServer, callerPackage=com.lbe.parallel, isSystem=false, isBoostNeeded=false.
09-30 09:39:28.608  1105  1122 I ActivityManager: Start proc 3484:com.google.android.webview:webview_service/u0a52 for service com.google.android.webview/org.chromium.android_webview.services.VariationsSeedServer caller=com.lbe.parallel
09-30 09:39:28.624  1105  2186 I BackupManagerService: Found stale backup journal, scheduling
09-30 09:39:28.646  1105  2044 D Boost   : Process is boosted to top app, processName=com.tencent.mm.
09-30 09:39:28.660  1105  2186 I BackupManagerService: Found stale backup journal, scheduling
09-30 09:39:28.662  1105  2186 I chatty  : uid=1000(system) backup identical 4 lines
09-30 09:39:28.663  1105  2186 I BackupManagerService: Found stale backup journal, scheduling
09-30 09:39:28.665  1105  1132 D DisplayPowerController: Animating brightness: target=90, rate=308
09-30 09:39:28.666  1105  2186 I BackupManagerService: Found stale backup journal, scheduling
09-30 09:39:28.667  1105  2186 I chatty  : uid=1000(system) backup identical 5 lines
09-30 09:39:28.667  1105  2186 I BackupManagerService: Found stale backup journal, scheduling
09-30 09:39:28.670  1105  1120 D Boost   : Process is boosted to top app, processName=com.tencent.mm.
09-30 09:39:28.679  1105  2186 I BackupManagerService: Found stale backup journal, scheduling
09-30 09:39:28.679  1105  2186 I chatty  : uid=1000(system) backup identical 2 lines
09-30 09:39:28.691  1105  2186 I BackupManagerService: Found stale backup journal, scheduling
09-30 09:39:28.713  2673  3329 W PackageParser: Unknown element under <manifest>: module at /data/app/com.pcl.lpr-G7Od7SaX8U9iTAx8uk883w==/base.apk Binary XML file line #22
09-30 09:39:28.724  2527  2527 I power.sleep: readFromDb ss: state=4 previous=0x1 restore=0x0 noti=1
09-30 09:39:28.725  1105  2264 D Boost   : Process is boosted to top app, processName=com.tencent.mm.
09-30 09:39:28.727  2527  3499 I power.sleep: startNightClockTimer
09-30 09:39:28.734  1105  2186 I BackupManagerService: Found stale backup journal, scheduling
09-30 09:39:28.751  1105  2186 I chatty  : uid=1000(system) backup identical 8 lines
09-30 09:39:28.751  1105  2186 I BackupManagerService: Found stale backup journal, scheduling
09-30 09:39:28.751  1105  1649 D Boost   : Process is boosted to top app, processName=com.tencent.mm.
09-30 09:39:28.760  1105  1122 D Boost   : hostingType=content provider, hostingName=com.miui.cloudservice/.provider.MiCloudProvider, callerPackage=com.miui.analytics, isSystem=true, isBoostNeeded=false.
09-30 09:39:28.768  1105  1122 I ActivityManager: Start proc 3526:com.miui.cloudservice/u0a46 for content provider com.miui.cloudservice/.provider.MiCloudProvider caller=com.miui.analytics
09-30 09:39:28.770  1105  3033 D Boost   : Process is boosted to top app, processName=com.tencent.mm.
09-30 09:39:28.776  1105  3033 D Boost   : Process is boosted to top app, processName=com.tencent.mm.
09-30 09:39:28.751  1105  2186 I BackupManagerService: Found stale backup journal, scheduling
09-30 09:39:28.820  1105  2254 D Boost   : Process is boosted to top app, processName=com.tencent.mm.
09-30 09:39:28.825  1105  2261 D Boost   : Process is boosted to top app, processName=com.tencent.mm.
09-30 09:39:28.825  1105  2186 I BackupManagerService: Found stale backup journal, scheduling
09-30 09:39:28.826  1105  2186 I chatty  : uid=1000(system) backup identical 4 lines
09-30 09:39:28.827  1105  2186 I BackupManagerService: Found stale backup journal, scheduling
09-30 09:39:28.861  1105  2312 W ActivityManager: Receiver with filter android.content.IntentFilter@8ffbc32 already registered for pid 2442, callerPackage is com.mfashiongallery.emag
09-30 09:39:28.863  1105  2186 I BackupManagerService: Found stale backup journal, scheduling
09-30 09:39:28.864  1105  2186 I chatty  : uid=1000(system) backup identical 8 lines
09-30 09:39:28.864  1105  2186 I BackupManagerService: Found stale backup journal, scheduling
09-30 09:39:28.879  1105  2041 D Boost   : Process is boosted to top app, processName=com.tencent.mm.
09-30 09:39:28.895  1105  2186 I BackupManagerService: Found stale backup journal, scheduling
09-30 09:39:28.896  1105  2186 I chatty  : uid=1000(system) backup identical 7 lines
09-30 09:39:28.927  1105  2186 I BackupManagerService: Found stale backup journal, scheduling
09-30 09:39:28.928  2527  2527 D PowerKeeper.Thermal: ThermalLog: false 45 43 300000 600000 4 2 20 10 60000 120000 false
09-30 09:39:28.942  1105  3033 D Boost   : Process is boosted to top app, processName=com.tencent.mm.
09-30 09:39:28.962  1105  2041 D Boost   : Process is boosted to top app, processName=com.tencent.mm.
09-30 09:39:28.963  1105  2041 I chatty  : uid=1000(system) Binder:1105_9 identical 21 lines
09-30 09:39:28.963  1105  2041 D Boost   : Process is boosted to top app, processName=com.tencent.mm.
09-30 09:39:28.964  1105  2186 I BackupManagerService: Found stale backup journal, scheduling
09-30 09:39:28.965  1105  1120 D Boost   : Process is boosted to top app, processName=com.tencent.mm.
09-30 09:39:28.984  1105  2186 I BackupManagerService: Found stale backup journal, scheduling
09-30 09:39:29.008  1105  2186 I chatty  : uid=1000(system) backup identical 13 lines
09-30 09:39:29.008  1105  2186 I BackupManagerService: Found stale backup journal, scheduling
09-30 09:39:29.009  3082  3082 E SchedPolicy: set_timerslack_ns write failed: Operation not permitted
09-30 09:39:29.011  1105  2186 I BackupManagerService: Found stale backup journal, scheduling
09-30 09:39:29.056  1105  2186 I chatty  : uid=1000(system) backup identical 19 lines
09-30 09:39:29.056  1105  2186 I BackupManagerService: Found stale backup journal, scheduling
09-30 09:39:29.059  1105  3033 D Boost   : Process is boosted to top app, processName=com.tencent.mm.
09-30 09:39:29.065  1105  3033 D Boost   : Process is boosted to top app, processName=com.tencent.mm.
09-30 09:39:29.074  1105  2186 I BackupManagerService: Found stale backup journal, scheduling
09-30 09:39:29.155  1105  2186 I chatty  : uid=1000(system) backup identical 37 lines
09-30 09:39:29.155  1105  2186 I BackupManagerService: Found stale backup journal, scheduling
09-30 09:39:29.157  1105  1621 D Boost   : Process is boosted to top app, processName=com.tencent.mm.
09-30 09:39:29.159  1105  2186 I BackupManagerService: Found stale backup journal, scheduling
09-30 09:39:29.159  1105  2186 I chatty  : uid=1000(system) backup identical 2 lines
09-30 09:39:29.159  1105  2186 I BackupManagerService: Found stale backup journal, scheduling
09-30 09:39:29.160  1105  1621 D Boost   : Process is boosted to top app, processName=com.tencent.mm.
09-30 09:39:29.160  1105  2186 I BackupManagerService: Found stale backup journal, scheduling
09-30 09:39:29.181  1105  2186 I chatty  : uid=1000(system) backup identical 15 lines
09-30 09:39:29.181  1105  2186 I BackupManagerService: Found stale backup journal, scheduling
09-30 09:39:29.219  1105  1122 D Boost   : hostingType=service, hostingName=com.lbe.security.miui/com.lbe.security.service.SecurityService, callerPackage=com.miui.securitycenter, isSystem=true, isBoostNeeded=false.
09-30 09:39:29.222  1105  1122 I ActivityManager: Start proc 3596:com.lbe.security.miui/u0a26 for service com.lbe.security.miui/com.lbe.security.service.SecurityService caller=com.miui.securitycenter
09-30 09:39:29.264  1105  2186 I BackupManagerService: Found stale backup journal, scheduling
09-30 09:39:29.302  1105  2186 I chatty  : uid=1000(system) backup identical 28 lines
09-30 09:39:29.302  1105  2186 I BackupManagerService: Found stale backup journal, scheduling
09-30 09:39:29.375  1105  1122 D Boost   : hostingType=service, hostingName=com.baidu.input_mi/.ImeService, callerPackage=android, isSystem=true, isBoostNeeded=false.
09-30 09:39:29.380  1105  1122 I ActivityManager: Start proc 3611:com.baidu.input_mi/u0a143 for service com.baidu.input_mi/.ImeService caller=android
09-30 09:39:29.423  1105  2186 I BackupManagerService: Found stale backup journal, scheduling
09-30 09:39:29.537  1105  2186 I chatty  : uid=1000(system) backup identical 58 lines
09-30 09:39:29.537  1105  2186 I BackupManagerService: Found stale backup journal, scheduling
09-30 09:39:29.551  1105  1124 E BatteryExternalStatsWorker: no controller energy info supplied for wifi
09-30 09:39:29.551  1105  1124 E BatteryExternalStatsWorker: no controller energy info supplied for bluetooth
09-30 09:39:29.566  1105  2041 D PerfShielderService: com.android.systemui|StatusBar|308|47600670617|201|3|2
09-30 09:39:29.629  1105  1124 W BatteryExternalStatsWorker: modem info is invalid: ModemActivityInfo{ mTimestamp=48215 mSleepTimeMs=0 mIdleTimeMs=-2147479378 mTxTimeMs[]=[0, 0, 0, 916, 962] mRxTimeMs=35815 mEnergyUsed=0}
09-30 09:39:29.734  1105  1105 W Looper  : Slow dispatch took 394ms main h=com.android.server.notification.NotificationManagerService$WorkerHandler c=com.android.server.notification.NotificationManagerService$PostNotificationRunnable@6ab7ede m=0
09-30 09:39:29.736  1105  1105 W Looper  : Slow delivery took 385ms main h=com.android.server.accessibility.AbstractAccessibilityServiceConnection$1 c=null m=2048
09-30 09:39:29.761  1105  2255 W ActivityManager: Background start not allowed: service Intent { cmp=com.lbe.parallel/com.lbe.doubleagent.service.proxy.KeepAliveService } to com.lbe.parallel/com.lbe.doubleagent.service.proxy.KeepAliveService from pid=2673 uid=10243 pkg=com.lbe.parallel startFg?=false
09-30 09:39:29.950  1105  1122 D Boost   : hostingType=content provider, hostingName=com.miui.hybrid/org.hapjs.bridge.provider.SettingsProvider, callerPackage=com.miui.hybrid, isSystem=true, isBoostNeeded=false.
09-30 09:39:29.957  1105  2264 I ActivityManager: Start proc 3691:com.miui.hybrid:entrance/u0a48 for content provider com.miui.hybrid/org.hapjs.bridge.provider.SettingsProvider caller=com.miui.hybrid
09-30 09:39:30.005  1105  1105 W Looper  : Drained
09-30 09:39:30.052  2474  2474 W Looper  : Slow Looper main: doFrame is 1592ms late because of 1 msg, msg 1 took 1589ms (late=14ms h=android.os.Handler c=_m_j.glr$1)
09-30 09:39:30.208  1278  1278 W Looper  : Slow Looper main: doFrame is 452ms late because of 1 msg, msg 1 took 458ms (h=com.android.systemui.statusbar.phone.StatusBar$H c=com.android.systemui.statusbar.phone.StatusBar$86$2)
09-30 09:39:30.451  1105  1122 D Boost   : hostingType=service, hostingName=com.eg.android.AlipayGphone/com.alipay.pushsdk.push.NotificationService, callerPackage=com.eg.android.AlipayGphone, isSystem=false, isBoostNeeded=false.
09-30 09:39:30.458  1105  1122 I ActivityManager: Start proc 3791:com.eg.android.AlipayGphone:push/u0a140 for service com.eg.android.AlipayGphone/com.alipay.pushsdk.push.NotificationService caller=com.eg.android.AlipayGphone
09-30 09:39:30.785  1105  2254 I WakePathChecker: MIUILOG-WAKEPATH pushWakePathWhiteList: userId=0 size=4
