09-30 09:39:01.948  1105  1105 I SystemServiceManager: Starting com.android.server.dreams.DreamManagerService
09-30 09:39:01.950  1105  1105 I SystemServer: AddGraphicsStatsService
09-30 09:39:01.954  1105  1105 I SystemServer: StartPrintManager
09-30 09:39:01.954  1105  1105 I SystemServiceManager: Starting com.android.server.print.PrintManagerService
09-30 09:39:01.957  1105  1105 I SystemServer: StartCompanionDeviceManager
09-30 09:39:01.958  1105  1105 I SystemServiceManager: Starting com.android.server.companion.CompanionDeviceManagerService
09-30 09:39:01.961  1105  1105 I SystemServer: StartRestrictionManager
09-30 09:39:01.961  1105  1105 I SystemServiceManager: Starting com.android.server.restrictions.RestrictionsManagerService
09-30 09:39:01.963  1105  1105 I SystemServer: StartMediaSessionService
09-30 09:39:01.963  1105  1105 I SystemServiceManager: Starting com.android.server.media.MediaSessionService
09-30 09:39:01.969  1105  1105 I SystemServer: StartMediaUpdateService
09-30 09:39:01.969  1105  1105 I SystemServiceManager: Starting com.android.server.media.MediaUpdateService
09-30 09:39:01.970  1105  1105 I SystemServer: StartMediaResourceMonitor
09-30 09:39:01.970  1105  1105 I SystemServiceManager: Starting com.android.server.media.MediaResourceMonitorService
09-30 09:39:01.971  1105  1105 I SystemServer: StartMediaRouterService
09-30 09:39:01.974  1105  1105 I SystemServer: StartFingerprintSensor
09-30 09:39:01.974  1105  1105 I SystemServiceManager: Starting com.android.server.fingerprint.FingerprintService
09-30 09:39:01.978  1105  1180 V FingerprintService: mDaemon was null, reconnect to fingerprint
09-30 09:39:01.978  1105  1105 I SystemServer: StartBackgroundDexOptService
09-30 09:39:01.979  1105  1105 I SystemServer: StartPruneInstantAppsJobService
09-30 09:39:01.980  1105  1105 I SystemServer: StartShortcutServiceLifecycle
09-30 09:39:01.980  1105  1105 I SystemServiceManager: Starting com.android.server.pm.ShortcutService$Lifecycle
09-30 09:39:01.981  1105  1180 V FingerprintService: Fingerprint HAL id: 3051433984
09-30 09:39:01.986  1105  1105 I SystemServer: StartLauncherAppsService
09-30 09:39:01.986  1105  1105 I SystemServiceManager: Starting com.android.server.pm.LauncherAppsService
09-30 09:39:01.988  1105  1105 I SystemServer: StartCrossProfileAppsService
09-30 09:39:01.989  1105  1105 I SystemServiceManager: Starting com.android.server.pm.CrossProfileAppsService
09-30 09:39:01.990  1105  1105 I SystemServer: StartMediaProjectionManager
09-30 09:39:01.991  1105  1105 I SystemServiceManager: Starting com.android.server.media.projection.MediaProjectionManagerService
09-30 09:39:01.996  1105  1105 I SystemServer: StartSliceManagerService
09-30 09:39:01.997  1105  1105 I SystemServiceManager: Starting com.android.server.slice.SliceManagerService$Lifecycle
09-30 09:39:02.000  1105  1105 I SystemServer: StartCameraServiceProxy
09-30 09:39:02.001  1105  1105 I SystemServiceManager: Starting com.android.server.camera.CameraServiceProxy
09-30 09:39:02.004  1105  1105 I SystemServer: StartStatsCompanionService
09-30 09:39:02.004  1105  1105 I SystemServiceManager: Starting com.android.server.stats.StatsCompanionService$Lifecycle
09-30 09:39:02.007  1105  1105 I KernelUidCpuFreqTimeReader: mPerClusterTimesAvailable=false
09-30 09:39:02.009  1105  1105 I SystemServer: StartJitCompilation
09-30 09:39:02.009  1105  1105 I SystemServer: StartMmsService
09-30 09:39:02.009  1105  1105 I SystemServiceManager: Starting com.android.server.MmsServiceBroker
09-30 09:39:02.011  1105  1105 I SystemServer: StartAutoFillService
09-30 09:39:02.011  1105  1105 I SystemServiceManager: Starting com.android.server.autofill.AutofillManagerService
09-30 09:39:02.013  1105  1105 I AutofillManagerService: Setting debug to false
09-30 09:39:02.015  1105  1105 I MtkSystemServerImpl: startOtherMtkService 
09-30 09:39:02.016  1105  1105 I MtkSystemServerImpl: StartSearchEngineManagerService
09-30 09:39:02.020  1105  1105 E MtkSystemServerImpl: com.mediatek.fmradio.FmRadioPackageManager not found 
09-30 09:39:02.021  1105  1105 I MtkSystemServerImpl: StartPowerHalMgrService
09-30 09:39:02.022  1105  1105 I SystemServiceManager: Starting com.mediatek.powerhalservice.PowerHalMgrService
09-30 09:39:02.027  1105  1105 D PowerHalMgrService: Start PowerHalMgrService.
09-30 09:39:02.028  1105  1105 I SystemServer: MakeVibratorServiceReady
09-30 09:39:02.036  1105  1105 I SystemServer: MakeLockSettingsServiceReady
09-30 09:39:02.060  1105  1105 I SyntheticPasswordManager: Device does not support weaver
09-30 09:39:02.061  1105  1105 I LockSettingsService: Device doesn't implement AuthSecret HAL
09-30 09:39:02.063  1105  1105 E LockSettingsStorage: Cannot read file java.io.FileNotFoundException: /data/system/gatekeeper.password.key: open failed: ENOENT (No such file or directory)
09-30 09:39:02.064  1105  1105 E LockSettingsStorage: Cannot read file java.io.FileNotFoundException: /data/system/password.key: open failed: ENOENT (No such file or directory)
09-30 09:39:02.064  1105  1105 E LockSettingsStorage: Cannot read file java.io.FileNotFoundException: /data/system/gatekeeper.pattern.key: open failed: ENOENT (No such file or directory)
09-30 09:39:02.065  1105  1105 E LockSettingsStorage: Cannot read file java.io.FileNotFoundException: /data/system/gatekeeper.gesture.key: open failed: ENOENT (No such file or directory)
09-30 09:39:02.065  1105  1105 E LockSettingsStorage: Cannot read file java.io.FileNotFoundException: /data/system/gesture.key: open failed: ENOENT (No such file or directory)
09-30 09:39:02.066  1105  1105 I SystemServer: StartBootPhaseLockSettingsReady
09-30 09:39:02.066  1105  1105 I SystemServiceManager: Starting phase 480
09-30 09:39:02.077  1105  1105 I DevicePolicyManager: Set ro.device_owner property to false
09-30 09:39:02.083  1105  1105 I SystemServiceManager: Starting phase 480 done
09-30 09:39:02.083  1105  1105 I SystemServer: StartBootPhaseSystemServicesReady
09-30 09:39:02.083  1105  1105 I SystemServiceManager: Starting phase 500
09-30 09:39:02.085  1105  1105 D AppStandbyController: Setting app idle enabled state
09-30 09:39:02.096  1105  1105 I VrManagerService: No default vr listener service found.
09-30 09:39:02.119  1105  1105 W ActivityManager: Unable to start service Intent { flg=0x100 cmp=com.mediatek.security/.service.PermControlService } U=0: not found
09-30 09:39:02.128  1105  1105 I WifiService: WifiService starting up with Wi-Fi disabled
09-30 09:39:02.141   605   605 E wificond: No interface is found
09-30 09:39:02.256  1105  1105 W SoundTriggerHelper: listModules status=0, # of modules=0
09-30 09:39:02.264  1105  1245 D DisplayFeatureManager: setScreenEffect mode=0 value=2
09-30 09:39:02.265  1105  1105 D PowerHalMgrService: onBootPhase PowerHalMgrService.
09-30 09:39:02.265  1105  1105 I SystemServiceManager: Starting phase 500 done
09-30 09:39:02.266  1105  1105 I SystemServer: MakeWindowManagerServiceReady
09-30 09:39:02.289  1105  1105 D MiuiGestureController: hasNavigationBar: true
09-30 09:39:02.292  1105  1105 I SystemServer: MakePowerManagerServiceReady
09-30 09:39:02.301  1105  1105 I AutomaticBrightnessControllerInjector: AUTO_BRIGHTNESS_MIN_NIT_SPLINE: MonotoneCubicSpline{[(10.0, 1.0: 0.2), (15.0, 2.0: 0.2), (20.0, 3.0: 0.2), (25.0, 4.0: 0.2)]}
09-30 09:39:02.519  1105  1180 V FingerprintService: Enumerating user(0)
09-30 09:39:02.520  1105  1180 V FingerprintService: starting client InternalEnumerateClient(android), initiatedByClient = true
09-30 09:39:02.693  1105  1105 I SystemServer: MakePackageManagerServiceReady
09-30 09:39:02.693  1105  1105 D SecSpaceManagerService: init SecSpaceManagerService
09-30 09:39:02.694  1105  1105 W ContextImpl: Calling a method in the system process without a qualified user: android.app.ContextImpl.startService:1542 com.miui.server.SecSpaceManagerService.startSecSpace:56 com.miui.server.SecSpaceManagerService.init:41 com.android.server.pm.PackageManagerServiceInjector.beforeSystemReady:1350 com.android.server.pm.PackageManagerService.systemReady:21779 
09-30 09:39:02.703  1105  1132 I WindowManager: Screen turning on...
09-30 09:39:02.703  1105  1132 W KeyguardServiceDelegate: onScreenTurningOn(): no keyguard service!
09-30 09:39:02.705  1105  1105 I GreenKidManagerService: Disable GreenGuard agent : [ com.miui.greenguard] .
09-30 09:39:02.746  1105  1132 W BackLightController: brightness dynamic range not support.
09-30 09:39:02.746  1105  1132 D DisplayPowerController: Animating brightness: target=67, rate=308
09-30 09:39:02.851  1105  1105 V UserDataPreparer: Found /data/user_de/0 with serial number 0
09-30 09:39:02.851  1105  1105 V UserDataPreparer: Found /data/user_de/999 with serial number 12
09-30 09:39:02.852  1105  1105 V UserDataPreparer: Found /data/user_de/10 with serial number 11
09-30 09:39:02.852  1105  1105 V UserDataPreparer: Found /data/user/0 with serial number 0
09-30 09:39:02.852  1105  1105 V UserDataPreparer: Found /data/user/999 with serial number 12
09-30 09:39:02.852  1105  1105 V UserDataPreparer: Found /data/user/10 with serial number 11
09-30 09:39:02.852  1105  1105 V UserDataPreparer: Found /data/system_de/0 with serial number 0
09-30 09:39:02.852  1105  1105 V UserDataPreparer: Found /data/system_de/999 with serial number 12
09-30 09:39:02.852  1105  1105 V UserDataPreparer: Found /data/system_de/10 with serial number 11
09-30 09:39:02.852  1105  1105 V UserDataPreparer: Found /data/system_ce/0 with serial number 0
09-30 09:39:02.852  1105  1105 V UserDataPreparer: Found /data/system_ce/999 with serial number 12
09-30 09:39:02.852  1105  1105 V UserDataPreparer: Found /data/system_ce/10 with serial number 11
09-30 09:39:02.852  1105  1105 V UserDataPreparer: Found /data/misc_ce/0 with serial number 0
09-30 09:39:02.857  1105  1105 V UserDataPreparer: Found /data/misc_ce/999 with serial number 12
09-30 09:39:02.872  1105  1105 V UserDataPreparer: Found /data/misc_ce/10 with serial number 11
09-30 09:39:02.877  1105  1105 I SystemServer: MakeDisplayManagerServiceReady
09-30 09:39:02.878  1105  1105 I SystemServer: StartDeviceSpecificServices
09-30 09:39:02.878  1105  1105 I SystemServer: StartBootPhaseDeviceSpecificServicesReady
09-30 09:39:02.878  1105  1105 I SystemServiceManager: Starting phase 520
09-30 09:39:02.878  1105  1105 I SystemServiceManager: Starting phase 520 done
09-30 09:39:02.879  1105  1105 D AmsExtImpl: onSystemReady
09-30 09:39:02.880  1105  1105 W UsageStatsService: Event reported without a package name
09-30 09:39:02.880  1105  1105 W UsageStatsService: Event reported without a package name
09-30 09:39:02.890  1105  1105 I ActivityManager: System now ready
09-30 09:39:02.893  1105  1217 D WifiP2pService: P2pDisabledState{ when=0 what=143376 target=com.android.internal.util.StateMachine$SmHandler }
09-30 09:39:02.896  1105  1128 D WifiDisplayController: loadDebugLevel, debugLevel = 0
09-30 09:39:02.896  1105  1128 I WifiDisplayController: updateWfdEnableState(), mWifiDisplayOnSetting:false, mWifiP2pEnabled:false
09-30 09:39:02.896  1105  1128 I WifiDisplayController: updateWfdInfo(), enable:false,mWfdEnabling:false
09-30 09:39:02.897  1105  1105 I ActivityManager: Config changes=100 {1.0 ?mcc?mnc [zh_CN] ldltr sw360dp w360dp h648dp 320dpi nrml long port finger -keyb/v/h -nav/h winConfig={ mBounds=Rect(0, 0 - 0, 0) mAppBounds=Rect(0, 0 - 720, 1344) mWindowingMode=fullscreen mActivityType=undefined} s.7 themeChanged=0 themeChangedFlags=0}
09-30 09:39:02.897  1105  1128 D WifiDisplayController: reportFeatureState(), featureState = 2
09-30 09:39:02.897  1105  1217 D WifiP2pService: P2pDisabledState{ when=0 what=139323 arg2=1 obj=WFD enabled: falseWFD DeviceInfo: 0
09-30 09:39:02.897  1105  1217 D WifiP2pService:  WFD CtrlPort: 0
09-30 09:39:02.897  1105  1217 D WifiP2pService:  WFD MaxThroughput: 0 target=com.android.internal.util.StateMachine$SmHandler }
09-30 09:39:02.897  1105  1217 D WifiP2pService: DefaultState{ when=0 what=139323 arg2=1 obj=WFD enabled: falseWFD DeviceInfo: 0
09-30 09:39:02.897  1105  1217 D WifiP2pService:  WFD CtrlPort: 0
09-30 09:39:02.897  1105  1217 D WifiP2pService:  WFD MaxThroughput: 0 target=com.android.internal.util.StateMachine$SmHandler }
09-30 09:39:02.897  1105  1128 I WifiDisplayController: updateScanState(), mSinkEnabled:falsemDiscoverPeersInProgress:false
09-30 09:39:02.897  1105  1128 I WifiDisplayController: disconnect, mRemoteDisplayInterface = null
09-30 09:39:02.897  1105  1128 I WifiDisplayController: updateScanState(), mSinkEnabled:falsemDiscoverPeersInProgress:false
09-30 09:39:02.898  1105  1128 I WifiDisplayController: RealMetrics, Width = 720, Height = 1440
09-30 09:39:02.898  1105  1105 I ActivityManager: Override config changes=100 {1.0 ?mcc?mnc [zh_CN] ldltr sw360dp w360dp h648dp 320dpi nrml long port finger -keyb/v/h -nav/h winConfig={ mBounds=Rect(0, 0 - 720, 1440) mAppBounds=Rect(0, 0 - 720, 1344) mWindowingMode=fullscreen mActivityType=undefined} s.7 themeChanged=0 themeChangedFlags=0} for displayId=0
09-30 09:39:02.899  1105  1128 D WifiDisplayController: registerEMObserver(), tt:20,nt:60,res:0,ps:1,psd:10,so:1
09-30 09:39:02.900  1105  1128 I WifiDisplayController: mResolution:0, resolutionIndex: 5
09-30 09:39:02.925  1105  1105 I SystemServer: Making services ready
09-30 09:39:02.925  1105  1105 I SystemServer: StartActivityManagerReadyPhase
09-30 09:39:02.925  1105  1105 I SystemServiceManager: Starting phase 550
09-30 09:39:02.927  1105  1128 I WifiDisplayController: actionAtDisconnected
09-30 09:39:02.927  1105  1128 E WifiDisplayController: actionAtDisconnected, null display
09-30 09:39:02.928  1105  1128 E WifiDisplayController: WFD disconnected, and WifiLock isn't Held!
09-30 09:39:02.928  1105  1128 D WifiDisplayController: updateChosenCapability(), connected:false, capability:, portrait:false
09-30 09:39:02.929  1105  1128 I WifiDisplayController: hideLatencyPanel
09-30 09:39:02.930  1105  1128 D WifiDisplayController: callback onFeatureStateChanged(): featureState = 2
09-30 09:39:02.931  1105  1128 I ActivityManager: Config changes=100 {1.0 ?mcc?mnc [zh_CN] ldltr sw360dp w360dp h648dp 320dpi nrml long port finger -keyb/v/h -nav/h winConfig={ mBounds=Rect(0, 0 - 0, 0) mAppBounds=Rect(0, 0 - 720, 1344) mWindowingMode=fullscreen mActivityType=undefined} s.8 themeChanged=0 themeChangedFlags=0}
09-30 09:39:02.932  1105  1128 I ActivityManager: Override config changes=100 {1.0 ?mcc?mnc [zh_CN] ldltr sw360dp w360dp h648dp 320dpi nrml long port finger -keyb/v/h -nav/h winConfig={ mBounds=Rect(0, 0 - 720, 1440) mAppBounds=Rect(0, 0 - 720, 1344) mWindowingMode=fullscreen mActivityType=undefined} s.8 themeChanged=0 themeChangedFlags=0} for displayId=0
09-30 09:39:03.665  1105  1171 I PackageManager: Deferred reconcileAppsData finished 233 packages
09-30 09:39:06.622  1105  1105 W SystemServiceManager: Service com.android.server.content.ContentService$Lifecycle took 3694 ms in onBootPhase
09-30 09:39:06.695  1105  1105 W InputMethodManagerService: Default IME is uninstalled. Choose new default IME.
09-30 09:39:06.836  1105  1105 W InputMethodManagerService: Illegal subtype state: old subtype = null, new subtype = android.view.inputmethod.InputMethodSubtype@6c61b14
09-30 09:39:06.851  1105  1105 W SystemServiceManager: Service com.android.server.InputMethodManagerService$Lifecycle took 227 ms in onBootPhase
09-30 09:39:06.852  1105  1203 D StorageManagerService: Thinking about init, mSystemReady=true, mDaemonConnected=true
09-30 09:39:06.852  1105  1203 D StorageManagerService: Setting up emulation state, initlocked=false
09-30 09:39:06.852   404   412 D vold    : e4crypt_unlock_user_key 0 serial=0 token_present=0
09-30 09:39:06.853   404   412 D vold    : e4crypt_unlock_user_key 10 serial=11 token_present=0
09-30 09:39:06.861   404   412 D vold    : e4crypt_unlock_user_key 999 serial=12 token_present=0
09-30 09:39:06.862  1105  1122 D Boost   : hostingType=service, hostingName=com.sohu.inputmethod.sogou.xiaomi/.SogouIME, callerPackage=android, isSystem=true, isBoostNeeded=false.
09-30 09:39:06.862  1105  1203 D StorageManagerService: Thinking about reset, mSystemReady=true, mDaemonConnected=true
09-30 09:39:06.863  1105  1120 I ActivityManager: Force stopping com.android.providers.media appid=10017 user=-1: vold reset
09-30 09:39:06.864  1105  1105 I SystemServiceManager: Starting phase 550 done
09-30 09:39:06.864  1105  1105 I SystemServer: StartObservingNativeCrashes
09-30 09:39:06.865  1105  1116 V StorageManagerService: Found primary storage at VolumeInfo{emulated}:
09-30 09:39:06.865  1105  1116 V StorageManagerService:     type=EMULATED diskId=null partGuid= mountFlags=0 mountUserId=-1 
09-30 09:39:06.865  1105  1116 V StorageManagerService:     state=UNMOUNTED 
09-30 09:39:06.865  1105  1116 V StorageManagerService:     fsType=null fsUuid=null fsLabel=null 
09-30 09:39:06.865  1105  1116 V StorageManagerService:     path=null internalPath=null 
09-30 09:39:06.866  1105  1105 I SystemServer: StartSystemUI
09-30 09:39:06.866  1105  1117 I SystemServer: WebViewFactoryPreparation
09-30 09:39:06.867  1105  1198 I UsbPortManager: ClientCallback: dual-role-usb20
09-30 09:39:06.868  1105  1230 D BluetoothManagerService: Trying to bind to profile: 1, while Bluetooth was disabled
09-30 09:39:06.869  1105  1122 I ActivityManager: Start proc 1261:com.sohu.inputmethod.sogou.xiaomi/u0a53 for service com.sohu.inputmethod.sogou.xiaomi/.SogouIME caller=android
09-30 09:39:06.870  1105  1126 I UsbPortManager: USB port added: port=UsbPort{id=dual-role-usb20, supportedModes=dual}, status=UsbPortStatus{connected=false, currentMode=none, currentPowerRole=no-power, currentDataRole=no-data, supportedRoleCombinations=[no-power:no-data]}, canChangeMode=false, canChangePowerRole=false, canChangeDataRole=false
09-30 09:39:06.874  1105  1105 I SystemServer: MakeNetworkManagementServiceReady
09-30 09:39:06.874  1105  1203 I MountServiceIdlerInjector: sNextTrimDuration :  7200000
09-30 09:39:06.875  1105  1105 D NetworkManagement: enabling bandwidth control
09-30 09:39:06.879   404   412 V vold    : Waiting for FUSE to spin up...
09-30 09:39:06.881  1105  1132 D DisplayPowerController: Animating brightness: target=90, rate=308
09-30 09:39:06.887  1105  1122 D Boost   : hostingType=service, hostingName=com.android.systemui/.SystemUIService, callerPackage=android, isSystem=true, isBoostNeeded=false.
09-30 09:39:06.890  1105  1122 I ActivityManager: Start proc 1278:com.android.systemui/1000 for service com.android.systemui/.SystemUIService caller=android
09-30 09:39:06.898  1105  1105 I SystemServer: MakeIpSecServiceReady
09-30 09:39:06.900  1105  1124 E BatteryExternalStatsWorker: no controller energy info supplied for wifi
09-30 09:39:06.900  1105  1124 E BatteryExternalStatsWorker: no controller energy info supplied for telephony
09-30 09:39:06.900  1105  1105 D IpSecService: IpSecService is ready
09-30 09:39:06.900  1105  1105 I SystemServer: MakeNetworkStatsServiceReady
09-30 09:39:06.909  1105  1105 V NetworkStatsRecorder: setPersistThreshold() with 2097152
09-30 09:39:06.910  1105  1105 I chatty  : uid=1000 system_server identical 1 line
09-30 09:39:06.910  1272  1272 W sdcard  : Device explicitly enabled sdcardfs
09-30 09:39:06.910  1105  1105 V NetworkStatsRecorder: setPersistThreshold() with 2097152
09-30 09:39:06.910  1105  1105 V NetworkStatsRecorder: setPersistThreshold() with 2097152
09-30 09:39:06.910  1105  1105 D NetworkStatsRecorder: loadLocked() reading from disk for xt
09-30 09:39:06.934  1105  1210 W NetworkPolicy: setRestrictBackgroundUL: already false
09-30 09:39:06.937  1105  1122 D Boost   : hostingType=, hostingName=null, callerPackage=Webview, isSystem=true, isBoostNeeded=false.
09-30 09:39:06.939  1105  1122 I ActivityManager: Start proc 1300:WebViewLoader-armeabi-v7a/1037 [android.webkit.WebViewLibraryLoader$RelroFileCreator] for  caller=Webview
09-30 09:39:07.016  1105  1105 I SystemServer: MakeConnectivityServiceReady
09-30 09:39:07.169  1105  1105 I SystemServer: MakeNetworkPolicyServiceReady
09-30 09:39:07.169  1105  1105 I SystemServer: StartWatchdog
09-30 09:39:07.170  1105  1105 I SystemServer: PhaseThirdPartyAppsCanStart
09-30 09:39:07.170  1105  1105 I SystemServiceManager: Starting phase 600
09-30 09:39:07.192  1105  1124 E BatteryExternalStatsWorker: no controller energy info supplied for wifi
09-30 09:39:07.192  1105  1124 E BatteryExternalStatsWorker: no controller energy info supplied for bluetooth
09-30 09:39:07.192  1105  1124 E BatteryExternalStatsWorker: no controller energy info supplied for telephony
09-30 09:39:07.196  1105  1124 W KernelCpuProcReader: File not exist: /proc/uid_cpupower/time_in_state
09-30 09:39:07.197  1105  1124 W KernelCpuProcReader: File not exist: /proc/uid_cpupower/concurrent_active_time
09-30 09:39:07.197  1105  1124 W KernelCpuProcReader: File not exist: /proc/uid_cpupower/concurrent_policy_time
09-30 09:39:07.197  1105  1236 I UsbPortManager: ClientCallback: dual-role-usb20
09-30 09:39:07.198  1105  1126 I UsbPortManager: USB port changed: port=UsbPort{id=dual-role-usb20, supportedModes=dual}, status=UsbPortStatus{connected=true, currentMode=ufp, currentPowerRole=sink, currentDataRole=device, supportedRoleCombinations=[sink:device]}, canChangeMode=false, canChangePowerRole=false, canChangeDataRole=false
09-30 09:39:07.211  1105  1105 V WallpaperManagerService: bindWallpaperComponentLocked: componentName=ComponentInfo{com.android.systemui/com.android.systemui.ImageWallpaper}
09-30 09:39:07.215  1105  1269 I ActivityManager: Process WebViewLoader-armeabi-v7a (pid 1300) has died: psvc PER 
09-30 09:39:07.226   606   712 D MtkOmxAdpcmDec: MtkOmxAdpcmDec Construct !!!
09-30 09:39:07.229   606  1340 D MtkOmxAdpcmDec: MtkOmxAdpcmDec Deconstruct !!!
09-30 09:39:07.233   606  1340 D MtkOmxAdpcmDec: MtkOmxAdpcmDec Construct !!!
09-30 09:39:07.236  1105  1120 W ProcessCpuTracker: Skipping unknown process pid 1300
09-30 09:39:07.237   606  1340 D MtkOmxAdpcmDec: MtkOmxAdpcmDec Deconstruct !!!
09-30 09:39:07.245  1105  1209 W NetworkStatsRecorder: unknown interfaces [lo], ignoring those stats
09-30 09:39:07.245  1105  1209 W NetworkStatsRecorder: unknown interfaces [lo], ignoring those stats
09-30 09:39:07.290  1105  1105 W DreamManagerService: Dream ComponentInfo{com.miui.aod/com.miui.aod.doze.DozeService} does not exist
09-30 09:39:07.328   606   712 D MtkOmxApeDec: MtkOmxApeDec::MtkOmxApeDec(APE) this= 0xa6c3fe00
09-30 09:39:07.331   437   437 D         : create:in_size:5184,working_BUF_size:34908,out_size:5184
09-30 09:39:07.331   606   712 D MtkOmxApeDec: ctor:in_size:5184,out_size:5184
09-30 09:39:07.331   606   712 D MtkOmxApeDec: MtkOmxApeDec::InitAudioParams(APE)
09-30 09:39:07.340   606  1340 D MtkOmxApeDec: ~dtor- this= 0xa6c3fe00
09-30 09:39:07.395   606   606 D MtkOmxGsmDec: MtkOmxComponentCreate +++ !!!
09-30 09:39:07.396   606   606 D MtkOmxGsmDec: MtkOmxGsmDec Construct !!!
09-30 09:39:07.396   606   606 D MtkOmxGsmDec: Init Audio(GSM) Params!!!
09-30 09:39:07.397   606  1362 D MtkOmxGsmDec: MtkOmxGsmDec Deconstruct !!!
09-30 09:39:07.410   606   606 D MtkOmxMp3Dec: JB MtkOmxMp3Dec::MtkOmxMp3Dec this= 0xa6c39000
09-30 09:39:07.411   606   606 D MtkOmxMp3Dec: JB MtkOmxMp3Dec::InitAudioParams(MP3)
09-30 09:39:07.412   606  1362 D MtkOmxMp3Dec: JB ~MtkOmxMp3Dec this= 0xa6c39000
09-30 09:39:07.425  1105  1105 I StatsCompanionService: Told statsd that StatsCompanionService is alive.
09-30 09:39:07.425  1105  1105 W SystemServiceManager: Service com.android.server.stats.StatsCompanionService$Lifecycle took 135 ms in onBootPhase
09-30 09:39:07.427  1105  1105 I SystemServiceManager: Starting phase 600 done
09-30 09:39:07.427  1105  1105 I SystemServer: MakeLocationServiceReady
09-30 09:39:07.452  1105  1105 W LocationProviderProxy-network: Odd, no component found for service com.android.location.service.v3.NetworkLocationProvider
09-30 09:39:07.454  1105  1105 W LocationProviderProxy-fused: Odd, no component found for service com.android.location.service.FusedLocationProvider
09-30 09:39:07.455  1105  1105 W GeocoderProxy: Odd, no component found for service com.android.location.service.GeocodeProvider
09-30 09:39:07.459  1105  1105 D LocationManagerService: Unable to bind FLP Geofence proxy.
09-30 09:39:07.459  1105  1105 D LocationManagerService: Hardware Activity-Recognition not supported.
09-30 09:39:07.461  1105  1105 D LocationManagerService: Unable to bind ActivityRecognitionProxy.
09-30 09:39:07.465  1105  1105 D LocationPolicy: systemRunning()
09-30 09:39:07.466  1105  1105 V LocationPolicy: readPolicyLocked()
09-30 09:39:07.510  1105  1105 I MiuiGpsProvider: register provider status
09-30 09:39:07.510  1105  1105 D LocationPolicy: register Status in strategy
09-30 09:39:07.510  1105  1105 I MiuiGpsProvider: create miui gps provider
09-30 09:39:07.510  1105  1105 I SystemServer: MakeCountryDetectionServiceReady
09-30 09:39:07.511  1105  1105 I SystemServer: MakeNetworkTimeUpdateReady
09-30 09:39:07.518  1105  1105 I SystemServer: MakeCommonTimeManagementServiceReady
09-30 09:39:07.520  1105  1105 I SystemServer: MakeInputManagerServiceReady
09-30 09:39:07.522  1105  1105 D InputManager: wakeup modeOn = false
09-30 09:39:07.522  1105  1105 I SystemServer: MakeTelephonyRegistryReady
09-30 09:39:07.523  1105  1105 I SystemServer: MakeMediaRouterServiceReady
09-30 09:39:07.524  1105  1105 I SystemServer: MakeMmsServiceReady
09-30 09:39:07.524  1105  1105 I MmsServiceBroker: Delay connecting to MmsService until an API is called
09-30 09:39:07.524  1105  1105 I SystemServer: IncidentDaemonReady
09-30 09:39:07.526  1105  1105 I SystemServiceManager: Calling onStartUser u0
09-30 09:39:07.564  1261  1261 E ActivityThread: Failed to find provider info for com.sohu.inputmethod.sogou.xiaomi.multiprovider
09-30 09:39:07.566  1261  1261 E ActivityThread: Failed to find provider info for com.sohu.inputmethod.sogou.xiaomi.multiprovider
09-30 09:39:07.696  1105  1269 W UsageStatsService: Event reported without a package name
09-30 09:39:07.696  1105  1269 W UsageStatsService: Event reported without a package name
09-30 09:39:07.704  1105  1121 W WindowManager: Keyguard drawn timeout. Setting mKeyguardDrawComplete
09-30 09:39:07.704  1105  1121 I WindowManager: All windows ready for display!
09-30 09:39:07.705  1105  1121 W WindowManager: Setting mWindowManagerDrawComplete
09-30 09:39:07.705  1105  1121 I WindowManager: finishScreenTurningOn: mAwake=false, mScreenOnEarly=true, mScreenOnFully=false, mKeyguardDrawComplete=true, mWindowManagerDrawComplete=true
09-30 09:39:07.705  1105  1121 I WindowManager: Finished screen turning on...
09-30 09:39:07.820  1105  1122 D Boost   : hostingType=content provider, hostingName=com.android.settings/.cloud.CloudSettingsProvider, callerPackage=com.android.systemui, isSystem=true, isBoostNeeded=false.
09-30 09:39:07.822  1105  1122 I ActivityManager: Start proc 1429:com.android.settings:remote/1000 for content provider com.android.settings/.cloud.CloudSettingsProvider caller=com.android.systemui
09-30 09:39:07.823  1261  1427 E ActivityThread: Failed to find provider info for com.sohu.inputmethod.sogou.xiaomi.multiprovider
09-30 09:39:07.856  1261  1427 E ActivityThread: Failed to find provider info for com.sohu.inputmethod.sogou.xiaomi.multiprovider
09-30 09:39:08.179  1105  1105 W SystemServiceManager: Service com.android.server.om.OverlayManagerService took 653 ms in onStartUser 
09-30 09:39:08.191  1105  1105 D ActivityManagerServiceInjector: Remove:com.android.phone in mProtectedProcessList
09-30 09:39:08.193  1105  1105 I ActivityManager: START u0 {act=android.intent.action.MAIN cat=[android.intent.category.HOME] flg=0x10000100 cmp=com.miui.home/.launcher.Launcher} from uid 0
09-30 09:39:08.265  1105  1105 I ActivityManager: Loaded persisted task ids for user 0
09-30 09:39:08.597   619   619 I sn      : Retry 2
09-30 09:39:08.597   619   619 I sn      : Fail to access err=2
09-30 09:39:08.597   619   619 I chatty  : uid=1000(system) identical 1 line
09-30 09:39:08.597   619   619 I sn      : Fail to access err=2
09-30 09:39:08.597   619   619 I sn      : Check all possible paths
09-30 09:39:08.624  1105  1105 I SplashScreenServiceDelegate: Register BOOT_COMPLETED receiver
09-30 09:39:08.625  1105  1105 I SplashScreenServiceDelegate: Register debugger receiver
09-30 09:39:08.626  1105  1121 W Looper  : Slow dispatch took 438ms android.ui h=com.android.server.am.ActivityManagerService$UiHandler c=null m=53
09-30 09:39:08.629  1105  1105 D SystemServerInitThreadPool: Shutdown successful
09-30 09:39:08.631  1105  1105 I SystemServer: Entered the Android system server main thread loop.
09-30 09:39:08.632  1105  1126 W DreamManagerService: Dream ComponentInfo{com.miui.aod/com.miui.aod.doze.DozeService} does not exist
09-30 09:39:08.632  1105  1105 W Looper  : Slow delivery took 8232ms main h=android.os.Handler c=com.android.server.BatteryService$11@7570ea0 m=0
09-30 09:39:08.633  1105  1375 W LocationProviderProxy-network: Odd, no component found for service com.android.location.service.v3.NetworkLocationProvider
09-30 09:39:08.633  1105  1375 W LocationProviderProxy-fused: Odd, no component found for service com.android.location.service.FusedLocationProvider
09-30 09:39:08.633  1105  1375 W GeocoderProxy: Odd, no component found for service com.android.location.service.GeocodeProvider
09-30 09:39:08.639  1105  1122 D Boost   : hostingType=added application, hostingName=se.dirac.acs, callerPackage=android, isSystem=true, isBoostNeeded=false.
09-30 09:39:08.640  1105  1105 V SettingsProvider: Notifying for 0: content://settings/system/long_press_power_key
09-30 09:39:08.642  1105  1122 I ActivityManager: Start proc 1541:se.dirac.acs/u0a22 for added application se.dirac.acs caller=android
09-30 09:39:08.643  1105  1105 V SettingsProvider: Notifying for 0: content://settings/system/long_press_power_key
09-30 09:39:08.644  1105  1105 V SettingsProvider: Notifying for 0: content://settings/secure/screen_buttons_state
09-30 09:39:08.645  1105  1105 V SettingsProvider: Notifying for 0: content://settings/global/network_watchlist_last_report_time
09-30 09:39:08.676  1105  1122 D Boost   : hostingType=added application, hostingName=com.android.phone, callerPackage=android, isSystem=true, isBoostNeeded=false.
09-30 09:39:08.681  1105  1122 I ActivityManager: Start proc 1553:com.android.phone/1001 for added application com.android.phone caller=android
09-30 09:39:08.711  1105  1105 D ConditionProviders.SCP: onConnected
09-30 09:39:08.711  1105  1122 D Boost   : hostingType=activity, hostingName=com.miui.home/.launcher.Launcher, callerPackage=null, isSystem=true, isBoostNeeded=false.
09-30 09:39:08.719  1105  1122 I ActivityManager: Start proc 1580:com.miui.home/u0a10 for activity com.miui.home/.launcher.Launcher caller=null
09-30 09:39:08.754  1105  1122 D Boost   : hostingType=service, hostingName=com.miui.weather2/.service.job.ScheduleCheckService, callerPackage=android, isSystem=true, isBoostNeeded=false.
09-30 09:39:08.755  1105  1105 V SettingsProvider: Notifying for 0: content://settings/system/screen_game_mode
09-30 09:39:08.756  1105  1105 V FingerprintService: Done with client: android
09-30 09:39:08.756  1105  1105 V FingerprintService: clearEnumerateState()
09-30 09:39:08.757  1105  1122 I ActivityManager: Start proc 1600:com.miui.weather2/u0a116 for service com.miui.weather2/.service.job.ScheduleCheckService caller=android
09-30 09:39:08.758  1105  1105 V SettingsProvider: Notifying for 0: content://settings/secure/location_providers_allowed
09-30 09:39:08.759  1105  1105 V SettingsProvider: Notifying for 0: content://settings/global/location_global_kill_switch
09-30 09:39:08.766  1105  1105 W ContextImpl: Calling a method in the system process without a qualified user: android.app.ContextImpl.startService:1542 com.android.server.content.SyncManager$14.run:772 android.os.Handler.handleCallback:873 android.os.Handler.dispatchMessage:99 android.os.Looper.loop:201 
09-30 09:39:08.771  1105  1105 V SettingsProvider: Notifying for 0: content://settings/global/boot_count
09-30 09:39:08.774  1105  1127 I EntropyMixer: Writing entropy...
09-30 09:39:08.805  1105  1176 I Timeline: Timeline: App_transition_ready time:27441
09-30 09:39:08.843  1105  1428 E AppIdleHistory: Unable to read app idle file for user -1
09-30 09:39:08.888  1105  1105 D BluetoothManagerService: Trying to bind to profile: 1, while Bluetooth was disabled
09-30 09:39:08.892  1105  1635 I Telecom : BluetoothRouteManager: getBluetoothAudioConnectedDevice: no headset service available.
09-30 09:39:08.900  1105  1105 I Telecom : SystemStateProvider: Registering car mode receiver: android.content.IntentFilter@c1d26a2: TS.init@AAA
09-30 09:39:08.915  1105  1640 I Telecom : Logging.Events: Non-call EVENT: AUDIO_ROUTE, Entering state QuiescentEarpieceRoute
09-30 09:39:08.915  1105  1640 I Telecom : BluetoothRouteManager: getBluetoothAudioConnectedDevice: no headset service available.
09-30 09:39:08.931  1105  1646 I Telecom : CallAudioModeStateMachine: Message received: null.: TS.init->CAMSM.pM_1@AAA
09-30 09:39:08.937  1105  1105 I Telecom : CallLogManager: registerUserSwitchReceiver: TS.init@AAA
09-30 09:39:08.939  1105  1105 I Telecom : MiuiMissedCallNotifierImpl: reloadFromDatabase()...: TS.init@AAA
09-30 09:39:08.939  1105  1105 I Telecom : MiuiMissedCallNotifierImpl: Boot not yet complete -- call log db may not be available. Deferring loading until boot complete.: TS.init@AAA
09-30 09:39:08.939  1105  1105 I Telecom : MiuiMissedCallNotifierImpl: reloadFromDatabase()...: TS.init@AAA
09-30 09:39:08.939  1105  1105 I Telecom : MiuiMissedCallNotifierImpl: Boot not yet complete -- call log db may not be available. Deferring loading until boot complete.: TS.init@AAA
09-30 09:39:08.956  1105  1105 D BluetoothManagerService: Trying to bind to profile: 1, while Bluetooth was disabled
09-30 09:39:08.963  1105  1648 E ActivityThread: Failed to find provider info for call_log
09-30 09:39:08.967  1105  1105 I Telecom : Class: TelecomSystem.INSTANCE being set
09-30 09:39:08.968  1105  1105 W ContextImpl: Calling a method in the system process without a qualified user: android.app.ContextImpl.startService:1542 android.content.ContextWrapper.startService:674 com.android.server.telecom.components.TelecomService.initializeTelecomSystem:229 com.android.server.telecom.components.TelecomService.onBind:74 android.app.ActivityThread.handleBindService:3625 
09-30 09:39:08.970  1105  1105 I Telecom : MtkTelecomServiceImpl: [publish]adding to ServiceManager
09-30 09:39:08.971  1105  1105 W Looper  : Slow dispatch took 121ms main h=android.app.ActivityThread$H c=null m=121
09-30 09:39:08.982  1105  1105 V WiredAccessoryManager: notifyWiredAccessoryChanged: when=0 bits= mask=54
09-30 09:39:08.982  1105  1105 V WiredAccessoryManager: newName=h2w newState=0 headsetState=0 prev headsetState=0
09-30 09:39:08.982  1105  1105 V WiredAccessoryManager: init()
09-30 09:39:08.983  1105  1105 V SettingsProvider: Notifying for 0: content://settings/secure/faceunlock_support_superpower
09-30 09:39:08.988  1105  1105 V FingerprintService: startAuthentication(com.android.systemui), mReqId:0
09-30 09:39:08.989  1105  1105 V FingerprintService: starting client AuthenticationClient(com.android.systemui), initiatedByClient = true
09-30 09:39:09.016  1105  1105 W FingerprintService: client com.android.systemui is authenticating...
09-30 09:39:09.038  1105  1269 I StatusBarManagerService: registerStatusBar bar=com.android.internal.statusbar.IStatusBar$Stub$Proxy@364533b
09-30 09:39:09.080  1105  1176 I Timeline: Timeline: App_transition_ready time:27716
09-30 09:39:09.091  1105  1105 I Timeline: Timeline: App_transition_ready time:27727
09-30 09:39:09.297  1278  1278 I MiuiKeyguardDualClock: update resident timeZone:Asia/Shanghai
09-30 09:39:09.299  1278  1278 I MiuiKeyguardDualClock: update local timeZone:Etc/GMT-8
09-30 09:39:09.306  1105  1120 W ActivityManager: Activity pause timeout for ActivityRecord{8710fb3 u0 com.miui.home/.launcher.Launcher t1}
09-30 09:39:09.307  1105  1120 I Timeline: Timeline: App_transition_ready time:27943
09-30 09:39:09.312  1105  1120 I Timeline: Timeline: App_transition_ready time:27948
09-30 09:39:09.313  1105  1120 I Timeline: Timeline: App_transition_ready time:27949
09-30 09:39:09.351  1278  1663 E ActivityThread: Failed to find provider info for com.xiaomi.tv.gallerylockscreen.lockscreen_magazine_provider
09-30 09:39:09.411  1105  1621 I ActivityManager: user 0 is still locked. Cannot load recents
09-30 09:39:09.816  1278  1637 E ActivityThread: Failed to find provider info for com.xiaomi.smarthome.ext_cp
09-30 09:39:09.829  1105  1606 W ActivityManager: Receiver with filter android.content.IntentFilter@3395f18 already registered for pid 1429, callerPackage is com.android.settings
09-30 09:39:09.838  1278  1414 E ActivityThread: Failed to find provider info for com.xiaomi.smarthome.ext_cp
09-30 09:39:09.969  1278  1669 D FlashlightController: initCameraFlash: register torch callback
09-30 09:39:09.970  1105  1105 D AccessibilityManagerService: Ignoring non-encryption-aware service ComponentInfo{com.google.android.marvin.talkback/com.google.android.accessibility.accessibilitymenu.AccessibilityMenuService}
09-30 09:39:09.970  1105  1105 D AccessibilityManagerService: Ignoring non-encryption-aware service ComponentInfo{com.miui.personalassistant/com.miui.voicesdk.VoiceAccessibilityService}
09-30 09:39:09.970  1105  1105 D AccessibilityManagerService: Ignoring non-encryption-aware service ComponentInfo{com.miui.securitycenter/com.miui.gamebooster.gbservices.AntiMsgAccessibilityService}
09-30 09:39:09.970  1105  1105 D AccessibilityManagerService: Ignoring non-encryption-aware service ComponentInfo{com.miui.securitycenter/com.miui.luckymoney.service.LuckyMoneyAccessibilityService}
09-30 09:39:09.970  1105  1105 D AccessibilityManagerService: Ignoring non-encryption-aware service ComponentInfo{com.miui.voiceassist/com.miui.voicesdk.VoiceAccessibilityService}
09-30 09:39:09.970  1105  1105 D AccessibilityManagerService: Ignoring non-encryption-aware service ComponentInfo{com.sohu.inputmethod.sogou.xiaomi/com.sohu.inputmethod.flx.quicktype.QuickAccessibilityService}
09-30 09:39:09.970  1105  1105 D AccessibilityManagerService: Ignoring non-encryption-aware service ComponentInfo{com.xiaomi.gamecenter.sdk.service/com.xiaomi.gamecenter.sdk.ui.mifloat.process.DetectService}
09-30 09:39:09.970  1105  1105 D AccessibilityManagerService: Ignoring non-encryption-aware service ComponentInfo{com.baidu.input_mi/com.baidu.acs.service.AcsService}
09-30 09:39:09.970  1105  1105 D AccessibilityManagerService: Ignoring non-encryption-aware service ComponentInfo{com.byfen.market/com.byfen.market.service.ByfenAccessibilityService}
09-30 09:39:09.970  1105  1105 D AccessibilityManagerService: Ignoring non-encryption-aware service ComponentInfo{com.cleanmaster.mguard_cn/com.cleanmaster.boost.acc.service.AccessibilityKillService}
09-30 09:39:09.970  1105  1105 D AccessibilityManagerService: Ignoring non-encryption-aware service ComponentInfo{com.eg.android.AlipayGphone/com.alipay.mobile.rome.voicebroadcast.a11y.A11yService}
09-30 09:39:09.971  1278  1669 D FlashlightController: TorchCallback: onTorchModeChanged: enabled: false
09-30 09:39:09.971  1105  1105 D AccessibilityManagerService: Ignoring non-encryption-aware service ComponentInfo{com.tencent.android.qqdownloader/com.tencent.nucleus.manager.accessibility.YYBAccessibilityService}
09-30 09:39:09.971  1105  1105 D AccessibilityManagerService: Ignoring non-encryption-aware service ComponentInfo{com.tencent.qqlive/com.tencent.qqlive.services.AutoInstallAccessibilityService}
09-30 09:39:09.971  1105  1105 D AccessibilityManagerService: Ignoring non-encryption-aware service ComponentInfo{com.wandoujia.phoenix2/com.pp.assistant.accessibility.AccessibilityService}
09-30 09:39:09.971  1105  1105 D AccessibilityManagerService: Ignoring non-encryption-aware service ComponentInfo{com.xiaomi.o2o/com.xiaomi.o2o.assist.accessibility.O2OAccessibilityService}
09-30 09:39:09.971  1105  1105 D AccessibilityManagerService: Ignoring non-encryption-aware service ComponentInfo{com.xiaomi.scanner/com.xiaomi.scanner.service.AccessibilityServiceMonitor}
09-30 09:39:09.976  1105  1105 W Looper  : Slow dispatch took 884ms main h=android.app.ActivityThread$H c=android.app.-$$Lambda$LoadedApk$ReceiverDispatcher$Args$_BumDX2UKsnxLVrE6UJsJZkotuA@7ccfefd m=0
09-30 09:39:09.978  1105  1105 V NotificationListeners: enabling notification listener for 0: ComponentInfo{com.cleanmaster.mguard_cn/com.cleanmaster.screensave.notification.NotificationListener}
09-30 09:39:09.979  1105  1105 V NotificationListeners: binding: Intent { act=android.service.notification.NotificationListenerService cmp=com.cleanmaster.mguard_cn/com.cleanmaster.screensave.notification.NotificationListener (has extras) }
09-30 09:39:09.980  1105  1105 W ActivityManager: Unable to start service Intent { act=android.service.notification.NotificationListenerService cmp=com.cleanmaster.mguard_cn/com.cleanmaster.screensave.notification.NotificationListener } U=0: not found
09-30 09:39:09.980  1105  1105 W NotificationListeners: Unable to bind notification listener service: Intent { act=android.service.notification.NotificationListenerService cmp=com.cleanmaster.mguard_cn/com.cleanmaster.screensave.notification.NotificationListener (has extras) }
09-30 09:39:09.981  1105  1105 V NotificationListeners: enabling notification listener for 0: ComponentInfo{com.baidu.searchbox/com.baidu.searchbox.lockscreen.notification.NotificationMonitorService}
09-30 09:39:09.981  1105  1105 V NotificationListeners: binding: Intent { act=android.service.notification.NotificationListenerService cmp=com.baidu.searchbox/.lockscreen.notification.NotificationMonitorService (has extras) }
09-30 09:39:09.982  1105  1105 W ActivityManager: Unable to start service Intent { act=android.service.notification.NotificationListenerService cmp=com.baidu.searchbox/.lockscreen.notification.NotificationMonitorService } U=0: not found
09-30 09:39:09.982  1105  1105 W NotificationListeners: Unable to bind notification listener service: Intent { act=android.service.notification.NotificationListenerService cmp=com.baidu.searchbox/.lockscreen.notification.NotificationMonitorService (has extras) }
09-30 09:39:09.982  1105  1105 W NotificationListeners: Not binding notification listener service ComponentInfo{com.miui.systemAdSolution/com.xiaomi.ad.internal.trigger.device.MusicPlayListener}: service not found
09-30 09:39:09.982  1105  1105 V NotificationListeners: enabling notification listener for 0: ComponentInfo{com.miui.powerkeeper/com.miui.powerkeeper.NotificationListener}
09-30 09:39:09.982  1105  1105 V NotificationListeners: binding: Intent { act=android.service.notification.NotificationListenerService cmp=com.miui.powerkeeper/.NotificationListener (has extras) }
09-30 09:39:09.983  1105  1105 W ActivityManager: Unable to start service Intent { act=android.service.notification.NotificationListenerService cmp=com.miui.powerkeeper/.NotificationListener } U=0: not found
09-30 09:39:09.983  1105  1105 W NotificationListeners: Unable to bind notification listener service: Intent { act=android.service.notification.NotificationListenerService cmp=com.miui.powerkeeper/.NotificationListener (has extras) }
09-30 09:39:09.983  1105  1105 V NotificationListeners: enabling notification listener for 0: ComponentInfo{com.miui.analytics/com.miui.analytics.internal.collection.MusicStateListener}
09-30 09:39:09.984  1105  1105 V NotificationListeners: binding: Intent { act=android.service.notification.NotificationListenerService cmp=com.miui.analytics/.internal.collection.MusicStateListener (has extras) }
09-30 09:39:09.984  1105  1105 W ActivityManager: Unable to start service Intent { act=android.service.notification.NotificationListenerService cmp=com.miui.analytics/.internal.collection.MusicStateListener } U=0: not found
09-30 09:39:09.984  1105  1105 W NotificationListeners: Unable to bind notification listener service: Intent { act=android.service.notification.NotificationListenerService cmp=com.miui.analytics/.internal.collection.MusicStateListener (has extras) }
09-30 09:39:09.984  1105  1105 W NotificationListeners: Not binding notification listener service ComponentInfo{com.yidian.xiaomi/com.yidian.news.util.fetchnews.NotifyListenerService}: service not found
09-30 09:39:09.984  1105  1105 V NotificationListeners: enabling notification listener for 0: ComponentInfo{com.xiaomi.xmsf/com.xiaomi.xmsf.push.service.notificationcollection.NotificationListener}
09-30 09:39:09.985  1105  1105 V NotificationListeners: binding: Intent { act=android.service.notification.NotificationListenerService cmp=com.xiaomi.xmsf/.push.service.notificationcollection.NotificationListener (has extras) }
09-30 09:39:09.986  1105  1105 W ActivityManager: Unable to start service Intent { act=android.service.notification.NotificationListenerService cmp=com.xiaomi.xmsf/.push.service.notificationcollection.NotificationListener } U=0: not found
09-30 09:39:09.986  1105  1105 W NotificationListeners: Unable to bind notification listener service: Intent { act=android.service.notification.NotificationListenerService cmp=com.xiaomi.xmsf/.push.service.notificationcollection.NotificationListener (has extras) }
09-30 09:39:09.986  1105  1105 W NotificationListeners: Not binding notification listener service ComponentInfo{com.miui.securitycenter/com.miui.luckymoney.service.LuckyMoneyMonitorService}: it does not require the permission android.permission.BIND_NOTIFICATION_LISTENER_SERVICE
09-30 09:39:09.986  1105  1105 W NotificationListeners: Not binding notification listener service ComponentInfo{com.miui.voiceassist/com.miui.voicesdk.NotificationListener}: service not found
09-30 09:39:09.986  1105  1105 V NotificationListeners: enabling notification listener for 999: ComponentInfo{com.miui.analytics/com.miui.analytics.internal.collection.MusicStateListener}
09-30 09:39:09.986  1105  1105 V NotificationListeners: binding: Intent { act=android.service.notification.NotificationListenerService cmp=com.miui.analytics/.internal.collection.MusicStateListener (has extras) }
09-30 09:39:09.987  1105  1105 W ActivityManager: Unable to start service Intent { act=android.service.notification.NotificationListenerService cmp=com.miui.analytics/.internal.collection.MusicStateListener } U=999: not found
09-30 09:39:09.987  1105  1105 W NotificationListeners: Unable to bind notification listener service: Intent { act=android.service.notification.NotificationListenerService cmp=com.miui.analytics/.internal.collection.MusicStateListener (has extras) }
09-30 09:39:09.987  1105  1105 V NotificationAssistants: enabling notification assistant for 0: ComponentInfo{android.ext.services/android.ext.services.notification.Assistant}
09-30 09:39:09.988  1105  1105 V NotificationAssistants: binding: Intent { act=android.service.notification.NotificationAssistantService cmp=android.ext.services/.notification.Assistant (has extras) }
09-30 09:39:10.006  1105  1122 D Boost   : hostingType=service, hostingName=android.ext.services/.notification.Assistant, callerPackage=android, isSystem=true, isBoostNeeded=false.
09-30 09:39:10.008  1105  1122 I ActivityManager: Start proc 1702:android.ext.services/u0a42 for service android.ext.services/.notification.Assistant caller=android
09-30 09:39:10.039  1278  1278 D QSTileHost: onTuningChanged: unavailable custom tile: com.android.systemui.qs.external.CustomTile@ed09e85
09-30 09:39:10.045  1278  1278 D QSTileHost: onTuningChanged: unavailable custom tile: com.android.systemui.qs.external.CustomTile@bdee7e8
09-30 09:39:10.049  1278  1278 D QSTileHost: onTuningChanged: other key: sysui_qs_elder_mode_tiles
09-30 09:39:10.102  1105  1105 W Looper  : Slow dispatch took 111ms main h=android.app.ActivityThread$H c=android.app.-$$Lambda$LoadedApk$ReceiverDispatcher$Args$_BumDX2UKsnxLVrE6UJsJZkotuA@9b630e6 m=0
09-30 09:39:10.106  1105  1245 D DisplayFeatureManager: setScreenEffect mode=0 value=2
09-30 09:39:10.111  1105  1260 I SyncManager: Got SyncJobService instance.
09-30 09:39:10.117  1105  1105 I Telecom : WiredHeadsetManager: ACTION_HEADSET_PLUG event, plugged in: false, : WHC.oADA@AAE
09-30 09:39:10.124  1105  1105 I AutofillManagerService: Updating Autofill for user 0: disabled=false
09-30 09:39:10.126  1105  1105 E AutofillManagerServiceImpl: Bad AutofillService name: com.miui.contentcatcher/com.miui.contentcatcher.autofill.services.MiuiAutofillService
09-30 09:39:10.126  1105  1105 E AutofillManagerServiceImpl: Bad AutofillService name: com.miui.contentcatcher/com.miui.contentcatcher.autofill.services.MiuiAutofillService
09-30 09:39:10.127  1105  1105 I AutofillManagerService: Updating Autofill for user 999: disabled=false
09-30 09:39:10.127  1105  1105 E AutofillManagerServiceImpl: Bad AutofillService name: com.miui.contentcatcher/com.miui.contentcatcher.autofill.services.MiuiAutofillService
09-30 09:39:10.128  1105  1105 E AutofillManagerServiceImpl: Bad AutofillService name: com.miui.contentcatcher/com.miui.contentcatcher.autofill.services.MiuiAutofillService
09-30 09:39:10.129  1105  1105 V SettingsProvider: Notifying for 0: content://settings/system/navigation_bar_window_loaded
09-30 09:39:10.130  1105  1105 V SettingsProvider: Notifying for 0: content://settings/secure/accessibility_enabled
09-30 09:39:10.131  1105  1105 V SettingsProvider: Notifying for 999: content://settings/secure/accessibility_enabled
09-30 09:39:10.141  1105  1105 W Looper  : Drained
09-30 09:39:10.165  1105  1242 W ActivityManager: Unable to start service Intent { cmp=com.miui.daemon/.performance.SysoptService } U=0: not found
