09-30 09:39:00.725  1105  1105 I SystemServer: StartDropBoxManager
09-30 09:39:00.725  1105  1105 I SystemServiceManager: Starting com.android.server.DropBoxManagerService
09-30 09:39:00.726  1105  1105 I SystemServer: StartVibratorService
09-30 09:39:00.732  1105  1105 I SystemServer: StartConsumerIrService
09-30 09:39:00.735  1105  1105 I SystemServer: StartAlarmManagerService
09-30 09:39:00.735  1105  1105 I MtkSystemServerImpl: startMtkAlarmManagerService
09-30 09:39:00.740  1105  1105 I SystemServiceManager: Starting com.mediatek.server.MtkAlarmManagerService
09-30 09:39:00.747  1105  1105 I SystemServer: InitWatchdog
09-30 09:39:00.748  1105  1105 I SystemServer: StartInputManagerService
09-30 09:39:00.748  1105  1105 I InputManager: Initializing input manager, mUseDevInputEventForAudioJack=true
09-30 09:39:00.753  1105  1105 I SystemServer: StartWindowManagerService
09-30 09:39:00.766  1105  1128 I WindowManager: No existing display settings /data/system/display_settings.xml; starting empty
09-30 09:39:00.782  1105  1105 I SystemServer: SetWindowManagerService
09-30 09:39:00.808  1105  1105 I SystemServer: WindowManagerServiceOnInitReady
09-30 09:39:00.813  1105  1121 D WindowOrientationListener: ctor: com.android.server.policy.PhoneWindowManager$MyOrientationListener@3aca669
09-30 09:39:00.845  1105  1105 I SystemServer: StartVrManagerService
09-30 09:39:00.845  1105  1105 I SystemServiceManager: Starting com.android.server.vr.VrManagerService
09-30 09:39:00.851  1105  1105 I SystemServer: StartInputManager
09-30 09:39:00.851  1105  1105 I InputManager: Starting input manager
09-30 09:39:00.859  1105  1105 I SystemServer: DisplayManagerWindowManagerAndInputReady
09-30 09:39:00.859  1105  1105 I SystemServer: StartBluetoothService
09-30 09:39:00.859  1105  1105 I SystemServiceManager: Starting com.android.server.BluetoothService
09-30 09:39:00.862  1105  1105 D BluetoothManagerService: Loading stored name and address
09-30 09:39:00.863  1105  1105 D BluetoothManagerService: Stored bluetooth Name=红米手机,Address=00:00:00:00:5E:D3
09-30 09:39:00.863  1105  1105 D BluetoothManagerService: Bluetooth persisted state: 0
09-30 09:39:00.864  1105  1105 D BluetoothManagerService: Detected SystemUiUid: 1000
09-30 09:39:00.864  1105  1105 I SystemServer: IpConnectivityMetrics
09-30 09:39:00.864  1105  1105 I SystemServiceManager: Starting com.android.server.connectivity.IpConnectivityMetrics
09-30 09:39:00.865  1105  1105 I SystemServer: NetworkWatchlistService
09-30 09:39:00.865  1105  1105 I SystemServiceManager: Starting com.android.server.net.watchlist.NetworkWatchlistService$Lifecycle
09-30 09:39:00.869  1105  1105 I WatchlistSettings: Reload watchlist settings done
09-30 09:39:00.870  1105  1201 I WatchlistLoggingHandler: Start aggregating watchlist records.
09-30 09:39:00.870  1105  1105 I SystemServer: PinnerService
09-30 09:39:00.870  1105  1105 I SystemServiceManager: Starting com.android.server.PinnerService
09-30 09:39:00.872  1105  1105 I SystemServer: StartInputMethodManagerLifecycle
09-30 09:39:00.872  1105  1119 D PinnerService: pinRangeStream: null
09-30 09:39:00.872  1105  1105 I SystemServiceManager: Starting com.android.server.InputMethodManagerService$Lifecycle
09-30 09:39:00.873  1105  1119 E PinnerService: Could not pin file /data/dalvik-cache/arm64/system@framework@boot.oat
09-30 09:39:00.873  1105  1119 E PinnerService: android.system.ErrnoException: open failed: ENOENT (No such file or directory)
09-30 09:39:00.873  1105  1119 E PinnerService: 	at libcore.io.Linux.open(Native Method)
09-30 09:39:00.873  1105  1119 E PinnerService: 	at libcore.io.BlockGuardOs.open(BlockGuardOs.java:210)
09-30 09:39:00.873  1105  1119 E PinnerService: 	at android.system.Os.open(Os.java:358)
09-30 09:39:00.873  1105  1119 E PinnerService: 	at com.android.server.PinnerService.pinFileRanges(PinnerService.java:478)
09-30 09:39:00.873  1105  1119 E PinnerService: 	at com.android.server.PinnerService.pinFile(PinnerService.java:358)
09-30 09:39:00.873  1105  1119 E PinnerService: 	at com.android.server.PinnerService.handlePinOnStart(PinnerService.java:163)
09-30 09:39:00.873  1105  1119 E PinnerService: 	at com.android.server.PinnerService.access$600(PinnerService.java:70)
09-30 09:39:00.873  1105  1119 E PinnerService: 	at com.android.server.PinnerService$PinnerHandler.handleMessage(PinnerService.java:657)
09-30 09:39:00.873  1105  1119 E PinnerService: 	at android.os.Handler.dispatchMessage(Handler.java:106)
09-30 09:39:00.873  1105  1119 E PinnerService: 	at android.os.Looper.loop(Looper.java:201)
09-30 09:39:00.873  1105  1119 E PinnerService: 	at android.os.HandlerThread.run(HandlerThread.java:65)
09-30 09:39:00.874  1105  1119 E PinnerService: Failed to pin file = /data/dalvik-cache/arm64/system@framework@boot.oat
09-30 09:39:00.874  1105  1119 D PinnerService: pinRangeStream: null
09-30 09:39:00.874  1105  1119 E PinnerService: Could not pin file /data/dalvik-cache/arm/system@framework@boot.oat
09-30 09:39:00.874  1105  1119 E PinnerService: android.system.ErrnoException: open failed: ELOOP (Too many symbolic links encountered)
09-30 09:39:00.874  1105  1119 E PinnerService: 	at libcore.io.Linux.open(Native Method)
09-30 09:39:00.874  1105  1119 E PinnerService: 	at libcore.io.BlockGuardOs.open(BlockGuardOs.java:210)
09-30 09:39:00.874  1105  1119 E PinnerService: 	at android.system.Os.open(Os.java:358)
09-30 09:39:00.874  1105  1119 E PinnerService: 	at com.android.server.PinnerService.pinFileRanges(PinnerService.java:478)
09-30 09:39:00.874  1105  1119 E PinnerService: 	at com.android.server.PinnerService.pinFile(PinnerService.java:358)
09-30 09:39:00.874  1105  1119 E PinnerService: 	at com.android.server.PinnerService.handlePinOnStart(PinnerService.java:163)
09-30 09:39:00.874  1105  1119 E PinnerService: 	at com.android.server.PinnerService.access$600(PinnerService.java:70)
09-30 09:39:00.874  1105  1119 E PinnerService: 	at com.android.server.PinnerService$PinnerHandler.handleMessage(PinnerService.java:657)
09-30 09:39:00.874  1105  1119 E PinnerService: 	at android.os.Handler.dispatchMessage(Handler.java:106)
09-30 09:39:00.874  1105  1119 E PinnerService: 	at android.os.Looper.loop(Looper.java:201)
09-30 09:39:00.874  1105  1119 E PinnerService: 	at android.os.HandlerThread.run(HandlerThread.java:65)
09-30 09:39:00.875  1105  1119 E PinnerService: Failed to pin file = /data/dalvik-cache/arm/system@framework@boot.oat
09-30 09:39:00.875  1105  1119 D PinnerService: pinRangeStream: null
09-30 09:39:00.875  1105  1119 E PinnerService: Could not pin file /data/dalvik-cache/arm64/system@framework@services.jar@classes.dex
09-30 09:39:00.875  1105  1119 E PinnerService: android.system.ErrnoException: open failed: ENOENT (No such file or directory)
09-30 09:39:00.875  1105  1119 E PinnerService: 	at libcore.io.Linux.open(Native Method)
09-30 09:39:00.875  1105  1119 E PinnerService: 	at libcore.io.BlockGuardOs.open(BlockGuardOs.java:210)
09-30 09:39:00.875  1105  1119 E PinnerService: 	at android.system.Os.open(Os.java:358)
09-30 09:39:00.875  1105  1119 E PinnerService: 	at com.android.server.PinnerService.pinFileRanges(PinnerService.java:478)
09-30 09:39:00.875  1105  1119 E PinnerService: 	at com.android.server.PinnerService.pinFile(PinnerService.java:358)
09-30 09:39:00.875  1105  1119 E PinnerService: 	at com.android.server.PinnerService.handlePinOnStart(PinnerService.java:163)
09-30 09:39:00.875  1105  1119 E PinnerService: 	at com.android.server.PinnerService.access$600(PinnerService.java:70)
09-30 09:39:00.875  1105  1119 E PinnerService: 	at com.android.server.PinnerService$PinnerHandler.handleMessage(PinnerService.java:657)
09-30 09:39:00.875  1105  1119 E PinnerService: 	at android.os.Handler.dispatchMessage(Handler.java:106)
09-30 09:39:00.875  1105  1119 E PinnerService: 	at android.os.Looper.loop(Looper.java:201)
09-30 09:39:00.875  1105  1119 E PinnerService: 	at android.os.HandlerThread.run(HandlerThread.java:65)
09-30 09:39:00.875  1105  1119 E PinnerService: Failed to pin file = /data/dalvik-cache/arm64/system@framework@services.jar@classes.dex
09-30 09:39:00.875  1105  1119 D PinnerService: pinRangeStream: null
09-30 09:39:00.876  1105  1119 E PinnerService: Could not pin file /data/dalvik-cache/arm/system@framework@services.jar@classes.dex
09-30 09:39:00.876  1105  1119 E PinnerService: android.system.ErrnoException: open failed: ENOENT (No such file or directory)
09-30 09:39:00.876  1105  1119 E PinnerService: 	at libcore.io.Linux.open(Native Method)
09-30 09:39:00.876  1105  1119 E PinnerService: 	at libcore.io.BlockGuardOs.open(BlockGuardOs.java:210)
09-30 09:39:00.876  1105  1119 E PinnerService: 	at android.system.Os.open(Os.java:358)
09-30 09:39:00.876  1105  1119 E PinnerService: 	at com.android.server.PinnerService.pinFileRanges(PinnerService.java:478)
09-30 09:39:00.876  1105  1119 E PinnerService: 	at com.android.server.PinnerService.pinFile(PinnerService.java:358)
09-30 09:39:00.876  1105  1119 E PinnerService: 	at com.android.server.PinnerService.handlePinOnStart(PinnerService.java:163)
09-30 09:39:00.876  1105  1119 E PinnerService: 	at com.android.server.PinnerService.access$600(PinnerService.java:70)
09-30 09:39:00.876  1105  1119 E PinnerService: 	at com.android.server.PinnerService$PinnerHandler.handleMessage(PinnerService.java:657)
09-30 09:39:00.876  1105  1119 E PinnerService: 	at android.os.Handler.dispatchMessage(Handler.java:106)
09-30 09:39:00.876  1105  1119 E PinnerService: 	at android.os.Looper.loop(Looper.java:201)
09-30 09:39:00.876  1105  1119 E PinnerService: 	at android.os.HandlerThread.run(HandlerThread.java:65)
09-30 09:39:00.876  1105  1119 E PinnerService: Failed to pin file = /data/dalvik-cache/arm/system@framework@services.jar@classes.dex
09-30 09:39:00.876  1105  1119 D PinnerService: pinRangeStream: null
09-30 09:39:00.877  1105  1119 E PinnerService: Could not pin file /system/framework/arm64/boot.oat
09-30 09:39:00.877  1105  1119 E PinnerService: android.system.ErrnoException: open failed: ENOENT (No such file or directory)
09-30 09:39:00.877  1105  1119 E PinnerService: 	at libcore.io.Linux.open(Native Method)
09-30 09:39:00.877  1105  1119 E PinnerService: 	at libcore.io.BlockGuardOs.open(BlockGuardOs.java:210)
09-30 09:39:00.877  1105  1119 E PinnerService: 	at android.system.Os.open(Os.java:358)
09-30 09:39:00.877  1105  1119 E PinnerService: 	at com.android.server.PinnerService.pinFileRanges(PinnerService.java:478)
09-30 09:39:00.877  1105  1119 E PinnerService: 	at com.android.server.PinnerService.pinFile(PinnerService.java:358)
09-30 09:39:00.877  1105  1119 E PinnerService: 	at com.android.server.PinnerService.handlePinOnStart(PinnerService.java:163)
09-30 09:39:00.877  1105  1119 E PinnerService: 	at com.android.server.PinnerService.access$600(PinnerService.java:70)
09-30 09:39:00.877  1105  1119 E PinnerService: 	at com.android.server.PinnerService$PinnerHandler.handleMessage(PinnerService.java:657)
09-30 09:39:00.877  1105  1119 E PinnerService: 	at android.os.Handler.dispatchMessage(Handler.java:106)
09-30 09:39:00.877  1105  1119 E PinnerService: 	at android.os.Looper.loop(Looper.java:201)
09-30 09:39:00.877  1105  1119 E PinnerService: 	at android.os.HandlerThread.run(HandlerThread.java:65)
09-30 09:39:00.877  1105  1119 E PinnerService: Failed to pin file = /system/framework/arm64/boot.oat
09-30 09:39:00.877  1105  1119 D PinnerService: pinRangeStream: null
09-30 09:39:00.879  1105  1119 D PinnerService: pinRangeStream: null
09-30 09:39:00.880  1105  1119 E PinnerService: Could not pin file /system/framework/oat/arm64/services.odex
09-30 09:39:00.880  1105  1119 E PinnerService: android.system.ErrnoException: open failed: ENOENT (No such file or directory)
09-30 09:39:00.880  1105  1119 E PinnerService: 	at libcore.io.Linux.open(Native Method)
09-30 09:39:00.880  1105  1119 E PinnerService: 	at libcore.io.BlockGuardOs.open(BlockGuardOs.java:210)
09-30 09:39:00.880  1105  1119 E PinnerService: 	at android.system.Os.open(Os.java:358)
09-30 09:39:00.880  1105  1119 E PinnerService: 	at com.android.server.PinnerService.pinFileRanges(PinnerService.java:478)
09-30 09:39:00.880  1105  1119 E PinnerService: 	at com.android.server.PinnerService.pinFile(PinnerService.java:358)
09-30 09:39:00.880  1105  1119 E PinnerService: 	at com.android.server.PinnerService.handlePinOnStart(PinnerService.java:163)
09-30 09:39:00.880  1105  1119 E PinnerService: 	at com.android.server.PinnerService.access$600(PinnerService.java:70)
09-30 09:39:00.880  1105  1119 E PinnerService: 	at com.android.server.PinnerService$PinnerHandler.handleMessage(PinnerService.java:657)
09-30 09:39:00.880  1105  1119 E PinnerService: 	at android.os.Handler.dispatchMessage(Handler.java:106)
09-30 09:39:00.880  1105  1119 E PinnerService: 	at android.os.Looper.loop(Looper.java:201)
09-30 09:39:00.880  1105  1119 E PinnerService: 	at android.os.HandlerThread.run(HandlerThread.java:65)
09-30 09:39:00.880  1105  1119 E PinnerService: Failed to pin file = /system/framework/oat/arm64/services.odex
09-30 09:39:00.880  1105  1119 D PinnerService: pinRangeStream: null
09-30 09:39:00.883  1105  1105 I SystemServer: StartAccessibilityManagerService
09-30 09:39:00.893  1105  1119 D PinnerService: pinRangeStream: null
09-30 09:39:00.893  1105  1119 E PinnerService: Could not pin file /system/framework/arm64/boot-framework.oat
09-30 09:39:00.893  1105  1119 E PinnerService: android.system.ErrnoException: open failed: ENOENT (No such file or directory)
09-30 09:39:00.893  1105  1119 E PinnerService: 	at libcore.io.Linux.open(Native Method)
09-30 09:39:00.893  1105  1119 E PinnerService: 	at libcore.io.BlockGuardOs.open(BlockGuardOs.java:210)
09-30 09:39:00.893  1105  1119 E PinnerService: 	at android.system.Os.open(Os.java:358)
09-30 09:39:00.893  1105  1119 E PinnerService: 	at com.android.server.PinnerService.pinFileRanges(PinnerService.java:478)
09-30 09:39:00.893  1105  1119 E PinnerService: 	at com.android.server.PinnerService.pinFile(PinnerService.java:358)
09-30 09:39:00.893  1105  1119 E PinnerService: 	at com.android.server.PinnerService.handlePinOnStart(PinnerService.java:163)
09-30 09:39:00.893  1105  1119 E PinnerService: 	at com.android.server.PinnerService.access$600(PinnerService.java:70)
09-30 09:39:00.893  1105  1119 E PinnerService: 	at com.android.server.PinnerService$PinnerHandler.handleMessage(PinnerService.java:657)
09-30 09:39:00.893  1105  1119 E PinnerService: 	at android.os.Handler.dispatchMessage(Handler.java:106)
09-30 09:39:00.893  1105  1119 E PinnerService: 	at android.os.Looper.loop(Looper.java:201)
09-30 09:39:00.893  1105  1119 E PinnerService: 	at android.os.HandlerThread.run(HandlerThread.java:65)
09-30 09:39:00.894  1105  1119 E PinnerService: Failed to pin file = /system/framework/arm64/boot-framework.oat
09-30 09:39:00.894  1105  1119 D PinnerService: pinRangeStream: null
09-30 09:39:00.896  1105  1105 I SystemServer: MakeDisplayReady
09-30 09:39:00.898  1105  1119 D PinnerService: pinRangeStream: null
09-30 09:39:00.898  1105  1119 E PinnerService: Could not pin file /system/framework/arm64/boot-core-libart.oat
09-30 09:39:00.898  1105  1119 E PinnerService: android.system.ErrnoException: open failed: ENOENT (No such file or directory)
09-30 09:39:00.898  1105  1119 E PinnerService: 	at libcore.io.Linux.open(Native Method)
09-30 09:39:00.898  1105  1119 E PinnerService: 	at libcore.io.BlockGuardOs.open(BlockGuardOs.java:210)
09-30 09:39:00.898  1105  1119 E PinnerService: 	at android.system.Os.open(Os.java:358)
09-30 09:39:00.898  1105  1119 E PinnerService: 	at com.android.server.PinnerService.pinFileRanges(PinnerService.java:478)
09-30 09:39:00.898  1105  1119 E PinnerService: 	at com.android.server.PinnerService.pinFile(PinnerService.java:358)
09-30 09:39:00.898  1105  1119 E PinnerService: 	at com.android.server.PinnerService.handlePinOnStart(PinnerService.java:163)
09-30 09:39:00.898  1105  1119 E PinnerService: 	at com.android.server.PinnerService.access$600(PinnerService.java:70)
09-30 09:39:00.898  1105  1119 E PinnerService: 	at com.android.server.PinnerService$PinnerHandler.handleMessage(PinnerService.java:657)
09-30 09:39:00.898  1105  1119 E PinnerService: 	at android.os.Handler.dispatchMessage(Handler.java:106)
09-30 09:39:00.898  1105  1119 E PinnerService: 	at android.os.Looper.loop(Looper.java:201)
09-30 09:39:00.898  1105  1119 E PinnerService: 	at android.os.HandlerThread.run(HandlerThread.java:65)
09-30 09:39:00.898  1105  1119 E PinnerService: Failed to pin file = /system/framework/arm64/boot-core-libart.oat
09-30 09:39:00.898  1105  1119 D PinnerService: pinRangeStream: null
09-30 09:39:00.899  1105  1119 D PinnerService: pinRangeStream: null
09-30 09:39:00.900  1105  1119 E PinnerService: Could not pin file /system/lib64/libRScpp.so
09-30 09:39:00.900  1105  1119 E PinnerService: android.system.ErrnoException: open failed: ENOENT (No such file or directory)
09-30 09:39:00.900  1105  1119 E PinnerService: 	at libcore.io.Linux.open(Native Method)
09-30 09:39:00.900  1105  1119 E PinnerService: 	at libcore.io.BlockGuardOs.open(BlockGuardOs.java:210)
09-30 09:39:00.900  1105  1119 E PinnerService: 	at android.system.Os.open(Os.java:358)
09-30 09:39:00.900  1105  1119 E PinnerService: 	at com.android.server.PinnerService.pinFileRanges(PinnerService.java:478)
09-30 09:39:00.900  1105  1119 E PinnerService: 	at com.android.server.PinnerService.pinFile(PinnerService.java:358)
09-30 09:39:00.900  1105  1119 E PinnerService: 	at com.android.server.PinnerService.handlePinOnStart(PinnerService.java:163)
09-30 09:39:00.900  1105  1119 E PinnerService: 	at com.android.server.PinnerService.access$600(PinnerService.java:70)
09-30 09:39:00.900  1105  1119 E PinnerService: 	at com.android.server.PinnerService$PinnerHandler.handleMessage(PinnerService.java:657)
09-30 09:39:00.900  1105  1119 E PinnerService: 	at android.os.Handler.dispatchMessage(Handler.java:106)
09-30 09:39:00.900  1105  1119 E PinnerService: 	at android.os.Looper.loop(Looper.java:201)
09-30 09:39:00.900  1105  1119 E PinnerService: 	at android.os.HandlerThread.run(HandlerThread.java:65)
09-30 09:39:00.900  1105  1119 E PinnerService: Failed to pin file = /system/lib64/libRScpp.so
09-30 09:39:00.900  1105  1119 D PinnerService: pinRangeStream: null
09-30 09:39:00.900  1105  1105 I ActivityManager: Config changes=20005df8 {1.0 ?mcc?mnc [zh_CN] ldltr sw360dp w360dp h720dp 320dpi nrml long port ?uimode ?night -touch -keyb/v/h -nav/h winConfig={ mBounds=Rect(0, 0 - 0, 0) mAppBounds=Rect(0, 0 - 720, 1440) mWindowingMode=fullscreen mActivityType=undefined} s.2 themeChanged=0 themeChangedFlags=0}
09-30 09:39:00.900  1105  1119 E PinnerService: Could not pin file /system/lib64/libRS.so
09-30 09:39:00.900  1105  1119 E PinnerService: android.system.ErrnoException: open failed: ENOENT (No such file or directory)
09-30 09:39:00.900  1105  1119 E PinnerService: 	at libcore.io.Linux.open(Native Method)
09-30 09:39:00.900  1105  1119 E PinnerService: 	at libcore.io.BlockGuardOs.open(BlockGuardOs.java:210)
09-30 09:39:00.900  1105  1119 E PinnerService: 	at android.system.Os.open(Os.java:358)
09-30 09:39:00.900  1105  1119 E PinnerService: 	at com.android.server.PinnerService.pinFileRanges(PinnerService.java:478)
09-30 09:39:00.900  1105  1119 E PinnerService: 	at com.android.server.PinnerService.pinFile(PinnerService.java:358)
09-30 09:39:00.900  1105  1119 E PinnerService: 	at com.android.server.PinnerService.handlePinOnStart(PinnerService.java:163)
09-30 09:39:00.900  1105  1119 E PinnerService: 	at com.android.server.PinnerService.access$600(PinnerService.java:70)
09-30 09:39:00.900  1105  1119 E PinnerService: 	at com.android.server.PinnerService$PinnerHandler.handleMessage(PinnerService.java:657)
09-30 09:39:00.900  1105  1119 E PinnerService: 	at android.os.Handler.dispatchMessage(Handler.java:106)
09-30 09:39:00.900  1105  1119 E PinnerService: 	at android.os.Looper.loop(Looper.java:201)
09-30 09:39:00.900  1105  1119 E PinnerService: 	at android.os.HandlerThread.run(HandlerThread.java:65)
09-30 09:39:00.901  1105  1119 E PinnerService: Failed to pin file = /system/lib64/libRS.so
09-30 09:39:00.901  1105  1119 D PinnerService: pinRangeStream: null
09-30 09:39:00.901  1105  1119 E PinnerService: Could not pin file /system/lib64/libRS_internal.so
09-30 09:39:00.901  1105  1119 E PinnerService: android.system.ErrnoException: open failed: ENOENT (No such file or directory)
09-30 09:39:00.901  1105  1119 E PinnerService: 	at libcore.io.Linux.open(Native Method)
09-30 09:39:00.901  1105  1119 E PinnerService: 	at libcore.io.BlockGuardOs.open(BlockGuardOs.java:210)
09-30 09:39:00.901  1105  1119 E PinnerService: 	at android.system.Os.open(Os.java:358)
09-30 09:39:00.901  1105  1119 E PinnerService: 	at com.android.server.PinnerService.pinFileRanges(PinnerService.java:478)
09-30 09:39:00.901  1105  1119 E PinnerService: 	at com.android.server.PinnerService.pinFile(PinnerService.java:358)
09-30 09:39:00.901  1105  1119 E PinnerService: 	at com.android.server.PinnerService.handlePinOnStart(PinnerService.java:163)
09-30 09:39:00.901  1105  1119 E PinnerService: 	at com.android.server.PinnerService.access$600(PinnerService.java:70)
09-30 09:39:00.901  1105  1119 E PinnerService: 	at com.android.server.PinnerService$PinnerHandler.handleMessage(PinnerService.java:657)
09-30 09:39:00.901  1105  1119 E PinnerService: 	at android.os.Handler.dispatchMessage(Handler.java:106)
09-30 09:39:00.901  1105  1119 E PinnerService: 	at android.os.Looper.loop(Looper.java:201)
09-30 09:39:00.901  1105  1119 E PinnerService: 	at android.os.HandlerThread.run(HandlerThread.java:65)
09-30 09:39:00.901  1105  1119 E PinnerService: Failed to pin file = /system/lib64/libRS_internal.so
09-30 09:39:00.901  1105  1119 D PinnerService: pinRangeStream: null
09-30 09:39:00.902  1105  1119 E PinnerService: Could not pin file /system/lib64/libbcinfo.so
09-30 09:39:00.902  1105  1119 E PinnerService: android.system.ErrnoException: open failed: ENOENT (No such file or directory)
09-30 09:39:00.902  1105  1119 E PinnerService: 	at libcore.io.Linux.open(Native Method)
09-30 09:39:00.902  1105  1119 E PinnerService: 	at libcore.io.BlockGuardOs.open(BlockGuardOs.java:210)
09-30 09:39:00.902  1105  1119 E PinnerService: 	at android.system.Os.open(Os.java:358)
09-30 09:39:00.902  1105  1119 E PinnerService: 	at com.android.server.PinnerService.pinFileRanges(PinnerService.java:478)
09-30 09:39:00.902  1105  1119 E PinnerService: 	at com.android.server.PinnerService.pinFile(PinnerService.java:358)
09-30 09:39:00.902  1105  1119 E PinnerService: 	at com.android.server.PinnerService.handlePinOnStart(PinnerService.java:163)
09-30 09:39:00.902  1105  1119 E PinnerService: 	at com.android.server.PinnerService.access$600(PinnerService.java:70)
09-30 09:39:00.902  1105  1119 E PinnerService: 	at com.android.server.PinnerService$PinnerHandler.handleMessage(PinnerService.java:657)
09-30 09:39:00.902  1105  1119 E PinnerService: 	at android.os.Handler.dispatchMessage(Handler.java:106)
09-30 09:39:00.902  1105  1119 E PinnerService: 	at android.os.Looper.loop(Looper.java:201)
09-30 09:39:00.902  1105  1119 E PinnerService: 	at android.os.HandlerThread.run(HandlerThread.java:65)
09-30 09:39:00.902  1105  1119 E PinnerService: Failed to pin file = /system/lib64/libbcinfo.so
09-30 09:39:00.902  1105  1119 D PinnerService: pinRangeStream: null
09-30 09:39:00.903  1105  1119 E PinnerService: Could not pin file /system/lib64/libRSDriver.so
09-30 09:39:00.903  1105  1119 E PinnerService: android.system.ErrnoException: open failed: ENOENT (No such file or directory)
09-30 09:39:00.903  1105  1119 E PinnerService: 	at libcore.io.Linux.open(Native Method)
09-30 09:39:00.903  1105  1119 E PinnerService: 	at libcore.io.BlockGuardOs.open(BlockGuardOs.java:210)
09-30 09:39:00.903  1105  1119 E PinnerService: 	at android.system.Os.open(Os.java:358)
09-30 09:39:00.903  1105  1119 E PinnerService: 	at com.android.server.PinnerService.pinFileRanges(PinnerService.java:478)
09-30 09:39:00.903  1105  1119 E PinnerService: 	at com.android.server.PinnerService.pinFile(PinnerService.java:358)
09-30 09:39:00.903  1105  1119 E PinnerService: 	at com.android.server.PinnerService.handlePinOnStart(PinnerService.java:163)
09-30 09:39:00.903  1105  1119 E PinnerService: 	at com.android.server.PinnerService.access$600(PinnerService.java:70)
09-30 09:39:00.903  1105  1119 E PinnerService: 	at com.android.server.PinnerService$PinnerHandler.handleMessage(PinnerService.java:657)
09-30 09:39:00.903  1105  1119 E PinnerService: 	at android.os.Handler.dispatchMessage(Handler.java:106)
09-30 09:39:00.903  1105  1119 E PinnerService: 	at android.os.Looper.loop(Looper.java:201)
09-30 09:39:00.903  1105  1119 E PinnerService: 	at android.os.HandlerThread.run(HandlerThread.java:65)
09-30 09:39:00.903  1105  1119 E PinnerService: Failed to pin file = /system/lib64/libRSDriver.so
09-30 09:39:00.903  1105  1119 D PinnerService: pinRangeStream: null
09-30 09:39:00.903  1105  1119 E PinnerService: Could not pin file /system/lib64/libRSCpuRef.so
09-30 09:39:00.903  1105  1119 E PinnerService: android.system.ErrnoException: open failed: ENOENT (No such file or directory)
09-30 09:39:00.903  1105  1119 E PinnerService: 	at libcore.io.Linux.open(Native Method)
09-30 09:39:00.903  1105  1119 E PinnerService: 	at libcore.io.BlockGuardOs.open(BlockGuardOs.java:210)
09-30 09:39:00.903  1105  1119 E PinnerService: 	at android.system.Os.open(Os.java:358)
09-30 09:39:00.903  1105  1119 E PinnerService: 	at com.android.server.PinnerService.pinFileRanges(PinnerService.java:478)
09-30 09:39:00.903  1105  1119 E PinnerService: 	at com.android.server.PinnerService.pinFile(PinnerService.java:358)
09-30 09:39:00.903  1105  1119 E PinnerService: 	at com.android.server.PinnerService.handlePinOnStart(PinnerService.java:163)
09-30 09:39:00.903  1105  1119 E PinnerService: 	at com.android.server.PinnerService.access$600(PinnerService.java:70)
09-30 09:39:00.903  1105  1119 E PinnerService: 	at com.android.server.PinnerService$PinnerHandler.handleMessage(PinnerService.java:657)
09-30 09:39:00.903  1105  1119 E PinnerService: 	at android.os.Handler.dispatchMessage(Handler.java:106)
09-30 09:39:00.903  1105  1119 E PinnerService: 	at android.os.Looper.loop(Looper.java:201)
09-30 09:39:00.903  1105  1119 E PinnerService: 	at android.os.HandlerThread.run(HandlerThread.java:65)
09-30 09:39:00.903  1105  1119 E PinnerService: Failed to pin file = /system/lib64/libRSCpuRef.so
09-30 09:39:00.903  1105  1119 D PinnerService: pinRangeStream: null
09-30 09:39:00.904  1105  1119 E PinnerService: Could not pin file /system/lib64/libblas.so
09-30 09:39:00.904  1105  1119 E PinnerService: android.system.ErrnoException: open failed: ENOENT (No such file or directory)
09-30 09:39:00.904  1105  1119 E PinnerService: 	at libcore.io.Linux.open(Native Method)
09-30 09:39:00.904  1105  1119 E PinnerService: 	at libcore.io.BlockGuardOs.open(BlockGuardOs.java:210)
09-30 09:39:00.904  1105  1119 E PinnerService: 	at android.system.Os.open(Os.java:358)
09-30 09:39:00.904  1105  1119 E PinnerService: 	at com.android.server.PinnerService.pinFileRanges(PinnerService.java:478)
09-30 09:39:00.904  1105  1119 E PinnerService: 	at com.android.server.PinnerService.pinFile(PinnerService.java:358)
09-30 09:39:00.904  1105  1119 E PinnerService: 	at com.android.server.PinnerService.handlePinOnStart(PinnerService.java:163)
09-30 09:39:00.904  1105  1119 E PinnerService: 	at com.android.server.PinnerService.access$600(PinnerService.java:70)
09-30 09:39:00.904  1105  1119 E PinnerService: 	at com.android.server.PinnerService$PinnerHandler.handleMessage(PinnerService.java:657)
09-30 09:39:00.904  1105  1119 E PinnerService: 	at android.os.Handler.dispatchMessage(Handler.java:106)
09-30 09:39:00.904  1105  1119 E PinnerService: 	at android.os.Looper.loop(Looper.java:201)
09-30 09:39:00.904  1105  1119 E PinnerService: 	at android.os.HandlerThread.run(HandlerThread.java:65)
09-30 09:39:00.904  1105  1119 E PinnerService: Failed to pin file = /system/lib64/libblas.so
09-30 09:39:00.906  1105  1105 I ActivityManager: Override config changes=60007dfc {1.0 ?mcc?mnc [zh_CN] ldltr sw360dp w360dp h720dp 320dpi nrml long port ?uimode ?night -touch -keyb/v/h -nav/h winConfig={ mBounds=Rect(0, 0 - 720, 1440) mAppBounds=Rect(0, 0 - 720, 1440) mWindowingMode=fullscreen mActivityType=undefined} s.2 themeChanged=0 themeChangedFlags=0} for displayId=0
09-30 09:39:00.917  1105  1105 I ActivityManager: Config changes=20000408 {1.0 ?mcc?mnc [zh_CN] ldltr sw360dp w360dp h648dp 320dpi nrml long port ?uimode ?night finger -keyb/v/h -nav/h winConfig={ mBounds=Rect(0, 0 - 0, 0) mAppBounds=Rect(0, 0 - 720, 1344) mWindowingMode=fullscreen mActivityType=undefined} s.3 themeChanged=0 themeChangedFlags=0}
09-30 09:39:00.922  1105  1105 I ActivityManager: Override config changes=20000408 {1.0 ?mcc?mnc [zh_CN] ldltr sw360dp w360dp h648dp 320dpi nrml long port ?uimode ?night finger -keyb/v/h -nav/h winConfig={ mBounds=Rect(0, 0 - 720, 1440) mAppBounds=Rect(0, 0 - 720, 1344) mWindowingMode=fullscreen mActivityType=undefined} s.3 themeChanged=0 themeChangedFlags=0} for displayId=0
09-30 09:39:00.933  1105  1105 I SystemServer: StartStorageManagerService
09-30 09:39:00.933  1105  1105 I MtkSystemServerImpl: PPL not supported, retruning, will start AOSP StorageManagerService
09-30 09:39:00.934  1105  1105 I SystemServiceManager: Starting com.android.server.StorageManagerService$Lifecycle
09-30 09:39:00.950  1105  1203 D StorageManagerService: Thinking about init, mSystemReady=false, mDaemonConnected=true
09-30 09:39:00.950  1105  1203 D StorageManagerService: Thinking about reset, mSystemReady=false, mDaemonConnected=true
09-30 09:39:00.950  1105  1105 I SystemServer: StartStorageStatsService
09-30 09:39:00.950  1105  1105 I SystemServiceManager: Starting com.android.server.usage.StorageStatsService$Lifecycle
09-30 09:39:00.956  1105  1105 I SystemServer: StartUiModeManager
09-30 09:39:00.956  1105  1105 I SystemServiceManager: Starting com.android.server.UiModeManagerService
09-30 09:39:00.959  1105  1117 I ActivityManager: Config changes=200 {1.0 ?mcc?mnc [zh_CN] ldltr sw360dp w360dp h648dp 320dpi nrml long port finger -keyb/v/h -nav/h winConfig={ mBounds=Rect(0, 0 - 0, 0) mAppBounds=Rect(0, 0 - 720, 1344) mWindowingMode=fullscreen mActivityType=undefined} s.4 themeChanged=0 themeChangedFlags=0}
09-30 09:39:00.966  1105  1117 I ActivityManager: Override config changes=200 {1.0 ?mcc?mnc [zh_CN] ldltr sw360dp w360dp h648dp 320dpi nrml long port finger -keyb/v/h -nav/h winConfig={ mBounds=Rect(0, 0 - 720, 1440) mAppBounds=Rect(0, 0 - 720, 1344) mWindowingMode=fullscreen mActivityType=undefined} s.4 themeChanged=0 themeChangedFlags=0} for displayId=0
09-30 09:39:00.975  1105  1105 I SystemServer: UpdatePackagesIfNeeded
09-30 09:39:00.976  1105  1105 I SystemServer: PerformFstrimIfNeeded
09-30 09:39:00.977  1105  1105 I SystemServer: StartLockSettingsService
09-30 09:39:00.977  1105  1105 I SystemServiceManager: Starting com.android.server.locksettings.LockSettingsService$Lifecycle
09-30 09:39:00.989  1105  1105 I SystemServer: StartPersistentDataBlock
09-30 09:39:00.989  1105  1105 I SystemServiceManager: Starting com.android.server.PersistentDataBlockService
09-30 09:39:00.991  1105  1180 E PersistentDataBlockService: not able to find package 
09-30 09:39:00.991  1105  1180 E PersistentDataBlockService: android.content.pm.PackageManager$NameNotFoundException: 
09-30 09:39:00.991  1105  1180 E PersistentDataBlockService: 	at android.app.ApplicationPackageManager.getPackageUidAsUser(ApplicationPackageManager.java:302)
09-30 09:39:00.991  1105  1180 E PersistentDataBlockService: 	at com.android.server.PersistentDataBlockService.getAllowedUid(PersistentDataBlockService.java:113)
09-30 09:39:00.991  1105  1180 E PersistentDataBlockService: 	at com.android.server.PersistentDataBlockService.lambda$onStart$0(PersistentDataBlockService.java:126)
09-30 09:39:00.991  1105  1180 E PersistentDataBlockService: 	at com.android.server.-$$Lambda$PersistentDataBlockService$EZl9OYaT2eNL7kfSr2nKUBjxidk.run(Unknown Source:2)
09-30 09:39:00.991  1105  1180 E PersistentDataBlockService: 	at java.util.concurrent.Executors$RunnableAdapter.call(Executors.java:458)
09-30 09:39:00.991  1105  1180 E PersistentDataBlockService: 	at java.util.concurrent.FutureTask.run(FutureTask.java:266)
09-30 09:39:00.991  1105  1180 E PersistentDataBlockService: 	at java.util.concurrent.ThreadPoolExecutor.runWorker(ThreadPoolExecutor.java:1167)
09-30 09:39:00.991  1105  1180 E PersistentDataBlockService: 	at java.util.concurrent.ThreadPoolExecutor$Worker.run(ThreadPoolExecutor.java:641)
09-30 09:39:00.991  1105  1180 E PersistentDataBlockService: 	at com.android.internal.util.ConcurrentUtils$1$1.run(ConcurrentUtils.java:62)
09-30 09:39:00.992  1105  1105 I OemLock : OemLock HAL not present on device
09-30 09:39:00.992  1105  1105 I SystemServer: StartOemLockService
09-30 09:39:00.992  1105  1105 I SystemServiceManager: Starting com.android.server.oemlock.OemLockService
09-30 09:39:00.993  1105  1105 I OemLock : OemLock HAL not present on device
09-30 09:39:00.993  1105  1105 I OemLock : Using persistent data block based lock
09-30 09:39:00.995  1105  1105 I SystemServer: StartDeviceIdleController
09-30 09:39:00.995  1105  1105 I SystemServiceManager: Starting com.android.server.DeviceIdleController
09-30 09:39:00.998   404   412 D vold    : fdeGetField: value: 'zh-CN'
09-30 09:39:00.998  1105  1203 D StorageManagerService: Got locale zh-CN from mount service
09-30 09:39:01.000  1105  1203 I ActivityManager: Config changes=100 {1.0 ?mcc?mnc [zh_CN] ldltr sw360dp w360dp h648dp 320dpi nrml long port finger -keyb/v/h -nav/h winConfig={ mBounds=Rect(0, 0 - 0, 0) mAppBounds=Rect(0, 0 - 720, 1344) mWindowingMode=fullscreen mActivityType=undefined} s.5 themeChanged=0 themeChangedFlags=0}
09-30 09:39:01.001  1105  1203 I ActivityManager: Override config changes=100 {1.0 ?mcc?mnc [zh_CN] ldltr sw360dp w360dp h648dp 320dpi nrml long port finger -keyb/v/h -nav/h winConfig={ mBounds=Rect(0, 0 - 720, 1440) mAppBounds=Rect(0, 0 - 720, 1344) mWindowingMode=fullscreen mActivityType=undefined} s.5 themeChanged=0 themeChangedFlags=0} for displayId=0
09-30 09:39:01.005  1105  1203 D StorageManagerService: Setting system properties to zh-CN from mount service
09-30 09:39:01.005  1105  1128 I ActivityManager: Config changes=100 {1.0 ?mcc?mnc [zh_CN] ldltr sw360dp w360dp h648dp 320dpi nrml long port finger -keyb/v/h -nav/h winConfig={ mBounds=Rect(0, 0 - 0, 0) mAppBounds=Rect(0, 0 - 720, 1344) mWindowingMode=fullscreen mActivityType=undefined} s.6 themeChanged=0 themeChangedFlags=0}
09-30 09:39:01.007  1105  1128 I ActivityManager: Override config changes=100 {1.0 ?mcc?mnc [zh_CN] ldltr sw360dp w360dp h648dp 320dpi nrml long port finger -keyb/v/h -nav/h winConfig={ mBounds=Rect(0, 0 - 720, 1440) mAppBounds=Rect(0, 0 - 720, 1344) mWindowingMode=fullscreen mActivityType=undefined} s.6 themeChanged=0 themeChangedFlags=0} for displayId=0
09-30 09:39:01.013  1105  1105 I SystemServer: StartDevicePolicyManager
09-30 09:39:01.013  1105  1105 I SystemServiceManager: Starting com.android.server.devicepolicy.DevicePolicyManagerService$Lifecycle
09-30 09:39:01.029  1105  1105 I SystemServer: StartStatusBarManagerService
09-30 09:39:01.031  1105  1105 I SystemServer: StartClipboardService
09-30 09:39:01.032  1105  1105 I SystemServiceManager: Starting com.android.server.clipboard.ClipboardService
09-30 09:39:01.034  1105  1105 I SystemServer: StartNetworkManagementService
09-30 09:39:01.037  1105  1206 I NetworkManagement: onDaemonConnected()
09-30 09:39:01.039  1105  1105 I SystemServer: StartIpSecService
09-30 09:39:01.041  1105  1105 I SystemServer: StartTextServicesManager
09-30 09:39:01.041  1105  1105 I SystemServiceManager: Starting com.android.server.TextServicesManagerService$Lifecycle
09-30 09:39:01.044  1105  1105 I SystemServer: StartTextClassificationManagerService
09-30 09:39:01.044  1105  1105 I SystemServiceManager: Starting com.android.server.textclassifier.TextClassificationManagerService$Lifecycle
09-30 09:39:01.045  1105  1105 I SystemServer: StartNetworkScoreService
09-30 09:39:01.045  1105  1105 I SystemServiceManager: Starting com.android.server.NetworkScoreService$Lifecycle
09-30 09:39:01.049  1105  1105 I SystemServer: StartNetworkStatsService
09-30 09:39:01.116  1105  1105 D MtkNetworkStatsService: MtkNetworkStatsService starting up
09-30 09:39:01.119  1105  1105 I SystemServer: StartNetworkPolicyManagerService
09-30 09:39:01.127  1105  1105 I SystemServer: StartWifi
09-30 09:39:01.184  1105  1105 I SystemServiceManager: Starting com.android.server.wifi.WifiService
09-30 09:39:01.395  1105  1105 I SystemServer: StartWifiScanning
09-30 09:39:01.396  1105  1105 I SystemServiceManager: Starting com.android.server.wifi.scanner.WifiScanningService
09-30 09:39:01.399  1105  1105 I SystemServer: StartWifiP2P
09-30 09:39:01.399  1105  1105 I SystemServiceManager: Starting com.android.server.wifi.p2p.WifiP2pService
09-30 09:39:01.410  1105  1217 D WifiP2pService: P2pDisabledState
09-30 09:39:01.411  1105  1105 I SystemServer: StartEthernet
09-30 09:39:01.411  1105  1105 I SystemServiceManager: Starting com.android.server.ethernet.EthernetService
09-30 09:39:01.413  1105  1105 I SystemServer: StartConnectivityService
09-30 09:39:01.487  1105  1105 D MtkConnectivityService: wifiOnly=false
09-30 09:39:01.552  1105  1105 I SystemServer: StartNsdService
09-30 09:39:01.554  1105  1105 D NsdService: Network service discovery is enabled
09-30 09:39:01.557  1105  1105 I SystemServer: StartSystemUpdateManagerService
09-30 09:39:01.558  1105  1105 I SystemUpdateManagerService: No existing info file /data/system/system-update-info.xml
09-30 09:39:01.559  1105  1105 I SystemServer: StartUpdateLockService
09-30 09:39:01.561  1105  1105 I SystemServer: StartNotificationManager
09-30 09:39:01.561  1105  1105 I SystemServiceManager: Starting com.android.server.notification.NotificationManagerService
09-30 09:39:01.572  1105  1105 D ConditionProviders.SCP: new ScheduleConditionProvider()
09-30 09:39:01.623  1105  1105 I NotificationListeners: Read notification listener permissions from xml
09-30 09:39:01.624  1105  1105 I chatty  : uid=1000 system_server identical 1 line
09-30 09:39:01.624  1105  1105 I NotificationListeners: Read notification listener permissions from xml
09-30 09:39:01.624  1105  1105 I NotificationAssistants: Read notification assistant permissions from xml
09-30 09:39:01.624  1105  1105 I NotificationAssistants: Read notification assistant permissions from xml
09-30 09:39:01.624  1105  1105 I ConditionProviders: Read condition provider permissions from xml
09-30 09:39:01.625  1105  1105 I chatty  : uid=1000 system_server identical 2 lines
09-30 09:39:01.625  1105  1105 I ConditionProviders: Read condition provider permissions from xml
09-30 09:39:01.625  1105  1105 D NotificationAssistants: Approving default notification assistant for user 999
09-30 09:39:01.633  1105  1105 W SystemServiceManager: Service com.android.server.notification.NotificationManagerService took 70 ms in onStart
09-30 09:39:01.636  1105  1105 I SystemServer: StartDeviceMonitor
09-30 09:39:01.636  1105  1105 I SystemServiceManager: Starting com.android.server.storage.DeviceStorageMonitorService
09-30 09:39:01.639  1105  1105 I SystemServer: StartLocationManagerService
09-30 09:39:01.646  1105  1105 I SystemServer: StartCountryDetectorService
09-30 09:39:01.647  1105  1105 I SystemServer: StartSearchManagerService
09-30 09:39:01.647  1105  1105 I SystemServiceManager: Starting com.android.server.search.SearchManagerService$Lifecycle
09-30 09:39:01.649  1105  1105 I SystemServer: StartWallpaperManagerService
09-30 09:39:01.650  1105  1105 I SystemServiceManager: Starting com.android.server.wallpaper.WallpaperManagerService$Lifecycle
09-30 09:39:01.652  1105  1105 I SystemServer: StartAudioService
09-30 09:39:01.652  1105  1105 I SystemServiceManager: Starting com.android.server.audio.AudioService$Lifecycle
09-30 09:39:01.731  1105  1105 I SystemServer: StartDockObserver
09-30 09:39:01.731  1105  1105 I SystemServiceManager: Starting com.android.server.DockObserver
09-30 09:39:01.731  1105  1105 W DockObserver: This kernel does not have dock station support
09-30 09:39:01.733  1105  1105 I SystemServer: StartWiredAccessoryManager
09-30 09:39:01.735  1105  1105 W WiredAccessoryManager: This kernel does not have usb audio support
09-30 09:39:01.735  1105  1105 W WiredAccessoryManager: This kernel does not have HDMI audio support
09-30 09:39:01.735  1105  1105 I SystemServer: StartMidiManager
09-30 09:39:01.736  1105  1105 I SystemServiceManager: Starting com.android.server.midi.MidiService$Lifecycle
09-30 09:39:01.737  1105  1105 I SystemServer: StartUsbService
09-30 09:39:01.738  1105  1105 I SystemServiceManager: Starting com.android.server.usb.UsbService$Lifecycle
09-30 09:39:01.740  1105  1105 E UsbDeviceManager: failed to write to /sys/class/android_usb/android0/f_rndis/ethaddr
09-30 09:39:01.742  1105  1105 I UsbDeviceManager: USB GADGET HAL not present in the device
09-30 09:39:01.742  1105  1105 I UsbDeviceManager: java.util.NoSuchElementException
09-30 09:39:01.742  1105  1105 I UsbDeviceManager: 	at android.os.HwBinder.getService(Native Method)
09-30 09:39:01.742  1105  1105 I UsbDeviceManager: 	at android.hardware.usb.gadget.V1_0.IUsbGadget.getService(IUsbGadget.java:40)
09-30 09:39:01.742  1105  1105 I UsbDeviceManager: 	at android.hardware.usb.gadget.V1_0.IUsbGadget.getService(IUsbGadget.java:44)
09-30 09:39:01.742  1105  1105 I UsbDeviceManager: 	at com.android.server.usb.UsbDeviceManager.<init>(UsbDeviceManager.java:267)
09-30 09:39:01.742  1105  1105 I UsbDeviceManager: 	at com.android.server.usb.UsbService.<init>(UsbService.java:139)
09-30 09:39:01.742  1105  1105 I UsbDeviceManager: 	at com.android.server.usb.UsbService$Lifecycle.onStart(UsbService.java:73)
09-30 09:39:01.742  1105  1105 I UsbDeviceManager: 	at com.android.server.SystemServiceManager.startService(SystemServiceManager.java:126)
09-30 09:39:01.742  1105  1105 I UsbDeviceManager: 	at com.android.server.SystemServiceManager.startService(SystemServiceManager.java:113)
09-30 09:39:01.742  1105  1105 I UsbDeviceManager: 	at com.android.server.SystemServiceManager.startService(SystemServiceManager.java:72)
09-30 09:39:01.742  1105  1105 I UsbDeviceManager: 	at com.android.server.SystemServer.startOtherServices(SystemServer.java:1378)
09-30 09:39:01.742  1105  1105 I UsbDeviceManager: 	at com.android.server.SystemServer.run(SystemServer.java:455)
09-30 09:39:01.742  1105  1105 I UsbDeviceManager: 	at com.android.server.SystemServer.main(SystemServer.java:310)
09-30 09:39:01.742  1105  1105 I UsbDeviceManager: 	at java.lang.reflect.Method.invoke(Native Method)
09-30 09:39:01.742  1105  1105 I UsbDeviceManager: 	at com.android.internal.os.RuntimeInit$MethodAndArgsCaller.run(RuntimeInit.java:547)
09-30 09:39:01.742  1105  1105 I UsbDeviceManager: 	at com.android.internal.os.ZygoteInit.main(ZygoteInit.java:902)
09-30 09:39:01.742  1105  1105 E UsbDeviceManager: Failed to open control for mtp
09-30 09:39:01.743  1105  1105 E UsbDeviceManager: Failed to open control for mtp
09-30 09:39:01.775  1105  1198 I UsbPortManager: Usb hal service started android.hardware.usb@1.0::IUsb default
09-30 09:39:01.780  1105  1105 I SystemServer: StartSerialService
09-30 09:39:01.781  1105  1105 I SystemServer: StartHardwarePropertiesManagerService
09-30 09:39:01.784  1105  1105 I SystemServer: StartTwilightService
09-30 09:39:01.784  1105  1105 I SystemServiceManager: Starting com.android.server.twilight.TwilightService
09-30 09:39:01.784  1105  1105 I SystemServer: StartNightDisplay
09-30 09:39:01.784  1105  1105 I SystemServiceManager: Starting com.android.server.display.ColorDisplayService
09-30 09:39:01.785  1105  1105 I SystemServer: StartJobScheduler
09-30 09:39:01.785  1105  1105 I SystemServiceManager: Starting com.android.server.job.JobSchedulerService
09-30 09:39:01.800  1105  1105 D JobStore: Start tag: job-info
09-30 09:39:01.812  1105  1105 I JobStore: Read 99 jobs
09-30 09:39:01.820  1105  1105 I SystemServer: StartSoundTrigger
09-30 09:39:01.820  1105  1105 I SystemServiceManager: Starting com.android.server.soundtrigger.SoundTriggerService
09-30 09:39:01.821  1105  1105 I SystemServer: StartTrustManager
09-30 09:39:01.822  1105  1105 I SystemServiceManager: Starting com.android.server.trust.TrustManagerService
09-30 09:39:01.886  1105  1105 I WakePathChecker: updateLauncherPackageNames =com.miui.home
09-30 09:39:01.886  1105  1105 I WakePathChecker: updateLauncherPackageNames =com.android.settings
09-30 09:39:01.895  1105  1237 W MiuiCompatModePackages: Error reading compat-packages
09-30 09:39:01.895  1105  1237 W MiuiCompatModePackages: java.io.FileNotFoundException: /data/system/cutout-mode.xml (No such file or directory)
09-30 09:39:01.895  1105  1237 W MiuiCompatModePackages: 	at java.io.FileInputStream.open0(Native Method)
09-30 09:39:01.895  1105  1237 W MiuiCompatModePackages: 	at java.io.FileInputStream.open(FileInputStream.java:231)
09-30 09:39:01.895  1105  1237 W MiuiCompatModePackages: 	at java.io.FileInputStream.<init>(FileInputStream.java:165)
09-30 09:39:01.895  1105  1237 W MiuiCompatModePackages: 	at android.util.AtomicFile.openRead(AtomicFile.java:229)
09-30 09:39:01.895  1105  1237 W MiuiCompatModePackages: 	at com.miui.server.MiuiCompatModePackages.readCutoutModeConfig(MiuiCompatModePackages.java:320)
09-30 09:39:01.895  1105  1237 W MiuiCompatModePackages: 	at com.miui.server.MiuiCompatModePackages.access$000(MiuiCompatModePackages.java:60)
09-30 09:39:01.895  1105  1237 W MiuiCompatModePackages: 	at com.miui.server.MiuiCompatModePackages$CompatHandler.handleMessage(MiuiCompatModePackages.java:125)
09-30 09:39:01.895  1105  1237 W MiuiCompatModePackages: 	at android.os.Handler.dispatchMessage(Handler.java:106)
09-30 09:39:01.895  1105  1237 W MiuiCompatModePackages: 	at android.os.Looper.loop(Looper.java:201)
09-30 09:39:01.895  1105  1237 W MiuiCompatModePackages: 	at android.os.HandlerThread.run(HandlerThread.java:65)
09-30 09:39:01.895  1105  1237 W MiuiCompatModePackages: 	at com.android.server.ServiceThread.run(ServiceThread.java:44)
09-30 09:39:01.895  1105  1237 W MiuiCompatModePackages: Error reading compat-packages
09-30 09:39:01.895  1105  1237 W MiuiCompatModePackages: java.io.FileNotFoundException: /data/system/miui-specail-mode-v2.xml (No such file or directory)
09-30 09:39:01.895  1105  1237 W MiuiCompatModePackages: 	at java.io.FileInputStream.open0(Native Method)
09-30 09:39:01.895  1105  1237 W MiuiCompatModePackages: 	at java.io.FileInputStream.open(FileInputStream.java:231)
09-30 09:39:01.895  1105  1237 W MiuiCompatModePackages: 	at java.io.FileInputStream.<init>(FileInputStream.java:165)
09-30 09:39:01.895  1105  1237 W MiuiCompatModePackages: 	at android.util.AtomicFile.openRead(AtomicFile.java:229)
09-30 09:39:01.895  1105  1237 W MiuiCompatModePackages: 	at com.miui.server.MiuiCompatModePackages.readSpecialModeConfig(MiuiCompatModePackages.java:263)
09-30 09:39:01.895  1105  1237 W MiuiCompatModePackages: 	at com.miui.server.MiuiCompatModePackages.access$100(MiuiCompatModePackages.java:60)
09-30 09:39:01.895  1105  1237 W MiuiCompatModePackages: 	at com.miui.server.MiuiCompatModePackages$CompatHandler.handleMessage(MiuiCompatModePackages.java:126)
09-30 09:39:01.895  1105  1237 W MiuiCompatModePackages: 	at android.os.Handler.dispatchMessage(Handler.java:106)
09-30 09:39:01.895  1105  1237 W MiuiCompatModePackages: 	at android.os.Looper.loop(Looper.java:201)
09-30 09:39:01.895  1105  1237 W MiuiCompatModePackages: 	at android.os.HandlerThread.run(HandlerThread.java:65)
09-30 09:39:01.895  1105  1237 W MiuiCompatModePackages: 	at com.android.server.ServiceThread.run(ServiceThread.java:44)
09-30 09:39:01.903  1105  1105 D WMServiceConnection: schedule bind in 60000ms
09-30 09:39:01.916  1105  1105 E whetstone.activity: could not find removeTask
09-30 09:39:01.917  1105  1105 E whetstone.activity: could not find removeTaskByIdLocked
09-30 09:39:01.922  1105  1105 I SystemServiceManager: Starting com.android.server.display.ScreenEffectService
09-30 09:39:01.925  1105  1105 I SystemServer: StartBackupManager
09-30 09:39:01.926  1105  1105 I SystemServiceManager: Starting com.android.server.backup.BackupManagerService$Lifecycle
09-30 09:39:01.929  1105  1105 I SystemServer: StartAppWidgerService
09-30 09:39:01.929  1105  1105 I SystemServiceManager: Starting com.android.server.appwidget.AppWidgetService
09-30 09:39:01.933  1105  1105 I SystemServer: StartVoiceRecognitionManager
09-30 09:39:01.934  1105  1105 I SystemServiceManager: Starting com.android.server.voiceinteraction.VoiceInteractionManagerService
09-30 09:39:01.937  1105  1105 I SystemServer: StartSensorNotification
09-30 09:39:01.938  1105  1105 I SystemServiceManager: Starting com.android.server.SensorNotificationService
09-30 09:39:01.938  1105  1105 I SystemServer: StartContextHubSystemService
09-30 09:39:01.938  1105  1105 I SystemServiceManager: Starting com.android.server.ContextHubSystemService
09-30 09:39:01.938  1105  1105 I SystemServer: StartDiskStatsService
09-30 09:39:01.941  1105  1105 I SystemServer: StartNetworkTimeUpdateService
09-30 09:39:01.944  1105  1105 I SystemServer: StartCommonTimeManagementService
09-30 09:39:01.946  1105  1105 I SystemServer: CertBlacklister
09-30 09:39:01.947  1105  1105 I SystemServer: StartEmergencyAffordanceService
09-30 09:39:01.947  1105  1105 I SystemServiceManager: Starting com.android.server.emergency.EmergencyAffordanceService
09-30 09:39:01.948  1105  1105 I SystemServer: StartDreamManager
